******************************************************************************
                  TMS470 Linker PC v4.6.3                      
******************************************************************************
>> Linked Fri Sep 17 12:59:54 2010

OUTPUT FILE NAME:   <RASdemo.out>
ENTRY POINT SYMBOL: "_c_int00"  address: 00001085


MEMORY CONFIGURATION

         name            origin    length      used     unused   attr    fill
----------------------  --------  ---------  --------  --------  ----  --------
  FLASH                 00000000   00010000  00001265  0000ed9b  R  X
  SRAM                  20000000   00002000  0000017c  00001e84  RW X


SEGMENT ALLOCATION MAP

run origin  load origin   length   init length attrs members
----------  ----------- ---------- ----------- ----- -------
00000000    00000000    00001268   00001268    r-x
  00000000    00000000    00001114   00001114    r-x .text
  00001114    00001114    00000101   00000101    r-- .const
  00001218    00001218    00000050   00000050    r-- .cinit
20000000    20000000    00000150   00000000    rw-
  20000000    20000000    00000100   00000000    rw- .stack
  20000100    20000100    00000050   00000000    rw- .bss
20000150    20000150    0000002c   0000002c    rw-
  20000150    20000150    0000002c   0000002c    rw- .data


SECTION ALLOCATION MAP

 output                                  attributes/
section   page    origin      length       input sections
--------  ----  ----------  ----------   ----------------
.text      0    00000000    00001114     
                  00000000    000002c8     RASDemo.obj (.text:lsDemo)
                  000002c8    0000020c     RASDemo.obj (.text:main)
                  000004d4    000001d8     RASDemo.obj (.text:encDemo)
                  000006ac    00000148     RASDemo.obj (.text:adcDemo)
                  000007f4    0000012c     RASDemo.obj (.text:motorDemo)
                  00000920    00000127     RASDemo.obj (.text:lsMenu)
                  00000a47    00000001     --HOLE-- [fill = 0]
                  00000a48    000000d3     RASDemo.obj (.text:encMenu)
                  00000b1b    00000001     --HOLE-- [fill = 0]
                  00000b1c    000000bc     RASDemo.obj (.text:servoDemo)
                  00000bd8    0000009f     RASDemo.obj (.text:adcMenu)
                  00000c77    00000001     --HOLE-- [fill = 0]
                  00000c78    0000009c     rtsv7M3_T_le_eabi.lib : memcpy_t2.obj (.text)
                  00000d14    00000094                           : auto_init.obj (.text)
                  00000da8    0000007f     RASDemo.obj (.text:motorMenu)
                  00000e27    00000001     --HOLE-- [fill = 0]
                  00000e28    00000078     rtsv7M3_T_le_eabi.lib : memset_t2.obj (.text)
                  00000ea0    0000006b     RASDemo.obj (.text:mainMenu)
                  00000f0b    00000001     --HOLE-- [fill = 0]
                  00000f0c    00000050     rtsv7M3_T_le_eabi.lib : atoi.obj (.text)
                  00000f5c    0000004f     RASDemo.obj (.text:servoMenu)
                  00000fab    00000001     --HOLE-- [fill = 0]
                  00000fac    0000004c     rtsv7M3_T_le_eabi.lib : cpy_tbl.obj (.text)
                  00000ff8    00000048                           : copy_decompress_rle.obj (.text:decompress:rle)
                  00001040    00000044                           : exit.obj (.text)
                  00001084    00000034                           : boot.obj (.text)
                  000010b8    00000020                           : args_main.obj (.text)
                  000010d8    00000018                           : _lock.obj (.text)
                  000010f0    00000012                           : copy_decompress_none.obj (.text:decompress:none)
                  00001102    00000010                           : copy_zero_init.obj (.text:decompress:ZI)
                  00001112    00000002                           : tdeh_init.obj (.text)

.const     0    00001114    00000101     
                  00001114    00000101     rtsv7M3_T_le_eabi.lib : ctype.obj (.const:_ctypes_)

.cinit     0    00001218    00000050     
                  00001218    00000027     (.cinit..data.load) [load image, compression = rle]
                  0000123f    00000001     --HOLE-- [fill = 0]
                  00001240    0000000c     (__TI_handler_table)
                  0000124c    00000004     --HOLE-- [fill = 0]
                  00001250    00000008     (.cinit..bss.load) [load image, compression = zero_init]
                  00001258    00000010     (__TI_cinit_table)

.stack     0    20000000    00000100     UNINITIALIZED
                  20000000    00000100     --HOLE--

.bss       0    20000100    00000050     UNINITIALIZED
                  20000100    00000050     RASDemo.obj (.bss:buffer)

.data      0    20000150    0000002c     
                  20000150    00000018     RASDemo.obj (.data)
                  20000168    00000008     rtsv7M3_T_le_eabi.lib : _lock.obj (.data)
                  20000170    00000008                           : exit.obj (.data)
                  20000178    00000004                           : stkdepth_vars.obj (.data)


LINKER GENERATED COPY TABLES

__TI_cinit_table @ 00001258 records: 2, size/record: 8, table size: 16
	.data: load addr=00001218, load size=00000027 bytes, run addr=20000150, run size=0000002c bytes, compression=rle
	.bss: load addr=00001250, load size=00000008 bytes, run addr=20000100, run size=00000050 bytes, compression=zero_init


LINKER GENERATED HANDLER TABLE

__TI_handler_table @ 00001240 records: 3, size/record: 4, table size: 12
	index: 0, handler: __TI_decompress_rle
	index: 1, handler: __TI_decompress_none
	index: 2, handler: __TI_zero_init


GLOBAL SYMBOLS: SORTED ALPHABETICALLY BY Name 

address    name
--------   ----
UNDEFED    ADCIntStatus
UNDEFED    ADCProcessorTrigger
UNDEFED    ADCSequenceConfigure
UNDEFED    ADCSequenceDataGet
UNDEFED    ADCSequenceEnable
UNDEFED    ADCSequenceStepConfigure
00001041   C$$EXIT
UNDEFED    GPIOPinTypeUART
UNDEFED    GetEncoderCount
UNDEFED    GetEncoderCounts
UNDEFED    InitializeEncoders
UNDEFED    InitializeLineSensorAsync
UNDEFED    InitializeMCU
UNDEFED    InitializeMotors
UNDEFED    InitializeServos
UNDEFED    LockoutProtection
UNDEFED    PresetEncoderCounts
UNDEFED    ReadLineSensor
UNDEFED    ReadLineSensorAsync
UNDEFED    SetDischargeTime
UNDEFED    SetMotorPowers
UNDEFED    SetServoPosition
UNDEFED    SysCtlPeripheralEnable
UNDEFED    UARTCharsAvail
UNDEFED    UARTStdioInit
UNDEFED    UARTgetc
UNDEFED    UARTgets
UNDEFED    UARTprintf
UNDEFED    UARTputc
UNDEFED    Wait
20000100   __STACK_END
00000100   __STACK_SIZE
20000100   __STACK_TOP
00001258   __TI_CINIT_Base
00001268   __TI_CINIT_Limit
00001240   __TI_Handler_Table_Base
0000124c   __TI_Handler_Table_Limit
00000001   __TI_args_main
00000d15   __TI_auto_init
000010f1   __TI_decompress_none
00000ff9   __TI_decompress_rle
00000000   __TI_static_base__
00001103   __TI_zero_init
00000e29   __aeabi_memclr
00000e29   __aeabi_memclr4
00000e29   __aeabi_memclr8
00000c79   __aeabi_memcpy
00000c79   __aeabi_memcpy4
00000c79   __aeabi_memcpy8
00000e2b   __aeabi_memset
00000e2b   __aeabi_memset4
00000e2b   __aeabi_memset8
ffffffff   __binit__
ffffffff   __c_args__
20000000   __stack
00001113   __tdeh_init
000010b9   _args_main
00001085   _c_int00
20000170   _cleanup_ptr
00001114   _ctypes_
20000174   _dtors_ptr
20000168   _lock
000010e5   _nop
000010df   _register_lock
000010d9   _register_unlock
2000016c   _unlock
00001045   abort
000006ad   adcDemo
00000bd9   adcMenu
20000154   adc_state
00000f0d   atoi
ffffffff   binit
20000100   buffer
00000fad   copy_in
000004d5   encDemo
00000a49   encMenu
20000155   encoder_state
0000104d   exit
00000001   lsDemo
00000921   lsMenu
20000153   ls_state
000002c9   main
00000ea1   mainMenu
20000178   main_func_sp
20000150   main_state
00000c79   memcpy
00000e31   memset
000007f5   motorDemo
00000da9   motorMenu
20000151   motor_state
00000b1d   servoDemo
00000f5d   servoMenu
20000152   servo_state


GLOBAL SYMBOLS: SORTED BY Symbol Address 

address    name
--------   ----
00000000   __TI_static_base__
00000001   __TI_args_main
00000001   lsDemo
00000100   __STACK_SIZE
000002c9   main
000004d5   encDemo
000006ad   adcDemo
000007f5   motorDemo
00000921   lsMenu
00000a49   encMenu
00000b1d   servoDemo
00000bd9   adcMenu
00000c79   __aeabi_memcpy
00000c79   __aeabi_memcpy4
00000c79   __aeabi_memcpy8
00000c79   memcpy
00000d15   __TI_auto_init
00000da9   motorMenu
00000e29   __aeabi_memclr
00000e29   __aeabi_memclr4
00000e29   __aeabi_memclr8
00000e2b   __aeabi_memset
00000e2b   __aeabi_memset4
00000e2b   __aeabi_memset8
00000e31   memset
00000ea1   mainMenu
00000f0d   atoi
00000f5d   servoMenu
00000fad   copy_in
00000ff9   __TI_decompress_rle
00001041   C$$EXIT
00001045   abort
0000104d   exit
00001085   _c_int00
000010b9   _args_main
000010d9   _register_unlock
000010df   _register_lock
000010e5   _nop
000010f1   __TI_decompress_none
00001103   __TI_zero_init
00001113   __tdeh_init
00001114   _ctypes_
00001240   __TI_Handler_Table_Base
0000124c   __TI_Handler_Table_Limit
00001258   __TI_CINIT_Base
00001268   __TI_CINIT_Limit
20000000   __stack
20000100   __STACK_END
20000100   __STACK_TOP
20000100   buffer
20000150   main_state
20000151   motor_state
20000152   servo_state
20000153   ls_state
20000154   adc_state
20000155   encoder_state
20000168   _lock
2000016c   _unlock
20000170   _cleanup_ptr
20000174   _dtors_ptr
20000178   main_func_sp
ffffffff   __binit__
ffffffff   __c_args__
ffffffff   binit
UNDEFED    ADCIntStatus
UNDEFED    ADCProcessorTrigger
UNDEFED    ADCSequenceConfigure
UNDEFED    ADCSequenceDataGet
UNDEFED    ADCSequenceEnable
UNDEFED    ADCSequenceStepConfigure
UNDEFED    GPIOPinTypeUART
UNDEFED    GetEncoderCount
UNDEFED    GetEncoderCounts
UNDEFED    InitializeEncoders
UNDEFED    InitializeLineSensorAsync
UNDEFED    InitializeMCU
UNDEFED    InitializeMotors
UNDEFED    InitializeServos
UNDEFED    LockoutProtection
UNDEFED    PresetEncoderCounts
UNDEFED    ReadLineSensor
UNDEFED    ReadLineSensorAsync
UNDEFED    SetDischargeTime
UNDEFED    SetMotorPowers
UNDEFED    SetServoPosition
UNDEFED    SysCtlPeripheralEnable
UNDEFED    UARTCharsAvail
UNDEFED    UARTStdioInit
UNDEFED    UARTgetc
UNDEFED    UARTgets
UNDEFED    UARTprintf
UNDEFED    UARTputc
UNDEFED    Wait

[145 symbols]
