ARM Linker, 4.1 [Build 481] [Standard]

==============================================================================

Section Cross References

    travel.o(.text) refers to motor.o(i.InitializeMotors) for InitializeMotors
    travel.o(.text) refers to travel.o(.data) for values
    regionv2012.o(.text) refers to init.o(i.LockoutProtection) for LockoutProtection
    regionv2012.o(.text) refers to init.o(i.InitializeMCU) for InitializeMCU
    regionv2012.o(.text) refers to sysctl.o(i.SysCtlPeripheralEnable) for SysCtlPeripheralEnable
    regionv2012.o(.text) refers to gpio.o(i.GPIOPinTypeUART) for GPIOPinTypeUART
    regionv2012.o(.text) refers to uartstdio.o(.text) for UARTStdioInit
    regionv2012.o(.text) refers to travel.o(.text) for travelInit
    startup.o(RESET) refers to startup.o(STACK) for StackMem
    startup.o(RESET) refers to entry.o(.ARM.Collect$$$$00000000) for __main
    uartstdio.o(.text) refers to sysctl.o(i.SysCtlPeripheralPresent) for SysCtlPeripheralPresent
    uartstdio.o(.text) refers to sysctl.o(i.SysCtlPeripheralEnable) for SysCtlPeripheralEnable
    uartstdio.o(.text) refers to sysctl.o(i.SysCtlClockGet) for SysCtlClockGet
    uartstdio.o(.text) refers to uart.o(i.UARTConfigSetExpClk) for UARTConfigSetExpClk
    uartstdio.o(.text) refers to uart.o(i.UARTEnable) for UARTEnable
    uartstdio.o(.text) refers to uart.o(i.UARTCharPut) for UARTCharPut
    uartstdio.o(.text) refers to uart.o(i.UARTCharGet) for UARTCharGet
    uartstdio.o(.text) refers to uartstdio.o(.constdata) for g_ulUARTPeriph
    uartstdio.o(.text) refers to uartstdio.o(.data) for g_ulBase
    uartstdio.o(.constdata) refers to uartstdio.o(.conststring) for .conststring
    init.o(i.InitializeMCU) refers to sysctl.o(i.SysCtlClockSet) for SysCtlClockSet
    init.o(i.InitializeMCU) refers to sysctl.o(i.SysCtlPWMClockSet) for SysCtlPWMClockSet
    init.o(i.InitializeMCU) refers to sysctl.o(i.SysCtlClockGet) for SysCtlClockGet
    init.o(i.InitializeMCU) refers to interrupt.o(i.IntMasterEnable) for IntMasterEnable
    init.o(i.InitializeMCU) refers to init.o(.data) for .data
    init.o(i.LockoutProtection) refers to sysctl.o(i.SysCtlPeripheralEnable) for SysCtlPeripheralEnable
    init.o(i.LockoutProtection) refers to gpio.o(i.GPIOPinTypeGPIOInput) for GPIOPinTypeGPIOInput
    init.o(i.LockoutProtection) refers to gpio.o(i.GPIOPinRead) for GPIOPinRead
    motor.o(i.InitializeMotors) refers to sysctl.o(i.SysCtlPeripheralEnable) for SysCtlPeripheralEnable
    motor.o(i.InitializeMotors) refers to gpio.o(i.GPIOPinTypePWM) for GPIOPinTypePWM
    motor.o(i.InitializeMotors) refers to gpio.o(i.GPIOPinTypeGPIOOutput) for GPIOPinTypeGPIOOutput
    motor.o(i.InitializeMotors) refers to pwm.o(i.PWMGenConfigure) for PWMGenConfigure
    motor.o(i.InitializeMotors) refers to pwm.o(i.PWMGenPeriodSet) for PWMGenPeriodSet
    motor.o(i.InitializeMotors) refers to pwm.o(i.PWMOutputInvert) for PWMOutputInvert
    motor.o(i.InitializeMotors) refers to pwm.o(i.PWMOutputState) for PWMOutputState
    motor.o(i.InitializeMotors) refers to pwm.o(i.PWMGenEnable) for PWMGenEnable
    motor.o(i.InitializeMotors) refers to pwm.o(i.PWMPulseWidthSet) for PWMPulseWidthSet
    motor.o(i.InitializeMotors) refers to gpio.o(i.GPIOPinWrite) for GPIOPinWrite
    motor.o(i.InitializeMotors) refers to motor.o(.data) for .data
    motor.o(i.SetMotorPower) refers to pwm.o(i.PWMPulseWidthSet) for PWMPulseWidthSet
    motor.o(i.SetMotorPowers) refers to pwm.o(i.PWMPulseWidthSet) for PWMPulseWidthSet
    gpio.o(i.GPIOPinConfigure) refers to gpio.o(.constdata) for .constdata
    gpio.o(i.GPIOPinTypeADC) refers to gpio.o(i.GPIODirModeSet) for GPIODirModeSet
    gpio.o(i.GPIOPinTypeADC) refers to gpio.o(i.GPIOPadConfigSet) for GPIOPadConfigSet
    gpio.o(i.GPIOPinTypeCAN) refers to gpio.o(i.GPIODirModeSet) for GPIODirModeSet
    gpio.o(i.GPIOPinTypeCAN) refers to gpio.o(i.GPIOPadConfigSet) for GPIOPadConfigSet
    gpio.o(i.GPIOPinTypeComparator) refers to gpio.o(i.GPIODirModeSet) for GPIODirModeSet
    gpio.o(i.GPIOPinTypeComparator) refers to gpio.o(i.GPIOPadConfigSet) for GPIOPadConfigSet
    gpio.o(i.GPIOPinTypeEPI) refers to gpio.o(i.GPIODirModeSet) for GPIODirModeSet
    gpio.o(i.GPIOPinTypeEPI) refers to gpio.o(i.GPIOPadConfigSet) for GPIOPadConfigSet
    gpio.o(i.GPIOPinTypeEthernetLED) refers to gpio.o(i.GPIODirModeSet) for GPIODirModeSet
    gpio.o(i.GPIOPinTypeEthernetLED) refers to gpio.o(i.GPIOPadConfigSet) for GPIOPadConfigSet
    gpio.o(i.GPIOPinTypeGPIOInput) refers to gpio.o(i.GPIODirModeSet) for GPIODirModeSet
    gpio.o(i.GPIOPinTypeGPIOInput) refers to gpio.o(i.GPIOPadConfigSet) for GPIOPadConfigSet
    gpio.o(i.GPIOPinTypeGPIOOutput) refers to gpio.o(i.GPIODirModeSet) for GPIODirModeSet
    gpio.o(i.GPIOPinTypeGPIOOutput) refers to gpio.o(i.GPIOPadConfigSet) for GPIOPadConfigSet
    gpio.o(i.GPIOPinTypeGPIOOutputOD) refers to gpio.o(i.GPIODirModeSet) for GPIODirModeSet
    gpio.o(i.GPIOPinTypeGPIOOutputOD) refers to gpio.o(i.GPIOPadConfigSet) for GPIOPadConfigSet
    gpio.o(i.GPIOPinTypeI2C) refers to gpio.o(i.GPIODirModeSet) for GPIODirModeSet
    gpio.o(i.GPIOPinTypeI2C) refers to gpio.o(i.GPIOPadConfigSet) for GPIOPadConfigSet
    gpio.o(i.GPIOPinTypeI2S) refers to gpio.o(i.GPIODirModeSet) for GPIODirModeSet
    gpio.o(i.GPIOPinTypeI2S) refers to gpio.o(i.GPIOPadConfigSet) for GPIOPadConfigSet
    gpio.o(i.GPIOPinTypePWM) refers to gpio.o(i.GPIODirModeSet) for GPIODirModeSet
    gpio.o(i.GPIOPinTypePWM) refers to gpio.o(i.GPIOPadConfigSet) for GPIOPadConfigSet
    gpio.o(i.GPIOPinTypeQEI) refers to gpio.o(i.GPIODirModeSet) for GPIODirModeSet
    gpio.o(i.GPIOPinTypeQEI) refers to gpio.o(i.GPIOPadConfigSet) for GPIOPadConfigSet
    gpio.o(i.GPIOPinTypeSSI) refers to gpio.o(i.GPIODirModeSet) for GPIODirModeSet
    gpio.o(i.GPIOPinTypeSSI) refers to gpio.o(i.GPIOPadConfigSet) for GPIOPadConfigSet
    gpio.o(i.GPIOPinTypeTimer) refers to gpio.o(i.GPIODirModeSet) for GPIODirModeSet
    gpio.o(i.GPIOPinTypeTimer) refers to gpio.o(i.GPIOPadConfigSet) for GPIOPadConfigSet
    gpio.o(i.GPIOPinTypeUART) refers to gpio.o(i.GPIODirModeSet) for GPIODirModeSet
    gpio.o(i.GPIOPinTypeUART) refers to gpio.o(i.GPIOPadConfigSet) for GPIOPadConfigSet
    gpio.o(i.GPIOPinTypeUSBAnalog) refers to gpio.o(i.GPIODirModeSet) for GPIODirModeSet
    gpio.o(i.GPIOPinTypeUSBAnalog) refers to gpio.o(i.GPIOPadConfigSet) for GPIOPadConfigSet
    gpio.o(i.GPIOPinTypeUSBDigital) refers to gpio.o(i.GPIODirModeSet) for GPIODirModeSet
    gpio.o(i.GPIOPinTypeUSBDigital) refers to gpio.o(i.GPIOPadConfigSet) for GPIOPadConfigSet
    gpio.o(i.GPIOPortIntRegister) refers to gpio.o(i.GPIOGetIntNumber) for GPIOGetIntNumber
    gpio.o(i.GPIOPortIntRegister) refers to interrupt.o(i.IntRegister) for IntRegister
    gpio.o(i.GPIOPortIntRegister) refers to interrupt.o(i.IntEnable) for IntEnable
    gpio.o(i.GPIOPortIntUnregister) refers to gpio.o(i.GPIOGetIntNumber) for GPIOGetIntNumber
    gpio.o(i.GPIOPortIntUnregister) refers to interrupt.o(i.IntDisable) for IntDisable
    gpio.o(i.GPIOPortIntUnregister) refers to interrupt.o(i.IntUnregister) for IntUnregister
    sysctl.o(i.SysCtlClockGet) refers to sysctl.o(.constdata) for .constdata
    sysctl.o(i.SysCtlClockSet) refers to sysctl.o(.emb_text) for SysCtlDelay
    sysctl.o(i.SysCtlDeepSleep) refers to cpu.o(.emb_text) for CPUwfi
    sysctl.o(i.SysCtlI2SMClkSet) refers to sysctl.o(.constdata) for .constdata
    sysctl.o(i.SysCtlIntRegister) refers to interrupt.o(i.IntRegister) for IntRegister
    sysctl.o(i.SysCtlIntRegister) refers to interrupt.o(i.IntEnable) for IntEnable
    sysctl.o(i.SysCtlIntUnregister) refers to interrupt.o(i.IntDisable) for IntDisable
    sysctl.o(i.SysCtlIntUnregister) refers to interrupt.o(i.IntUnregister) for IntUnregister
    sysctl.o(i.SysCtlPeripheralDeepSleepDisable) refers to sysctl.o(.constdata) for .constdata
    sysctl.o(i.SysCtlPeripheralDeepSleepEnable) refers to sysctl.o(.constdata) for .constdata
    sysctl.o(i.SysCtlPeripheralDisable) refers to sysctl.o(.constdata) for .constdata
    sysctl.o(i.SysCtlPeripheralEnable) refers to sysctl.o(.constdata) for .constdata
    sysctl.o(i.SysCtlPeripheralPresent) refers to sysctl.o(.constdata) for .constdata
    sysctl.o(i.SysCtlPeripheralReset) refers to sysctl.o(.constdata) for .constdata
    sysctl.o(i.SysCtlPeripheralSleepDisable) refers to sysctl.o(.constdata) for .constdata
    sysctl.o(i.SysCtlPeripheralSleepEnable) refers to sysctl.o(.constdata) for .constdata
    sysctl.o(i.SysCtlSleep) refers to cpu.o(.emb_text) for CPUwfi
    uart.o(i.UARTIntRegister) refers to interrupt.o(i.IntRegister) for IntRegister
    uart.o(i.UARTIntRegister) refers to interrupt.o(i.IntEnable) for IntEnable
    uart.o(i.UARTIntUnregister) refers to interrupt.o(i.IntDisable) for IntDisable
    uart.o(i.UARTIntUnregister) refers to interrupt.o(i.IntUnregister) for IntUnregister
    interrupt.o(i.IntMasterDisable) refers to cpu.o(.emb_text) for CPUcpsid
    interrupt.o(i.IntMasterEnable) refers to cpu.o(.emb_text) for CPUcpsie
    interrupt.o(i.IntPriorityGet) refers to interrupt.o(.constdata) for .constdata
    interrupt.o(i.IntPriorityGroupingGet) refers to interrupt.o(.constdata) for .constdata
    interrupt.o(i.IntPriorityGroupingSet) refers to interrupt.o(.constdata) for .constdata
    interrupt.o(i.IntPrioritySet) refers to interrupt.o(.constdata) for .constdata
    interrupt.o(i.IntRegister) refers to interrupt.o(vtable) for vtable
    interrupt.o(i.IntUnregister) refers to interrupt.o(i.IntDefaultHandler) for IntDefaultHandler
    interrupt.o(i.IntUnregister) refers to interrupt.o(vtable) for vtable
    pwm.o(i.PWMFaultIntRegister) refers to interrupt.o(i.IntRegister) for IntRegister
    pwm.o(i.PWMFaultIntRegister) refers to interrupt.o(i.IntEnable) for IntEnable
    pwm.o(i.PWMFaultIntUnregister) refers to interrupt.o(i.IntDisable) for IntDisable
    pwm.o(i.PWMFaultIntUnregister) refers to interrupt.o(i.IntUnregister) for IntUnregister
    pwm.o(i.PWMGenIntRegister) refers to interrupt.o(i.IntRegister) for IntRegister
    pwm.o(i.PWMGenIntRegister) refers to interrupt.o(i.IntEnable) for IntEnable
    pwm.o(i.PWMGenIntUnregister) refers to interrupt.o(i.IntDisable) for IntDisable
    pwm.o(i.PWMGenIntUnregister) refers to interrupt.o(i.IntUnregister) for IntUnregister
    entry.o(.ARM.Collect$$$$00000000) refers (Special) to entry7.o(.ARM.Collect$$$$00000007) for _main_init
    entry.o(.ARM.Collect$$$$00000000) refers (Special) to entry5.o(.ARM.Collect$$$$00000004) for _main_scatterload
    entry.o(.ARM.Collect$$$$00000000) refers (Special) to entry2.o(.ARM.Collect$$$$00000001) for _main_stk
    entry2.o(.ARM.Collect$$$$00000001) refers to entry2.o(.ARM.Collect$$$$00002712) for __lit__00000000
    entry2.o(.ARM.Collect$$$$00002712) refers to startup.o(STACK) for __initial_sp
    entry2.o(__vectab_stack_and_reset_area) refers to startup.o(STACK) for __initial_sp
    entry2.o(__vectab_stack_and_reset_area) refers to entry.o(.ARM.Collect$$$$00000000) for __main
    entry5.o(.ARM.Collect$$$$00000004) refers to init.o(.text) for __scatterload
    entry7.o(.ARM.Collect$$$$00000007) refers to regionv2012.o(.text) for main
    init.o(.text) refers to entry5.o(.ARM.Collect$$$$00000004) for __main_after_scatterload


==============================================================================

Removing Unused input sections from the image.

    Removing charging.o(.text), (4 bytes).
    Removing startup.o(HEAP), (0 bytes).
    Removing startup.o(.text), (0 bytes).
    Removing motor.o(i.SetMotorPower), (24 bytes).
    Removing motor.o(i.SetMotorPowers), (56 bytes).
    Removing gpio.o(i.GPIODirModeGet), (34 bytes).
    Removing gpio.o(i.GPIOGetIntNumber), (156 bytes).
    Removing gpio.o(i.GPIOIntTypeGet), (48 bytes).
    Removing gpio.o(i.GPIOIntTypeSet), (58 bytes).
    Removing gpio.o(i.GPIOPadConfigGet), (140 bytes).
    Removing gpio.o(i.GPIOPinConfigure), (72 bytes).
    Removing gpio.o(i.GPIOPinIntClear), (6 bytes).
    Removing gpio.o(i.GPIOPinIntDisable), (14 bytes).
    Removing gpio.o(i.GPIOPinIntEnable), (12 bytes).
    Removing gpio.o(i.GPIOPinIntStatus), (14 bytes).
    Removing gpio.o(i.GPIOPinTypeADC), (28 bytes).
    Removing gpio.o(i.GPIOPinTypeCAN), (28 bytes).
    Removing gpio.o(i.GPIOPinTypeComparator), (28 bytes).
    Removing gpio.o(i.GPIOPinTypeEPI), (28 bytes).
    Removing gpio.o(i.GPIOPinTypeEthernetLED), (28 bytes).
    Removing gpio.o(i.GPIOPinTypeGPIOOutputOD), (28 bytes).
    Removing gpio.o(i.GPIOPinTypeI2C), (28 bytes).
    Removing gpio.o(i.GPIOPinTypeI2S), (28 bytes).
    Removing gpio.o(i.GPIOPinTypeQEI), (28 bytes).
    Removing gpio.o(i.GPIOPinTypeSSI), (28 bytes).
    Removing gpio.o(i.GPIOPinTypeTimer), (28 bytes).
    Removing gpio.o(i.GPIOPinTypeUSBAnalog), (28 bytes).
    Removing gpio.o(i.GPIOPinTypeUSBDigital), (28 bytes).
    Removing gpio.o(i.GPIOPortIntRegister), (26 bytes).
    Removing gpio.o(i.GPIOPortIntUnregister), (22 bytes).
    Removing gpio.o(.constdata), (72 bytes).
    Removing sysctl.o(i.SysCtlADCSpeedGet), (16 bytes).
    Removing sysctl.o(i.SysCtlADCSpeedSet), (32 bytes).
    Removing sysctl.o(i.SysCtlBrownOutConfigSet), (16 bytes).
    Removing sysctl.o(i.SysCtlClkVerificationClear), (20 bytes).
    Removing sysctl.o(i.SysCtlDeepSleep), (32 bytes).
    Removing sysctl.o(i.SysCtlFlashSizeGet), (20 bytes).
    Removing sysctl.o(i.SysCtlGPIOAHBDisable), (20 bytes).
    Removing sysctl.o(i.SysCtlGPIOAHBEnable), (16 bytes).
    Removing sysctl.o(i.SysCtlI2SMClkSet), (216 bytes).
    Removing sysctl.o(i.SysCtlIOSCVerificationSet), (24 bytes).
    Removing sysctl.o(i.SysCtlIntClear), (12 bytes).
    Removing sysctl.o(i.SysCtlIntDisable), (16 bytes).
    Removing sysctl.o(i.SysCtlIntEnable), (16 bytes).
    Removing sysctl.o(i.SysCtlIntRegister), (20 bytes).
    Removing sysctl.o(i.SysCtlIntStatus), (16 bytes).
    Removing sysctl.o(i.SysCtlIntUnregister), (18 bytes).
    Removing sysctl.o(i.SysCtlLDOConfigSet), (12 bytes).
    Removing sysctl.o(i.SysCtlLDOGet), (12 bytes).
    Removing sysctl.o(i.SysCtlLDOSet), (12 bytes).
    Removing sysctl.o(i.SysCtlMOSCVerificationSet), (24 bytes).
    Removing sysctl.o(i.SysCtlPLLVerificationSet), (24 bytes).
    Removing sysctl.o(i.SysCtlPWMClockGet), (24 bytes).
    Removing sysctl.o(i.SysCtlPeripheralClockGating), (24 bytes).
    Removing sysctl.o(i.SysCtlPeripheralDeepSleepDisable), (32 bytes).
    Removing sysctl.o(i.SysCtlPeripheralDeepSleepEnable), (32 bytes).
    Removing sysctl.o(i.SysCtlPeripheralDisable), (32 bytes).
    Removing sysctl.o(i.SysCtlPeripheralReset), (56 bytes).
    Removing sysctl.o(i.SysCtlPeripheralSleepDisable), (32 bytes).
    Removing sysctl.o(i.SysCtlPeripheralSleepEnable), (32 bytes).
    Removing sysctl.o(i.SysCtlPinPresent), (16 bytes).
    Removing sysctl.o(i.SysCtlReset), (16 bytes).
    Removing sysctl.o(i.SysCtlResetCauseClear), (16 bytes).
    Removing sysctl.o(i.SysCtlResetCauseGet), (12 bytes).
    Removing sysctl.o(i.SysCtlSRAMSizeGet), (20 bytes).
    Removing sysctl.o(i.SysCtlSleep), (4 bytes).
    Removing sysctl.o(i.SysCtlUSBPLLDisable), (16 bytes).
    Removing sysctl.o(i.SysCtlUSBPLLEnable), (16 bytes).
    Removing uart.o(i.UARTBreakCtl), (18 bytes).
    Removing uart.o(i.UARTBusy), (8 bytes).
    Removing uart.o(i.UARTCharGetNonBlocking), (16 bytes).
    Removing uart.o(i.UARTCharPutNonBlocking), (18 bytes).
    Removing uart.o(i.UARTCharsAvail), (10 bytes).
    Removing uart.o(i.UARTConfigGetExpClk), (46 bytes).
    Removing uart.o(i.UARTDMADisable), (10 bytes).
    Removing uart.o(i.UARTDMAEnable), (8 bytes).
    Removing uart.o(i.UARTDisable), (30 bytes).
    Removing uart.o(i.UARTDisableSIR), (10 bytes).
    Removing uart.o(i.UARTEnableSIR), (18 bytes).
    Removing uart.o(i.UARTFIFODisable), (10 bytes).
    Removing uart.o(i.UARTFIFOEnable), (10 bytes).
    Removing uart.o(i.UARTFIFOLevelGet), (16 bytes).
    Removing uart.o(i.UARTFIFOLevelSet), (6 bytes).
    Removing uart.o(i.UARTFlowControlGet), (8 bytes).
    Removing uart.o(i.UARTFlowControlSet), (12 bytes).
    Removing uart.o(i.UARTIntClear), (4 bytes).
    Removing uart.o(i.UARTIntDisable), (10 bytes).
    Removing uart.o(i.UARTIntEnable), (8 bytes).
    Removing uart.o(i.UARTIntRegister), (46 bytes).
    Removing uart.o(i.UARTIntStatus), (10 bytes).
    Removing uart.o(i.UARTIntUnregister), (46 bytes).
    Removing uart.o(i.UARTModemControlClear), (14 bytes).
    Removing uart.o(i.UARTModemControlGet), (8 bytes).
    Removing uart.o(i.UARTModemControlSet), (12 bytes).
    Removing uart.o(i.UARTModemStatusGet), (10 bytes).
    Removing uart.o(i.UARTParityModeGet), (8 bytes).
    Removing uart.o(i.UARTParityModeSet), (12 bytes).
    Removing uart.o(i.UARTRxErrorClear), (6 bytes).
    Removing uart.o(i.UARTRxErrorGet), (8 bytes).
    Removing uart.o(i.UARTSmartCardDisable), (10 bytes).
    Removing uart.o(i.UARTSmartCardEnable), (22 bytes).
    Removing uart.o(i.UARTSpaceAvail), (10 bytes).
    Removing uart.o(i.UARTTxIntModeGet), (8 bytes).
    Removing uart.o(i.UARTTxIntModeSet), (12 bytes).
    Removing interrupt.o(i.IntDefaultHandler), (2 bytes).
    Removing interrupt.o(i.IntDisable), (104 bytes).
    Removing interrupt.o(i.IntEnable), (104 bytes).
    Removing interrupt.o(i.IntMasterDisable), (10 bytes).
    Removing interrupt.o(i.IntPendClear), (72 bytes).
    Removing interrupt.o(i.IntPendSet), (90 bytes).
    Removing interrupt.o(i.IntPriorityGet), (28 bytes).
    Removing interrupt.o(i.IntPriorityGroupingGet), (40 bytes).
    Removing interrupt.o(i.IntPriorityGroupingSet), (28 bytes).
    Removing interrupt.o(i.IntPrioritySet), (40 bytes).
    Removing interrupt.o(i.IntRegister), (56 bytes).
    Removing interrupt.o(i.IntUnregister), (20 bytes).
    Removing interrupt.o(.constdata), (104 bytes).
    Removing interrupt.o(vtable), (284 bytes).
    Removing pwm.o(i.PWMDeadBandDisable), (12 bytes).
    Removing pwm.o(i.PWMDeadBandEnable), (16 bytes).
    Removing pwm.o(i.PWMFaultIntClear), (8 bytes).
    Removing pwm.o(i.PWMFaultIntClearExt), (4 bytes).
    Removing pwm.o(i.PWMFaultIntRegister), (18 bytes).
    Removing pwm.o(i.PWMFaultIntUnregister), (18 bytes).
    Removing pwm.o(i.PWMGenDisable), (10 bytes).
    Removing pwm.o(i.PWMGenFaultClear), (18 bytes).
    Removing pwm.o(i.PWMGenFaultConfigure), (18 bytes).
    Removing pwm.o(i.PWMGenFaultStatus), (18 bytes).
    Removing pwm.o(i.PWMGenFaultTriggerGet), (12 bytes).
    Removing pwm.o(i.PWMGenFaultTriggerSet), (12 bytes).
    Removing pwm.o(i.PWMGenIntClear), (6 bytes).
    Removing pwm.o(i.PWMGenIntRegister), (34 bytes).
    Removing pwm.o(i.PWMGenIntStatus), (12 bytes).
    Removing pwm.o(i.PWMGenIntTrigDisable), (10 bytes).
    Removing pwm.o(i.PWMGenIntTrigEnable), (10 bytes).
    Removing pwm.o(i.PWMGenIntUnregister), (32 bytes).
    Removing pwm.o(i.PWMGenPeriodGet), (18 bytes).
    Removing pwm.o(i.PWMIntDisable), (10 bytes).
    Removing pwm.o(i.PWMIntEnable), (8 bytes).
    Removing pwm.o(i.PWMIntStatus), (10 bytes).
    Removing pwm.o(i.PWMOutputFault), (16 bytes).
    Removing pwm.o(i.PWMOutputFaultLevel), (16 bytes).
    Removing pwm.o(i.PWMPulseWidthGet), (32 bytes).
    Removing pwm.o(i.PWMSyncTimeBase), (4 bytes).
    Removing pwm.o(i.PWMSyncUpdate), (4 bytes).

145 unused section(s) (total 3982 bytes) removed from the image.

==============================================================================

Image Symbol Table

    Local Symbols

    Symbol Name                              Value     Ov Type        Size  Object(Section)

    RESET                                    0x00000000   Section      268  startup.o(RESET)
    ../../microlib/init/entry.s              0x00000000   Number         0  entry2.o ABSOLUTE
    ../../microlib/init/entry.s              0x00000000   Number         0  entry5.o ABSOLUTE
    ../../microlib/init/entry.s              0x00000000   Number         0  entry7.o ABSOLUTE
    ../../microlib/init/entry.s              0x00000000   Number         0  entry.o ABSOLUTE
    ..\..\StellarisWare\utils\uartstdio.c    0x00000000   Number         0  uartstdio.o ABSOLUTE
    Startup.s                                0x00000000   Number         0  startup.o ABSOLUTE
    charging.c                               0x00000000   Number         0  charging.o ABSOLUTE
    cpu.c                                    0x00000000   Number         0  cpu.o ABSOLUTE
    cpu.c                                    0x00000000   Number         0  cpu.o ABSOLUTE
    dc.s                                     0x00000000   Number         0  dc.o ABSOLUTE
    gpio.c                                   0x00000000   Number         0  gpio.o ABSOLUTE
    handlers.s                               0x00000000   Number         0  handlers.o ABSOLUTE
    init.c                                   0x00000000   Number         0  init.o ABSOLUTE
    init.s                                   0x00000000   Number         0  init.o ABSOLUTE
    interrupt.c                              0x00000000   Number         0  interrupt.o ABSOLUTE
    motor.c                                  0x00000000   Number         0  motor.o ABSOLUTE
    pwm.c                                    0x00000000   Number         0  pwm.o ABSOLUTE
    regionV2012.c                            0x00000000   Number         0  regionv2012.o ABSOLUTE
    sysctl.c                                 0x00000000   Number         0  sysctl.o ABSOLUTE
    sysctl.c                                 0x00000000   Number         0  sysctl.o ABSOLUTE
    travel.c                                 0x00000000   Number         0  travel.o ABSOLUTE
    uart.c                                   0x00000000   Number         0  uart.o ABSOLUTE
    NmiSR                                    0x00000105   Thumb Code     0  startup.o(RESET)
    FaultISR                                 0x00000107   Thumb Code     0  startup.o(RESET)
    IntDefaultHandler                        0x00000109   Thumb Code     0  startup.o(RESET)
    .ARM.Collect$$$$00000000                 0x0000010c   Section        0  entry.o(.ARM.Collect$$$$00000000)
    .ARM.Collect$$$$00000001                 0x0000010c   Section        4  entry2.o(.ARM.Collect$$$$00000001)
    .ARM.Collect$$$$00000004                 0x00000110   Section        4  entry5.o(.ARM.Collect$$$$00000004)
    .ARM.Collect$$$$00000007                 0x00000114   Section        8  entry7.o(.ARM.Collect$$$$00000007)
    .ARM.Collect$$$$00002712                 0x0000011c   Section        4  entry2.o(.ARM.Collect$$$$00002712)
    __lit__00000000                          0x0000011c   Data           4  entry2.o(.ARM.Collect$$$$00002712)
    .emb_text                                0x00000120   Section        6  sysctl.o(.emb_text)
    .emb_text                                0x00000128   Section       26  cpu.o(.emb_text)
    .text                                    0x00000144   Section        0  travel.o(.text)
    .text                                    0x0000019c   Section        0  regionv2012.o(.text)
    .text                                    0x000001dc   Section        0  uartstdio.o(.text)
    .text                                    0x00000564   Section       36  init.o(.text)
    i.GPIODirModeSet                         0x00000588   Section        0  gpio.o(i.GPIODirModeSet)
    i.GPIOPadConfigSet                       0x000005b0   Section        0  gpio.o(i.GPIOPadConfigSet)
    i.GPIOPinRead                            0x00000660   Section        0  gpio.o(i.GPIOPinRead)
    i.GPIOPinTypeGPIOInput                   0x00000666   Section        0  gpio.o(i.GPIOPinTypeGPIOInput)
    i.GPIOPinTypeGPIOOutput                  0x00000682   Section        0  gpio.o(i.GPIOPinTypeGPIOOutput)
    i.GPIOPinTypePWM                         0x0000069e   Section        0  gpio.o(i.GPIOPinTypePWM)
    i.GPIOPinTypeUART                        0x000006ba   Section        0  gpio.o(i.GPIOPinTypeUART)
    i.GPIOPinWrite                           0x000006d6   Section        0  gpio.o(i.GPIOPinWrite)
    i.InitializeMCU                          0x000006dc   Section        0  init.o(i.InitializeMCU)
    i.InitializeMotors                       0x00000714   Section        0  motor.o(i.InitializeMotors)
    i.IntMasterEnable                        0x000007e4   Section        0  interrupt.o(i.IntMasterEnable)
    i.LockoutProtection                      0x000007f0   Section        0  init.o(i.LockoutProtection)
    i.PWMGenConfigure                        0x0000081c   Section        0  pwm.o(i.PWMGenConfigure)
    i.PWMGenEnable                           0x00000842   Section        0  pwm.o(i.PWMGenEnable)
    i.PWMGenPeriodSet                        0x0000084c   Section        0  pwm.o(i.PWMGenPeriodSet)
    i.PWMOutputInvert                        0x0000085e   Section        0  pwm.o(i.PWMOutputInvert)
    i.PWMOutputState                         0x0000086e   Section        0  pwm.o(i.PWMOutputState)
    i.PWMPulseWidthSet                       0x0000087e   Section        0  pwm.o(i.PWMPulseWidthSet)
    i.SysCtlClockGet                         0x000008a0   Section        0  sysctl.o(i.SysCtlClockGet)
    i.SysCtlClockSet                         0x00000a84   Section        0  sysctl.o(i.SysCtlClockSet)
    i.SysCtlPWMClockSet                      0x00000bbc   Section        0  sysctl.o(i.SysCtlPWMClockSet)
    i.SysCtlPeripheralEnable                 0x00000bd0   Section        0  sysctl.o(i.SysCtlPeripheralEnable)
    i.SysCtlPeripheralPresent                0x00000bf0   Section        0  sysctl.o(i.SysCtlPeripheralPresent)
    i.UARTCharGet                            0x00000c30   Section        0  uart.o(i.UARTCharGet)
    i.UARTCharPut                            0x00000c3c   Section        0  uart.o(i.UARTCharPut)
    i.UARTConfigSetExpClk                    0x00000c48   Section        0  uart.o(i.UARTConfigSetExpClk)
    i.UARTEnable                             0x00000cb6   Section        0  uart.o(i.UARTEnable)
    i.__scatterload_copy                     0x00000cca   Section       14  handlers.o(i.__scatterload_copy)
    i.__scatterload_null                     0x00000cd8   Section        2  handlers.o(i.__scatterload_null)
    i.__scatterload_zeroinit                 0x00000cda   Section       14  handlers.o(i.__scatterload_zeroinit)
    .constdata                               0x00000ce8   Section       28  uartstdio.o(.constdata)
    g_pcHex                                  0x00000ce8   Data           4  uartstdio.o(.constdata)
    g_ulUARTBase                             0x00000cec   Data          12  uartstdio.o(.constdata)
    g_ulUARTPeriph                           0x00000cf8   Data          12  uartstdio.o(.constdata)
    .constdata                               0x00000d04   Section      156  sysctl.o(.constdata)
    g_pulDCRegs                              0x00000d04   Data          16  sysctl.o(.constdata)
    g_pulSRCRRegs                            0x00000d14   Data          12  sysctl.o(.constdata)
    g_pulRCGCRegs                            0x00000d20   Data          12  sysctl.o(.constdata)
    g_pulSCGCRegs                            0x00000d2c   Data          12  sysctl.o(.constdata)
    g_pulDCGCRegs                            0x00000d38   Data          12  sysctl.o(.constdata)
    g_pulXtals                               0x00000d44   Data          92  sysctl.o(.constdata)
    .conststring                             0x00000da0   Section       17  uartstdio.o(.conststring)
    .data                                    0x20000000   Section       18  travel.o(.data)
    values                                   0x20000002   Data          16  travel.o(.data)
    .data                                    0x20000014   Section        5  uartstdio.o(.data)
    g_ulBase                                 0x20000014   Data           4  uartstdio.o(.data)
    bLastWasCR                               0x20000018   Data           1  uartstdio.o(.data)
    .data                                    0x2000001c   Section       12  init.o(.data)
    .data                                    0x20000028   Section        4  motor.o(.data)
    s_ulMotorPeriod                          0x20000028   Data           4  motor.o(.data)
    STACK                                    0x20000030   Section      256  startup.o(STACK)
    StackMem                                 0x20000030   Data           0  startup.o(STACK)

    Global Symbols

    Symbol Name                              Value     Ov Type        Size  Object(Section)

    BuildAttributes$$THM_ISAv4$P$D$K$B$S$PE$A:L22UL41UL21$X:L11$S22US41US21$IEEE1$IW$USESV6$~STKCKD$USESV7$~SHL$OTIME$EBA8$MICROLIB$REQ8$PRES8$EABIv2 0x00000000   Number         0  anon$$obj.o ABSOLUTE
    __ARM_use_no_argv                        0x00000000   Number         0  regionv2012.o ABSOLUTE
    __Vectors                                0x00000000   Data           0  startup.o(RESET)
    __decompress                              - Undefined Weak Reference
    Reset_Handler                            0x00000101   Thumb Code     0  startup.o(RESET)
    __main                                   0x0000010d   Thumb Code     0  entry.o(.ARM.Collect$$$$00000000)
    _main_stk                                0x0000010d   Thumb Code     0  entry2.o(.ARM.Collect$$$$00000001)
    _main_scatterload                        0x00000111   Thumb Code     0  entry5.o(.ARM.Collect$$$$00000004)
    __main_after_scatterload                 0x00000115   Thumb Code     0  entry5.o(.ARM.Collect$$$$00000004)
    _main_init                               0x00000115   Thumb Code     0  entry7.o(.ARM.Collect$$$$00000007)
    SysCtlDelay                              0x00000121   Thumb Code     6  sysctl.o(.emb_text)
    CPUcpsid                                 0x00000129   Thumb Code     8  cpu.o(.emb_text)
    CPUprimask                               0x00000131   Thumb Code     6  cpu.o(.emb_text)
    CPUcpsie                                 0x00000137   Thumb Code     8  cpu.o(.emb_text)
    CPUwfi                                   0x0000013f   Thumb Code     4  cpu.o(.emb_text)
    readSensors                              0x00000145   Thumb Code     4  travel.o(.text)
    travelInit                               0x00000149   Thumb Code    12  travel.o(.text)
    gotoCorner                               0x00000155   Thumb Code    62  travel.o(.text)
    init                                     0x0000019d   Thumb Code    38  regionv2012.o(.text)
    run                                      0x000001c3   Thumb Code     2  regionv2012.o(.text)
    main                                     0x000001c5   Thumb Code    14  regionv2012.o(.text)
    UARTStdioInitExpClk                      0x000001dd   Thumb Code    72  uartstdio.o(.text)
    UARTStdioInit                            0x00000225   Thumb Code    16  uartstdio.o(.text)
    UARTwrite                                0x00000235   Thumb Code    46  uartstdio.o(.text)
    UARTgets                                 0x00000263   Thumb Code   126  uartstdio.o(.text)
    UARTgetc                                 0x000002e1   Thumb Code    14  uartstdio.o(.text)
    UARTprintf                               0x000002ef   Thumb Code   590  uartstdio.o(.text)
    __scatterload                            0x00000565   Thumb Code    28  init.o(.text)
    __scatterload_rt2                        0x00000565   Thumb Code     0  init.o(.text)
    GPIODirModeSet                           0x00000589   Thumb Code    40  gpio.o(i.GPIODirModeSet)
    GPIOPadConfigSet                         0x000005b1   Thumb Code   176  gpio.o(i.GPIOPadConfigSet)
    GPIOPinRead                              0x00000661   Thumb Code     6  gpio.o(i.GPIOPinRead)
    GPIOPinTypeGPIOInput                     0x00000667   Thumb Code    28  gpio.o(i.GPIOPinTypeGPIOInput)
    GPIOPinTypeGPIOOutput                    0x00000683   Thumb Code    28  gpio.o(i.GPIOPinTypeGPIOOutput)
    GPIOPinTypePWM                           0x0000069f   Thumb Code    28  gpio.o(i.GPIOPinTypePWM)
    GPIOPinTypeUART                          0x000006bb   Thumb Code    28  gpio.o(i.GPIOPinTypeUART)
    GPIOPinWrite                             0x000006d7   Thumb Code     6  gpio.o(i.GPIOPinWrite)
    InitializeMCU                            0x000006dd   Thumb Code    44  init.o(i.InitializeMCU)
    InitializeMotors                         0x00000715   Thumb Code   176  motor.o(i.InitializeMotors)
    IntMasterEnable                          0x000007e5   Thumb Code    10  interrupt.o(i.IntMasterEnable)
    LockoutProtection                        0x000007f1   Thumb Code    34  init.o(i.LockoutProtection)
    PWMGenConfigure                          0x0000081d   Thumb Code    38  pwm.o(i.PWMGenConfigure)
    PWMGenEnable                             0x00000843   Thumb Code    10  pwm.o(i.PWMGenEnable)
    PWMGenPeriodSet                          0x0000084d   Thumb Code    18  pwm.o(i.PWMGenPeriodSet)
    PWMOutputInvert                          0x0000085f   Thumb Code    16  pwm.o(i.PWMOutputInvert)
    PWMOutputState                           0x0000086f   Thumb Code    16  pwm.o(i.PWMOutputState)
    PWMPulseWidthSet                         0x0000087f   Thumb Code    32  pwm.o(i.PWMPulseWidthSet)
    SysCtlClockGet                           0x000008a1   Thumb Code   438  sysctl.o(i.SysCtlClockGet)
    SysCtlClockSet                           0x00000a85   Thumb Code   288  sysctl.o(i.SysCtlClockSet)
    SysCtlPWMClockSet                        0x00000bbd   Thumb Code    14  sysctl.o(i.SysCtlPWMClockSet)
    SysCtlPeripheralEnable                   0x00000bd1   Thumb Code    26  sysctl.o(i.SysCtlPeripheralEnable)
    SysCtlPeripheralPresent                  0x00000bf1   Thumb Code    50  sysctl.o(i.SysCtlPeripheralPresent)
    UARTCharGet                              0x00000c31   Thumb Code    12  uart.o(i.UARTCharGet)
    UARTCharPut                              0x00000c3d   Thumb Code    12  uart.o(i.UARTCharPut)
    UARTConfigSetExpClk                      0x00000c49   Thumb Code   110  uart.o(i.UARTConfigSetExpClk)
    UARTEnable                               0x00000cb7   Thumb Code    20  uart.o(i.UARTEnable)
    __scatterload_copy                       0x00000ccb   Thumb Code    14  handlers.o(i.__scatterload_copy)
    __scatterload_null                       0x00000cd9   Thumb Code     2  handlers.o(i.__scatterload_null)
    __scatterload_zeroinit                   0x00000cdb   Thumb Code    14  handlers.o(i.__scatterload_zeroinit)
    Region$$Table$$Base                      0x00000db4   Number         0  anon$$obj.o(Region$$Table)
    Region$$Table$$Limit                     0x00000dd4   Number         0  anon$$obj.o(Region$$Table)
    currentCorner                            0x20000000   Data           1  travel.o(.data)
    g_ulTicksPerSecond                       0x2000001c   Data           4  init.o(.data)
    g_ulTicksPerUs                           0x20000020   Data           4  init.o(.data)
    g_ulPWMTicksPerSecond                    0x20000024   Data           4  init.o(.data)
    __initial_sp                             0x20000130   Data           0  startup.o(STACK)



==============================================================================

Memory Map of the image

  Image Entry point : 0x0000010d

  Load Region LR_IROM1 (Base: 0x00000000, Size: 0x00000e00, Max: 0x00010000, ABSOLUTE)

    Execution Region ER_IROM1 (Base: 0x00000000, Size: 0x00000dd4, Max: 0x00010000, ABSOLUTE)

    Base Addr    Size         Type   Attr      Idx    E Section Name        Object

    0x00000000   0x0000010c   Code   RO           72    RESET               startup.o
    0x0000010c   0x00000000   Code   RO         1250  * .ARM.Collect$$$$00000000  mc_w.l(entry.o)(mc_w.l)
    0x0000010c   0x00000004   Code   RO         1253    .ARM.Collect$$$$00000001  mc_w.l(entry2.o)(mc_w.l)
    0x00000110   0x00000004   Code   RO         1256    .ARM.Collect$$$$00000004  mc_w.l(entry5.o)(mc_w.l)
    0x00000114   0x00000008   Code   RO         1257    .ARM.Collect$$$$00000007  mc_w.l(entry7.o)(mc_w.l)
    0x0000011c   0x00000004   Code   RO         1254    .ARM.Collect$$$$00002712  mc_w.l(entry2.o)(mc_w.l)
    0x00000120   0x00000006   Code   RO          419    .emb_text           driverlib.lib(sysctl.o)(driverlib.lib)
    0x00000126   0x00000002   PAD
    0x00000128   0x0000001a   Code   RO          944    .emb_text           driverlib.lib(cpu.o)(driverlib.lib)
    0x00000142   0x00000002   PAD
    0x00000144   0x00000058   Code   RO            1    .text               travel.o
    0x0000019c   0x00000040   Code   RO           39    .text               regionv2012.o
    0x000001dc   0x00000388   Code   RO           79    .text               uartstdio.o
    0x00000564   0x00000024   Code   RO         1258    .text               mc_w.l(init.o)(mc_w.l)
    0x00000588   0x00000028   Code   RO          191    i.GPIODirModeSet    driverlib.lib(gpio.o)(driverlib.lib)
    0x000005b0   0x000000b0   Code   RO          196    i.GPIOPadConfigSet  driverlib.lib(gpio.o)(driverlib.lib)
    0x00000660   0x00000006   Code   RO          202    i.GPIOPinRead       driverlib.lib(gpio.o)(driverlib.lib)
    0x00000666   0x0000001c   Code   RO          208    i.GPIOPinTypeGPIOInput  driverlib.lib(gpio.o)(driverlib.lib)
    0x00000682   0x0000001c   Code   RO          209    i.GPIOPinTypeGPIOOutput  driverlib.lib(gpio.o)(driverlib.lib)
    0x0000069e   0x0000001c   Code   RO          213    i.GPIOPinTypePWM    driverlib.lib(gpio.o)(driverlib.lib)
    0x000006ba   0x0000001c   Code   RO          217    i.GPIOPinTypeUART   driverlib.lib(gpio.o)(driverlib.lib)
    0x000006d6   0x00000006   Code   RO          220    i.GPIOPinWrite      driverlib.lib(gpio.o)(driverlib.lib)
    0x000006dc   0x00000038   Code   RO          116    i.InitializeMCU     raslib.lib(init.o)(raslib.lib)
    0x00000714   0x000000d0   Code   RO          152    i.InitializeMotors  raslib.lib(motor.o)(raslib.lib)
    0x000007e4   0x0000000a   Code   RO          958    i.IntMasterEnable   driverlib.lib(interrupt.o)(driverlib.lib)
    0x000007ee   0x00000002   PAD
    0x000007f0   0x0000002c   Code   RO          117    i.LockoutProtection  raslib.lib(init.o)(raslib.lib)
    0x0000081c   0x00000026   Code   RO         1046    i.PWMGenConfigure   driverlib.lib(pwm.o)(driverlib.lib)
    0x00000842   0x0000000a   Code   RO         1048    i.PWMGenEnable      driverlib.lib(pwm.o)(driverlib.lib)
    0x0000084c   0x00000012   Code   RO         1061    i.PWMGenPeriodSet   driverlib.lib(pwm.o)(driverlib.lib)
    0x0000085e   0x00000010   Code   RO         1067    i.PWMOutputInvert   driverlib.lib(pwm.o)(driverlib.lib)
    0x0000086e   0x00000010   Code   RO         1068    i.PWMOutputState    driverlib.lib(pwm.o)(driverlib.lib)
    0x0000087e   0x00000020   Code   RO         1070    i.PWMPulseWidthSet  driverlib.lib(pwm.o)(driverlib.lib)
    0x0000089e   0x00000002   PAD
    0x000008a0   0x000001e4   Code   RO          424    i.SysCtlClockGet    driverlib.lib(sysctl.o)(driverlib.lib)
    0x00000a84   0x00000138   Code   RO          425    i.SysCtlClockSet    driverlib.lib(sysctl.o)(driverlib.lib)
    0x00000bbc   0x00000014   Code   RO          444    i.SysCtlPWMClockSet  driverlib.lib(sysctl.o)(driverlib.lib)
    0x00000bd0   0x00000020   Code   RO          449    i.SysCtlPeripheralEnable  driverlib.lib(sysctl.o)(driverlib.lib)
    0x00000bf0   0x00000040   Code   RO          450    i.SysCtlPeripheralPresent  driverlib.lib(sysctl.o)(driverlib.lib)
    0x00000c30   0x0000000c   Code   RO          695    i.UARTCharGet       driverlib.lib(uart.o)(driverlib.lib)
    0x00000c3c   0x0000000c   Code   RO          697    i.UARTCharPut       driverlib.lib(uart.o)(driverlib.lib)
    0x00000c48   0x0000006e   Code   RO          701    i.UARTConfigSetExpClk  driverlib.lib(uart.o)(driverlib.lib)
    0x00000cb6   0x00000014   Code   RO          706    i.UARTEnable        driverlib.lib(uart.o)(driverlib.lib)
    0x00000cca   0x0000000e   Code   RO         1262    i.__scatterload_copy  mc_w.l(handlers.o)(mc_w.l)
    0x00000cd8   0x00000002   Code   RO         1263    i.__scatterload_null  mc_w.l(handlers.o)(mc_w.l)
    0x00000cda   0x0000000e   Code   RO         1264    i.__scatterload_zeroinit  mc_w.l(handlers.o)(mc_w.l)
    0x00000ce8   0x0000001c   Data   RO           80    .constdata          uartstdio.o
    0x00000d04   0x0000009c   Data   RO          462    .constdata          driverlib.lib(sysctl.o)(driverlib.lib)
    0x00000da0   0x00000011   Data   RO           81    .conststring        uartstdio.o
    0x00000db1   0x00000003   PAD
    0x00000db4   0x00000020   Data   RO         1260    Region$$Table       anon$$obj.o


    Execution Region RW_IRAM1 (Base: 0x20000000, Size: 0x00000130, Max: 0x00002000, ABSOLUTE)

    Base Addr    Size         Type   Attr      Idx    E Section Name        Object

    0x20000000   0x00000012   Data   RW            2    .data               travel.o
    0x20000012   0x00000002   PAD
    0x20000014   0x00000005   Data   RW           82    .data               uartstdio.o
    0x20000019   0x00000003   PAD
    0x2000001c   0x0000000c   Data   RW          118    .data               raslib.lib(init.o)(raslib.lib)
    0x20000028   0x00000004   Data   RW          155    .data               raslib.lib(motor.o)(raslib.lib)
    0x2000002c   0x00000004   PAD
    0x20000030   0x00000100   Zero   RW           70    STACK               startup.o


==============================================================================

Image component sizes


      Code (inc. data)   RO Data    RW Data    ZI Data      Debug   Object Name

        64         10          0          0          0          0   regionv2012.o
       268        258          0          0        256          0   startup.o
        88         10          0         18          0          0   travel.o
       904         40         45          5          0          0   uartstdio.o

    ----------------------------------------------------------------------
      1324        318         80         28        256          0   Object Totals
         0          0         32          0          0          0   (incl. Generated)
         0          0          3          5          0          1   (incl. Padding)

    ----------------------------------------------------------------------

      Code (inc. data)   RO Data    RW Data    ZI Data      Debug   Library Member Name

        26          0          0          0          0          0   cpu.o
       340          0          0          0          0          0   gpio.o
        10          0          0          0          0          0   interrupt.o
       130          0          0          0          0          0   pwm.o
       918         96        156          0          0          0   sysctl.o
       154          0          0          0          0          0   uart.o
         0          0          0          0          0          0   entry.o
         8          4          0          0          0          0   entry2.o
         4          0          0          0          0          0   entry5.o
         8          4          0          0          0          0   entry7.o
        30          0          0          0          0          0   handlers.o
        36          8          0          0          0          0   init.o
       100         22          0         12          0          0   init.o
       208         32          0          4          0          0   motor.o

    ----------------------------------------------------------------------
      1980        166        156         16          4          0   Library Totals
         8          0          0          0          4          0   (incl. Padding)

    ----------------------------------------------------------------------

      Code (inc. data)   RO Data    RW Data    ZI Data      Debug   Library Name

      1578         96        156          0          0      18662   driverlib.lib
        86         16          0          0          0         68   mc_w.l
       308         54          0         16          0       5236   raslib.lib

    ----------------------------------------------------------------------
      1980        166        156         16          4          0   Library Totals

    ----------------------------------------------------------------------

==============================================================================


      Code (inc. data)   RO Data    RW Data    ZI Data      Debug   

      3304        484        236         44        260      29912   Grand Totals
      3304        484        236         44        260      29912   ELF Image Totals
      3304        484        236         44          0          0   ROM Totals

==============================================================================

    Total RO  Size (Code + RO Data)                 3540 (   3.46kB)
    Total RW  Size (RW Data + ZI Data)               304 (   0.30kB)
    Total ROM Size (Code + RO Data + RW Data)       3584 (   3.50kB)

==============================================================================

