<html>
<body>
<pre>
<h1>µVision Build Log</h1>
<h2>Project:</h2>
C:\Documents and Settings\RAS\Desktop\Rasware2009\projects\regionV2012\regionV2012.uvproj
Project File Date:  03/28/2012

<h2>Output:</h2>
Build target 'Target 1'
compiling UARTDemo.c...
UARTDemo.c: Error:  #5: cannot open source input file "UARTDemo.c": No such file or directory
UARTDemo.c: UARTDemo.c: 0 warnings, 1 error
Target not created
Build target 'Target 1'
compiling travel.c...
compiling charging.c...
compiling uartstdio.c...
compiling regionV2012.c...
assembling Startup.s...
linking...
Program Size: Code=3324 RO-data=236 RW-data=28 ZI-data=260  
"RobzDemo.axf" - 0 Error(s), 0 Warning(s).
Build target 'Target 1'
compiling travel.c...
compiling charging.c...
compiling uartstdio.c...
compiling regionV2012.c...
assembling Startup.s...
linking...
Program Size: Code=3324 RO-data=236 RW-data=28 ZI-data=260  
"RobzDemo.axf" - 0 Error(s), 0 Warning(s).
Load "C:\\Documents and Settings\\RAS\\Desktop\\Rasware2009\\projects\\regionV2012\\RobzDemo.AXF" 
Connecting: Mode=JTAG, Speed=1000000Hz
Erase Done.
Programming Failed!
Load "C:\\Documents and Settings\\RAS\\Desktop\\Rasware2009\\projects\\regionV2012\\RobzDemo.AXF" 
Connecting: Mode=JTAG, Speed=1000000Hz
Erase Done.
Programming Failed!
