ARM Linker, 4.1 [Build 481] [Standard]

==============================================================================

Section Cross References

    travel.o(.text) refers to motor.obj(.text:InitializeMotors) for InitializeMotors
    travel.o(.text) refers to travel.o(.data) for currentCorner
    uartstdio.o(.text) refers to sysctl.o(i.SysCtlPeripheralPresent) for SysCtlPeripheralPresent
    uartstdio.o(.text) refers to sysctl.o(i.SysCtlPeripheralEnable) for SysCtlPeripheralEnable
    uartstdio.o(.text) refers to sysctl.o(i.SysCtlClockGet) for SysCtlClockGet
    uartstdio.o(.text) refers to uart.o(i.UARTConfigSetExpClk) for UARTConfigSetExpClk
    uartstdio.o(.text) refers to uart.o(i.UARTEnable) for UARTEnable
    uartstdio.o(.text) refers to uart.o(i.UARTCharPut) for UARTCharPut
    uartstdio.o(.text) refers to uart.o(i.UARTCharGet) for UARTCharGet
    uartstdio.o(.text) refers to uartstdio.o(.constdata) for g_ulUARTPeriph
    uartstdio.o(.text) refers to uartstdio.o(.data) for g_ulBase
    uartstdio.o(.constdata) refers to uartstdio.o(.conststring) for .conststring
    startup.o(RESET) refers to startup.o(STACK) for StackMem
    startup.o(RESET) refers to entry.o(.ARM.Collect$$$$00000000) for __main
    regionv2012.o(.text) refers to init.obj(.text:LockoutProtection) for LockoutProtection
    regionv2012.o(.text) refers to init.obj(.text:InitializeMCU) for InitializeMCU
    regionv2012.o(.text) refers to sysctl.o(i.SysCtlPeripheralEnable) for SysCtlPeripheralEnable
    regionv2012.o(.text) refers to gpio.o(i.GPIOPinTypeUART) for GPIOPinTypeUART
    regionv2012.o(.text) refers to uartstdio.o(.text) for UARTStdioInit
    regionv2012.o(.text) refers to travel.o(.text) for travelInit
    motor.obj(.text:SetMotorPower) refers to pwm.o(i.PWMPulseWidthSet) for PWMPulseWidthSet
    motor.obj(.text:SetMotorPowers) refers to motor.obj(.text:SetMotorPower) for SetMotorPower
    motor.obj(.text:InitializeMotors) refers to sysctl.o(i.SysCtlPeripheralEnable) for SysCtlPeripheralEnable
    motor.obj(.text:InitializeMotors) refers to gpio.o(i.GPIOPinTypePWM) for GPIOPinTypePWM
    motor.obj(.text:InitializeMotors) refers to gpio.o(i.GPIOPinTypeGPIOOutput) for GPIOPinTypeGPIOOutput
    motor.obj(.text:InitializeMotors) refers to pwm.o(i.PWMGenConfigure) for PWMGenConfigure
    motor.obj(.text:InitializeMotors) refers to pwm.o(i.PWMGenPeriodSet) for PWMGenPeriodSet
    motor.obj(.text:InitializeMotors) refers to pwm.o(i.PWMOutputInvert) for PWMOutputInvert
    motor.obj(.text:InitializeMotors) refers to pwm.o(i.PWMOutputState) for PWMOutputState
    motor.obj(.text:InitializeMotors) refers to pwm.o(i.PWMGenEnable) for PWMGenEnable
    motor.obj(.text:InitializeMotors) refers to motor.obj(.text:SetMotorPowers) for SetMotorPowers
    motor.obj(.text:InitializeMotors) refers to gpio.o(i.GPIOPinWrite) for GPIOPinWrite
    motor.obj(.text:InitializeMotors) refers to motor.obj(.bss) for s_ulMotorPeriod
    init.obj(.text:LockoutProtection) refers to sysctl.o(i.SysCtlPeripheralEnable) for SysCtlPeripheralEnable
    init.obj(.text:LockoutProtection) refers to gpio.o(i.GPIOPinTypeGPIOInput) for GPIOPinTypeGPIOInput
    init.obj(.text:LockoutProtection) refers to gpio.o(i.GPIOPinRead) for GPIOPinRead
    init.obj(.text:InitializeMCU) refers to sysctl.o(i.SysCtlClockSet) for SysCtlClockSet
    init.obj(.text:InitializeMCU) refers to sysctl.o(i.SysCtlPWMClockSet) for SysCtlPWMClockSet
    init.obj(.text:InitializeMCU) refers to sysctl.o(i.SysCtlClockGet) for SysCtlClockGet
    init.obj(.text:InitializeMCU) refers to interrupt.o(i.IntMasterEnable) for IntMasterEnable
    init.obj(.text:InitializeMCU) refers to init.obj(.bss) for g_ulTicksPerSecond
    gpio.o(i.GPIOPinConfigure) refers to gpio.o(.constdata) for .constdata
    gpio.o(i.GPIOPinTypeADC) refers to gpio.o(i.GPIODirModeSet) for GPIODirModeSet
    gpio.o(i.GPIOPinTypeADC) refers to gpio.o(i.GPIOPadConfigSet) for GPIOPadConfigSet
    gpio.o(i.GPIOPinTypeCAN) refers to gpio.o(i.GPIODirModeSet) for GPIODirModeSet
    gpio.o(i.GPIOPinTypeCAN) refers to gpio.o(i.GPIOPadConfigSet) for GPIOPadConfigSet
    gpio.o(i.GPIOPinTypeComparator) refers to gpio.o(i.GPIODirModeSet) for GPIODirModeSet
    gpio.o(i.GPIOPinTypeComparator) refers to gpio.o(i.GPIOPadConfigSet) for GPIOPadConfigSet
    gpio.o(i.GPIOPinTypeEPI) refers to gpio.o(i.GPIODirModeSet) for GPIODirModeSet
    gpio.o(i.GPIOPinTypeEPI) refers to gpio.o(i.GPIOPadConfigSet) for GPIOPadConfigSet
    gpio.o(i.GPIOPinTypeEthernetLED) refers to gpio.o(i.GPIODirModeSet) for GPIODirModeSet
    gpio.o(i.GPIOPinTypeEthernetLED) refers to gpio.o(i.GPIOPadConfigSet) for GPIOPadConfigSet
    gpio.o(i.GPIOPinTypeGPIOInput) refers to gpio.o(i.GPIODirModeSet) for GPIODirModeSet
    gpio.o(i.GPIOPinTypeGPIOInput) refers to gpio.o(i.GPIOPadConfigSet) for GPIOPadConfigSet
    gpio.o(i.GPIOPinTypeGPIOOutput) refers to gpio.o(i.GPIODirModeSet) for GPIODirModeSet
    gpio.o(i.GPIOPinTypeGPIOOutput) refers to gpio.o(i.GPIOPadConfigSet) for GPIOPadConfigSet
    gpio.o(i.GPIOPinTypeGPIOOutputOD) refers to gpio.o(i.GPIODirModeSet) for GPIODirModeSet
    gpio.o(i.GPIOPinTypeGPIOOutputOD) refers to gpio.o(i.GPIOPadConfigSet) for GPIOPadConfigSet
    gpio.o(i.GPIOPinTypeI2C) refers to gpio.o(i.GPIODirModeSet) for GPIODirModeSet
    gpio.o(i.GPIOPinTypeI2C) refers to gpio.o(i.GPIOPadConfigSet) for GPIOPadConfigSet
    gpio.o(i.GPIOPinTypeI2S) refers to gpio.o(i.GPIODirModeSet) for GPIODirModeSet
    gpio.o(i.GPIOPinTypeI2S) refers to gpio.o(i.GPIOPadConfigSet) for GPIOPadConfigSet
    gpio.o(i.GPIOPinTypePWM) refers to gpio.o(i.GPIODirModeSet) for GPIODirModeSet
    gpio.o(i.GPIOPinTypePWM) refers to gpio.o(i.GPIOPadConfigSet) for GPIOPadConfigSet
    gpio.o(i.GPIOPinTypeQEI) refers to gpio.o(i.GPIODirModeSet) for GPIODirModeSet
    gpio.o(i.GPIOPinTypeQEI) refers to gpio.o(i.GPIOPadConfigSet) for GPIOPadConfigSet
    gpio.o(i.GPIOPinTypeSSI) refers to gpio.o(i.GPIODirModeSet) for GPIODirModeSet
    gpio.o(i.GPIOPinTypeSSI) refers to gpio.o(i.GPIOPadConfigSet) for GPIOPadConfigSet
    gpio.o(i.GPIOPinTypeTimer) refers to gpio.o(i.GPIODirModeSet) for GPIODirModeSet
    gpio.o(i.GPIOPinTypeTimer) refers to gpio.o(i.GPIOPadConfigSet) for GPIOPadConfigSet
    gpio.o(i.GPIOPinTypeUART) refers to gpio.o(i.GPIODirModeSet) for GPIODirModeSet
    gpio.o(i.GPIOPinTypeUART) refers to gpio.o(i.GPIOPadConfigSet) for GPIOPadConfigSet
    gpio.o(i.GPIOPinTypeUSBAnalog) refers to gpio.o(i.GPIODirModeSet) for GPIODirModeSet
    gpio.o(i.GPIOPinTypeUSBAnalog) refers to gpio.o(i.GPIOPadConfigSet) for GPIOPadConfigSet
    gpio.o(i.GPIOPinTypeUSBDigital) refers to gpio.o(i.GPIODirModeSet) for GPIODirModeSet
    gpio.o(i.GPIOPinTypeUSBDigital) refers to gpio.o(i.GPIOPadConfigSet) for GPIOPadConfigSet
    gpio.o(i.GPIOPortIntRegister) refers to gpio.o(i.GPIOGetIntNumber) for GPIOGetIntNumber
    gpio.o(i.GPIOPortIntRegister) refers to interrupt.o(i.IntRegister) for IntRegister
    gpio.o(i.GPIOPortIntRegister) refers to interrupt.o(i.IntEnable) for IntEnable
    gpio.o(i.GPIOPortIntUnregister) refers to gpio.o(i.GPIOGetIntNumber) for GPIOGetIntNumber
    gpio.o(i.GPIOPortIntUnregister) refers to interrupt.o(i.IntDisable) for IntDisable
    gpio.o(i.GPIOPortIntUnregister) refers to interrupt.o(i.IntUnregister) for IntUnregister
    sysctl.o(i.SysCtlClockGet) refers to sysctl.o(.constdata) for .constdata
    sysctl.o(i.SysCtlClockSet) refers to sysctl.o(.emb_text) for SysCtlDelay
    sysctl.o(i.SysCtlDeepSleep) refers to cpu.o(.emb_text) for CPUwfi
    sysctl.o(i.SysCtlI2SMClkSet) refers to sysctl.o(.constdata) for .constdata
    sysctl.o(i.SysCtlIntRegister) refers to interrupt.o(i.IntRegister) for IntRegister
    sysctl.o(i.SysCtlIntRegister) refers to interrupt.o(i.IntEnable) for IntEnable
    sysctl.o(i.SysCtlIntUnregister) refers to interrupt.o(i.IntDisable) for IntDisable
    sysctl.o(i.SysCtlIntUnregister) refers to interrupt.o(i.IntUnregister) for IntUnregister
    sysctl.o(i.SysCtlPeripheralDeepSleepDisable) refers to sysctl.o(.constdata) for .constdata
    sysctl.o(i.SysCtlPeripheralDeepSleepEnable) refers to sysctl.o(.constdata) for .constdata
    sysctl.o(i.SysCtlPeripheralDisable) refers to sysctl.o(.constdata) for .constdata
    sysctl.o(i.SysCtlPeripheralEnable) refers to sysctl.o(.constdata) for .constdata
    sysctl.o(i.SysCtlPeripheralPresent) refers to sysctl.o(.constdata) for .constdata
    sysctl.o(i.SysCtlPeripheralReset) refers to sysctl.o(.constdata) for .constdata
    sysctl.o(i.SysCtlPeripheralSleepDisable) refers to sysctl.o(.constdata) for .constdata
    sysctl.o(i.SysCtlPeripheralSleepEnable) refers to sysctl.o(.constdata) for .constdata
    sysctl.o(i.SysCtlSleep) refers to cpu.o(.emb_text) for CPUwfi
    uart.o(i.UARTIntRegister) refers to interrupt.o(i.IntRegister) for IntRegister
    uart.o(i.UARTIntRegister) refers to interrupt.o(i.IntEnable) for IntEnable
    uart.o(i.UARTIntUnregister) refers to interrupt.o(i.IntDisable) for IntDisable
    uart.o(i.UARTIntUnregister) refers to interrupt.o(i.IntUnregister) for IntUnregister
    interrupt.o(i.IntMasterDisable) refers to cpu.o(.emb_text) for CPUcpsid
    interrupt.o(i.IntMasterEnable) refers to cpu.o(.emb_text) for CPUcpsie
    interrupt.o(i.IntPriorityGet) refers to interrupt.o(.constdata) for .constdata
    interrupt.o(i.IntPriorityGroupingGet) refers to interrupt.o(.constdata) for .constdata
    interrupt.o(i.IntPriorityGroupingSet) refers to interrupt.o(.constdata) for .constdata
    interrupt.o(i.IntPrioritySet) refers to interrupt.o(.constdata) for .constdata
    interrupt.o(i.IntRegister) refers to interrupt.o(vtable) for vtable
    interrupt.o(i.IntUnregister) refers to interrupt.o(i.IntDefaultHandler) for IntDefaultHandler
    interrupt.o(i.IntUnregister) refers to interrupt.o(vtable) for vtable
    pwm.o(i.PWMFaultIntRegister) refers to interrupt.o(i.IntRegister) for IntRegister
    pwm.o(i.PWMFaultIntRegister) refers to interrupt.o(i.IntEnable) for IntEnable
    pwm.o(i.PWMFaultIntUnregister) refers to interrupt.o(i.IntDisable) for IntDisable
    pwm.o(i.PWMFaultIntUnregister) refers to interrupt.o(i.IntUnregister) for IntUnregister
    pwm.o(i.PWMGenIntRegister) refers to interrupt.o(i.IntRegister) for IntRegister
    pwm.o(i.PWMGenIntRegister) refers to interrupt.o(i.IntEnable) for IntEnable
    pwm.o(i.PWMGenIntUnregister) refers to interrupt.o(i.IntDisable) for IntDisable
    pwm.o(i.PWMGenIntUnregister) refers to interrupt.o(i.IntUnregister) for IntUnregister
    entry.o(.ARM.Collect$$$$00000000) refers (Special) to entry7.o(.ARM.Collect$$$$00000007) for _main_init
    entry.o(.ARM.Collect$$$$00000000) refers (Special) to entry5.o(.ARM.Collect$$$$00000004) for _main_scatterload
    entry.o(.ARM.Collect$$$$00000000) refers (Special) to entry2.o(.ARM.Collect$$$$00000001) for _main_stk
    entry2.o(.ARM.Collect$$$$00000001) refers to entry2.o(.ARM.Collect$$$$00002712) for __lit__00000000
    entry2.o(.ARM.Collect$$$$00002712) refers to startup.o(STACK) for __initial_sp
    entry2.o(__vectab_stack_and_reset_area) refers to startup.o(STACK) for __initial_sp
    entry2.o(__vectab_stack_and_reset_area) refers to entry.o(.ARM.Collect$$$$00000000) for __main
    entry5.o(.ARM.Collect$$$$00000004) refers to init.o(.text) for __scatterload
    entry7.o(.ARM.Collect$$$$00000007) refers to regionv2012.o(.text) for main
    init.o(.text) refers to entry5.o(.ARM.Collect$$$$00000004) for __main_after_scatterload


==============================================================================

Removing Unused input sections from the image.

    Removing startup.o(HEAP), (0 bytes).
    Removing startup.o(.text), (0 bytes).
    Removing motor.obj(.text), (0 bytes).
    Removing init.obj(.text), (0 bytes).
    Removing gpio.o(i.GPIODirModeGet), (34 bytes).
    Removing gpio.o(i.GPIOGetIntNumber), (156 bytes).
    Removing gpio.o(i.GPIOIntTypeGet), (48 bytes).
    Removing gpio.o(i.GPIOIntTypeSet), (58 bytes).
    Removing gpio.o(i.GPIOPadConfigGet), (140 bytes).
    Removing gpio.o(i.GPIOPinConfigure), (72 bytes).
    Removing gpio.o(i.GPIOPinIntClear), (6 bytes).
    Removing gpio.o(i.GPIOPinIntDisable), (14 bytes).
    Removing gpio.o(i.GPIOPinIntEnable), (12 bytes).
    Removing gpio.o(i.GPIOPinIntStatus), (14 bytes).
    Removing gpio.o(i.GPIOPinTypeADC), (28 bytes).
    Removing gpio.o(i.GPIOPinTypeCAN), (28 bytes).
    Removing gpio.o(i.GPIOPinTypeComparator), (28 bytes).
    Removing gpio.o(i.GPIOPinTypeEPI), (28 bytes).
    Removing gpio.o(i.GPIOPinTypeEthernetLED), (28 bytes).
    Removing gpio.o(i.GPIOPinTypeGPIOOutputOD), (28 bytes).
    Removing gpio.o(i.GPIOPinTypeI2C), (28 bytes).
    Removing gpio.o(i.GPIOPinTypeI2S), (28 bytes).
    Removing gpio.o(i.GPIOPinTypeQEI), (28 bytes).
    Removing gpio.o(i.GPIOPinTypeSSI), (28 bytes).
    Removing gpio.o(i.GPIOPinTypeTimer), (28 bytes).
    Removing gpio.o(i.GPIOPinTypeUSBAnalog), (28 bytes).
    Removing gpio.o(i.GPIOPinTypeUSBDigital), (28 bytes).
    Removing gpio.o(i.GPIOPortIntRegister), (26 bytes).
    Removing gpio.o(i.GPIOPortIntUnregister), (22 bytes).
    Removing gpio.o(.constdata), (72 bytes).
    Removing sysctl.o(i.SysCtlADCSpeedGet), (16 bytes).
    Removing sysctl.o(i.SysCtlADCSpeedSet), (32 bytes).
    Removing sysctl.o(i.SysCtlBrownOutConfigSet), (16 bytes).
    Removing sysctl.o(i.SysCtlClkVerificationClear), (20 bytes).
    Removing sysctl.o(i.SysCtlDeepSleep), (32 bytes).
    Removing sysctl.o(i.SysCtlFlashSizeGet), (20 bytes).
    Removing sysctl.o(i.SysCtlGPIOAHBDisable), (20 bytes).
    Removing sysctl.o(i.SysCtlGPIOAHBEnable), (16 bytes).
    Removing sysctl.o(i.SysCtlI2SMClkSet), (216 bytes).
    Removing sysctl.o(i.SysCtlIOSCVerificationSet), (24 bytes).
    Removing sysctl.o(i.SysCtlIntClear), (12 bytes).
    Removing sysctl.o(i.SysCtlIntDisable), (16 bytes).
    Removing sysctl.o(i.SysCtlIntEnable), (16 bytes).
    Removing sysctl.o(i.SysCtlIntRegister), (20 bytes).
    Removing sysctl.o(i.SysCtlIntStatus), (16 bytes).
    Removing sysctl.o(i.SysCtlIntUnregister), (18 bytes).
    Removing sysctl.o(i.SysCtlLDOConfigSet), (12 bytes).
    Removing sysctl.o(i.SysCtlLDOGet), (12 bytes).
    Removing sysctl.o(i.SysCtlLDOSet), (12 bytes).
    Removing sysctl.o(i.SysCtlMOSCVerificationSet), (24 bytes).
    Removing sysctl.o(i.SysCtlPLLVerificationSet), (24 bytes).
    Removing sysctl.o(i.SysCtlPWMClockGet), (24 bytes).
    Removing sysctl.o(i.SysCtlPeripheralClockGating), (24 bytes).
    Removing sysctl.o(i.SysCtlPeripheralDeepSleepDisable), (32 bytes).
    Removing sysctl.o(i.SysCtlPeripheralDeepSleepEnable), (32 bytes).
    Removing sysctl.o(i.SysCtlPeripheralDisable), (32 bytes).
    Removing sysctl.o(i.SysCtlPeripheralReset), (56 bytes).
    Removing sysctl.o(i.SysCtlPeripheralSleepDisable), (32 bytes).
    Removing sysctl.o(i.SysCtlPeripheralSleepEnable), (32 bytes).
    Removing sysctl.o(i.SysCtlPinPresent), (16 bytes).
    Removing sysctl.o(i.SysCtlReset), (16 bytes).
    Removing sysctl.o(i.SysCtlResetCauseClear), (16 bytes).
    Removing sysctl.o(i.SysCtlResetCauseGet), (12 bytes).
    Removing sysctl.o(i.SysCtlSRAMSizeGet), (20 bytes).
    Removing sysctl.o(i.SysCtlSleep), (4 bytes).
    Removing sysctl.o(i.SysCtlUSBPLLDisable), (16 bytes).
    Removing sysctl.o(i.SysCtlUSBPLLEnable), (16 bytes).
    Removing uart.o(i.UARTBreakCtl), (18 bytes).
    Removing uart.o(i.UARTBusy), (8 bytes).
    Removing uart.o(i.UARTCharGetNonBlocking), (16 bytes).
    Removing uart.o(i.UARTCharPutNonBlocking), (18 bytes).
    Removing uart.o(i.UARTCharsAvail), (10 bytes).
    Removing uart.o(i.UARTConfigGetExpClk), (46 bytes).
    Removing uart.o(i.UARTDMADisable), (10 bytes).
    Removing uart.o(i.UARTDMAEnable), (8 bytes).
    Removing uart.o(i.UARTDisable), (30 bytes).
    Removing uart.o(i.UARTDisableSIR), (10 bytes).
    Removing uart.o(i.UARTEnableSIR), (18 bytes).
    Removing uart.o(i.UARTFIFODisable), (10 bytes).
    Removing uart.o(i.UARTFIFOEnable), (10 bytes).
    Removing uart.o(i.UARTFIFOLevelGet), (16 bytes).
    Removing uart.o(i.UARTFIFOLevelSet), (6 bytes).
    Removing uart.o(i.UARTFlowControlGet), (8 bytes).
    Removing uart.o(i.UARTFlowControlSet), (12 bytes).
    Removing uart.o(i.UARTIntClear), (4 bytes).
    Removing uart.o(i.UARTIntDisable), (10 bytes).
    Removing uart.o(i.UARTIntEnable), (8 bytes).
    Removing uart.o(i.UARTIntRegister), (46 bytes).
    Removing uart.o(i.UARTIntStatus), (10 bytes).
    Removing uart.o(i.UARTIntUnregister), (46 bytes).
    Removing uart.o(i.UARTModemControlClear), (14 bytes).
    Removing uart.o(i.UARTModemControlGet), (8 bytes).
    Removing uart.o(i.UARTModemControlSet), (12 bytes).
    Removing uart.o(i.UARTModemStatusGet), (10 bytes).
    Removing uart.o(i.UARTParityModeGet), (8 bytes).
    Removing uart.o(i.UARTParityModeSet), (12 bytes).
    Removing uart.o(i.UARTRxErrorClear), (6 bytes).
    Removing uart.o(i.UARTRxErrorGet), (8 bytes).
    Removing uart.o(i.UARTSmartCardDisable), (10 bytes).
    Removing uart.o(i.UARTSmartCardEnable), (22 bytes).
    Removing uart.o(i.UARTSpaceAvail), (10 bytes).
    Removing uart.o(i.UARTTxIntModeGet), (8 bytes).
    Removing uart.o(i.UARTTxIntModeSet), (12 bytes).
    Removing interrupt.o(i.IntDefaultHandler), (2 bytes).
    Removing interrupt.o(i.IntDisable), (104 bytes).
    Removing interrupt.o(i.IntEnable), (104 bytes).
    Removing interrupt.o(i.IntMasterDisable), (10 bytes).
    Removing interrupt.o(i.IntPendClear), (72 bytes).
    Removing interrupt.o(i.IntPendSet), (90 bytes).
    Removing interrupt.o(i.IntPriorityGet), (28 bytes).
    Removing interrupt.o(i.IntPriorityGroupingGet), (40 bytes).
    Removing interrupt.o(i.IntPriorityGroupingSet), (28 bytes).
    Removing interrupt.o(i.IntPrioritySet), (40 bytes).
    Removing interrupt.o(i.IntRegister), (56 bytes).
    Removing interrupt.o(i.IntUnregister), (20 bytes).
    Removing interrupt.o(.constdata), (104 bytes).
    Removing interrupt.o(vtable), (284 bytes).
    Removing pwm.o(i.PWMDeadBandDisable), (12 bytes).
    Removing pwm.o(i.PWMDeadBandEnable), (16 bytes).
    Removing pwm.o(i.PWMFaultIntClear), (8 bytes).
    Removing pwm.o(i.PWMFaultIntClearExt), (4 bytes).
    Removing pwm.o(i.PWMFaultIntRegister), (18 bytes).
    Removing pwm.o(i.PWMFaultIntUnregister), (18 bytes).
    Removing pwm.o(i.PWMGenDisable), (10 bytes).
    Removing pwm.o(i.PWMGenFaultClear), (18 bytes).
    Removing pwm.o(i.PWMGenFaultConfigure), (18 bytes).
    Removing pwm.o(i.PWMGenFaultStatus), (18 bytes).
    Removing pwm.o(i.PWMGenFaultTriggerGet), (12 bytes).
    Removing pwm.o(i.PWMGenFaultTriggerSet), (12 bytes).
    Removing pwm.o(i.PWMGenIntClear), (6 bytes).
    Removing pwm.o(i.PWMGenIntRegister), (34 bytes).
    Removing pwm.o(i.PWMGenIntStatus), (12 bytes).
    Removing pwm.o(i.PWMGenIntTrigDisable), (10 bytes).
    Removing pwm.o(i.PWMGenIntTrigEnable), (10 bytes).
    Removing pwm.o(i.PWMGenIntUnregister), (32 bytes).
    Removing pwm.o(i.PWMGenPeriodGet), (18 bytes).
    Removing pwm.o(i.PWMIntDisable), (10 bytes).
    Removing pwm.o(i.PWMIntEnable), (8 bytes).
    Removing pwm.o(i.PWMIntStatus), (10 bytes).
    Removing pwm.o(i.PWMOutputFault), (16 bytes).
    Removing pwm.o(i.PWMOutputFaultLevel), (16 bytes).
    Removing pwm.o(i.PWMPulseWidthGet), (32 bytes).
    Removing pwm.o(i.PWMSyncTimeBase), (4 bytes).
    Removing pwm.o(i.PWMSyncUpdate), (4 bytes).

144 unused section(s) (total 3898 bytes) removed from the image.

==============================================================================

Image Symbol Table

    Local Symbols

    Symbol Name                              Value     Ov Type        Size  Object(Section)

    RESET                                    0x00000000   Section      268  startup.o(RESET)
    ../../microlib/init/entry.s              0x00000000   Number         0  entry5.o ABSOLUTE
    ../../microlib/init/entry.s              0x00000000   Number         0  entry.o ABSOLUTE
    ../../microlib/init/entry.s              0x00000000   Number         0  entry7.o ABSOLUTE
    ../../microlib/init/entry.s              0x00000000   Number         0  entry2.o ABSOLUTE
    0215611                                  0x00000000   Number         0  motor.obj ABSOLUTE
    0261211                                  0x00000000   Number         0  init.obj ABSOLUTE
    C:\working_dir\Robotathon2010\StellarisWare\utils\uartstdio.c 0x00000000   Number         0  uartstdio.o ABSOLUTE
    Startup.s                                0x00000000   Number         0  startup.o ABSOLUTE
    charging.c                               0x00000000   Number         0  charging.o ABSOLUTE
    cpu.c                                    0x00000000   Number         0  cpu.o ABSOLUTE
    cpu.c                                    0x00000000   Number         0  cpu.o ABSOLUTE
    dc.s                                     0x00000000   Number         0  dc.o ABSOLUTE
    gpio.c                                   0x00000000   Number         0  gpio.o ABSOLUTE
    handlers.s                               0x00000000   Number         0  handlers.o ABSOLUTE
    init.s                                   0x00000000   Number         0  init.o ABSOLUTE
    interrupt.c                              0x00000000   Number         0  interrupt.o ABSOLUTE
    pwm.c                                    0x00000000   Number         0  pwm.o ABSOLUTE
    regionV2012.c                            0x00000000   Number         0  regionv2012.o ABSOLUTE
    sysctl.c                                 0x00000000   Number         0  sysctl.o ABSOLUTE
    sysctl.c                                 0x00000000   Number         0  sysctl.o ABSOLUTE
    travel.c                                 0x00000000   Number         0  travel.o ABSOLUTE
    uart.c                                   0x00000000   Number         0  uart.o ABSOLUTE
    NmiSR                                    0x00000105   Thumb Code     0  startup.o(RESET)
    FaultISR                                 0x00000107   Thumb Code     0  startup.o(RESET)
    IntDefaultHandler                        0x00000109   Thumb Code     0  startup.o(RESET)
    .ARM.Collect$$$$00000000                 0x0000010c   Section        0  entry.o(.ARM.Collect$$$$00000000)
    .ARM.Collect$$$$00000001                 0x0000010c   Section        4  entry2.o(.ARM.Collect$$$$00000001)
    .ARM.Collect$$$$00000004                 0x00000110   Section        4  entry5.o(.ARM.Collect$$$$00000004)
    .ARM.Collect$$$$00000007                 0x00000114   Section        8  entry7.o(.ARM.Collect$$$$00000007)
    .ARM.Collect$$$$00002712                 0x0000011c   Section        4  entry2.o(.ARM.Collect$$$$00002712)
    __lit__00000000                          0x0000011c   Data           4  entry2.o(.ARM.Collect$$$$00002712)
    .emb_text                                0x00000120   Section        6  sysctl.o(.emb_text)
    .emb_text                                0x00000128   Section       26  cpu.o(.emb_text)
    .text                                    0x00000144   Section        0  travel.o(.text)
    .text                                    0x00000194   Section        0  uartstdio.o(.text)
    .text                                    0x0000051c   Section        0  regionv2012.o(.text)
    .text                                    0x00000578   Section       36  init.o(.text)
    .text:InitializeMCU                      0x0000059c   Section       68  init.obj(.text:InitializeMCU)
    $C$CON3                                  0x000005cc   Data           0  init.obj(.text:InitializeMCU)
    $C$CON4                                  0x000005d0   Data           0  init.obj(.text:InitializeMCU)
    $C$CON5                                  0x000005d4   Data           0  init.obj(.text:InitializeMCU)
    $C$CON6                                  0x000005d8   Data           0  init.obj(.text:InitializeMCU)
    $C$CON7                                  0x000005dc   Data           0  init.obj(.text:InitializeMCU)
    .text:InitializeMotors                   0x000005e0   Section      192  motor.obj(.text:InitializeMotors)
    $C$CON3                                  0x00000688   Data           0  motor.obj(.text:InitializeMotors)
    $C$CON5                                  0x0000068c   Data           0  motor.obj(.text:InitializeMotors)
    $C$CON6                                  0x00000690   Data           0  motor.obj(.text:InitializeMotors)
    $C$CON7                                  0x00000694   Data           0  motor.obj(.text:InitializeMotors)
    $C$CON8                                  0x00000698   Data           0  motor.obj(.text:InitializeMotors)
    $C$CON9                                  0x0000069c   Data           0  motor.obj(.text:InitializeMotors)
    .text:LockoutProtection                  0x000006a0   Section       40  init.obj(.text:LockoutProtection)
    $C$DW$L$LockoutProtection$4$B            0x000006bd   Thumb Code     0  init.obj(.text:LockoutProtection)
    $C$L1                                    0x000006bd   Thumb Code     0  init.obj(.text:LockoutProtection)
    $C$DW$L$LockoutProtection$4$E            0x000006bf   Thumb Code     0  init.obj(.text:LockoutProtection)
    $C$L2                                    0x000006bf   Thumb Code     0  init.obj(.text:LockoutProtection)
    $C$CON1                                  0x000006c0   Data           0  init.obj(.text:LockoutProtection)
    $C$CON2                                  0x000006c4   Data           0  init.obj(.text:LockoutProtection)
    .text:SetMotorPower                      0x000006c8   Section       20  motor.obj(.text:SetMotorPower)
    $C$CON1                                  0x000006d8   Data           0  motor.obj(.text:SetMotorPower)
    .text:SetMotorPowers                     0x000006dc   Section       22  motor.obj(.text:SetMotorPowers)
    i.GPIODirModeSet                         0x000006f2   Section        0  gpio.o(i.GPIODirModeSet)
    i.GPIOPadConfigSet                       0x0000071a   Section        0  gpio.o(i.GPIOPadConfigSet)
    i.GPIOPinRead                            0x000007ca   Section        0  gpio.o(i.GPIOPinRead)
    i.GPIOPinTypeGPIOInput                   0x000007d0   Section        0  gpio.o(i.GPIOPinTypeGPIOInput)
    i.GPIOPinTypeGPIOOutput                  0x000007ec   Section        0  gpio.o(i.GPIOPinTypeGPIOOutput)
    i.GPIOPinTypePWM                         0x00000808   Section        0  gpio.o(i.GPIOPinTypePWM)
    i.GPIOPinTypeUART                        0x00000824   Section        0  gpio.o(i.GPIOPinTypeUART)
    i.GPIOPinWrite                           0x00000840   Section        0  gpio.o(i.GPIOPinWrite)
    i.IntMasterEnable                        0x00000846   Section        0  interrupt.o(i.IntMasterEnable)
    i.PWMGenConfigure                        0x00000850   Section        0  pwm.o(i.PWMGenConfigure)
    i.PWMGenEnable                           0x00000876   Section        0  pwm.o(i.PWMGenEnable)
    i.PWMGenPeriodSet                        0x00000880   Section        0  pwm.o(i.PWMGenPeriodSet)
    i.PWMOutputInvert                        0x00000892   Section        0  pwm.o(i.PWMOutputInvert)
    i.PWMOutputState                         0x000008a2   Section        0  pwm.o(i.PWMOutputState)
    i.PWMPulseWidthSet                       0x000008b2   Section        0  pwm.o(i.PWMPulseWidthSet)
    i.SysCtlClockGet                         0x000008d4   Section        0  sysctl.o(i.SysCtlClockGet)
    i.SysCtlClockSet                         0x00000ab8   Section        0  sysctl.o(i.SysCtlClockSet)
    i.SysCtlPWMClockSet                      0x00000bf0   Section        0  sysctl.o(i.SysCtlPWMClockSet)
    i.SysCtlPeripheralEnable                 0x00000c04   Section        0  sysctl.o(i.SysCtlPeripheralEnable)
    i.SysCtlPeripheralPresent                0x00000c24   Section        0  sysctl.o(i.SysCtlPeripheralPresent)
    i.UARTCharGet                            0x00000c64   Section        0  uart.o(i.UARTCharGet)
    i.UARTCharPut                            0x00000c70   Section        0  uart.o(i.UARTCharPut)
    i.UARTConfigSetExpClk                    0x00000c7c   Section        0  uart.o(i.UARTConfigSetExpClk)
    i.UARTEnable                             0x00000cea   Section        0  uart.o(i.UARTEnable)
    i.__scatterload_copy                     0x00000cfe   Section       14  handlers.o(i.__scatterload_copy)
    i.__scatterload_null                     0x00000d0c   Section        2  handlers.o(i.__scatterload_null)
    i.__scatterload_zeroinit                 0x00000d0e   Section       14  handlers.o(i.__scatterload_zeroinit)
    .constdata                               0x00000d1c   Section       28  uartstdio.o(.constdata)
    g_pcHex                                  0x00000d1c   Data           4  uartstdio.o(.constdata)
    g_ulUARTBase                             0x00000d20   Data          12  uartstdio.o(.constdata)
    g_ulUARTPeriph                           0x00000d2c   Data          12  uartstdio.o(.constdata)
    .constdata                               0x00000d38   Section      156  sysctl.o(.constdata)
    g_pulDCRegs                              0x00000d38   Data          16  sysctl.o(.constdata)
    g_pulSRCRRegs                            0x00000d48   Data          12  sysctl.o(.constdata)
    g_pulRCGCRegs                            0x00000d54   Data          12  sysctl.o(.constdata)
    g_pulSCGCRegs                            0x00000d60   Data          12  sysctl.o(.constdata)
    g_pulDCGCRegs                            0x00000d6c   Data          12  sysctl.o(.constdata)
    g_pulXtals                               0x00000d78   Data          92  sysctl.o(.constdata)
    .conststring                             0x00000dd4   Section       17  uartstdio.o(.conststring)
    .data                                    0x20000000   Section        1  travel.o(.data)
    .data                                    0x20000004   Section        5  uartstdio.o(.data)
    g_ulBase                                 0x20000004   Data           4  uartstdio.o(.data)
    bLastWasCR                               0x20000008   Data           1  uartstdio.o(.data)
    .bss                                     0x2000000c   Section        0  motor.obj(.bss)
    s_ulMotorPeriod                          0x2000000c   Data           0  motor.obj(.bss)
    .bss                                     0x20000010   Section        0  init.obj(.bss)
    STACK                                    0x20000020   Section      256  startup.o(STACK)
    StackMem                                 0x20000020   Data           0  startup.o(STACK)

    Global Symbols

    Symbol Name                              Value     Ov Type        Size  Object(Section)

    BuildAttributes$$THM_ISAv4$P$D$K$B$S$PE$FZ_POSZERO$A:L22UL41UL21$X:L11$S22US41US21$IEEE1$IW$USESV6$~STKCKD$USESV7$~SHL$OTIME$EBA8$MICROLIB$REQ8$PRES8$EABIv2 0x00000000   Number         0  anon$$obj.o ABSOLUTE
    __ARM_use_no_argv                        0x00000000   Number         0  regionv2012.o ABSOLUTE
    __Vectors                                0x00000000   Data           0  startup.o(RESET)
    __decompress                              - Undefined Weak Reference
    Reset_Handler                            0x00000101   Thumb Code     0  startup.o(RESET)
    __main                                   0x0000010d   Thumb Code     0  entry.o(.ARM.Collect$$$$00000000)
    _main_stk                                0x0000010d   Thumb Code     0  entry2.o(.ARM.Collect$$$$00000001)
    _main_scatterload                        0x00000111   Thumb Code     0  entry5.o(.ARM.Collect$$$$00000004)
    __main_after_scatterload                 0x00000115   Thumb Code     0  entry5.o(.ARM.Collect$$$$00000004)
    _main_init                               0x00000115   Thumb Code     0  entry7.o(.ARM.Collect$$$$00000007)
    SysCtlDelay                              0x00000121   Thumb Code     6  sysctl.o(.emb_text)
    CPUcpsid                                 0x00000129   Thumb Code     8  cpu.o(.emb_text)
    CPUprimask                               0x00000131   Thumb Code     6  cpu.o(.emb_text)
    CPUcpsie                                 0x00000137   Thumb Code     8  cpu.o(.emb_text)
    CPUwfi                                   0x0000013f   Thumb Code     4  cpu.o(.emb_text)
    travelInit                               0x00000145   Thumb Code    12  travel.o(.text)
    gotoCorner                               0x00000151   Thumb Code    62  travel.o(.text)
    UARTStdioInitExpClk                      0x00000195   Thumb Code    72  uartstdio.o(.text)
    UARTStdioInit                            0x000001dd   Thumb Code    16  uartstdio.o(.text)
    UARTwrite                                0x000001ed   Thumb Code    46  uartstdio.o(.text)
    UARTgets                                 0x0000021b   Thumb Code   126  uartstdio.o(.text)
    UARTgetc                                 0x00000299   Thumb Code    14  uartstdio.o(.text)
    UARTprintf                               0x000002a7   Thumb Code   590  uartstdio.o(.text)
    charging                                 0x0000051d   Thumb Code     4  regionv2012.o(.text)
    init                                     0x00000521   Thumb Code    38  regionv2012.o(.text)
    run                                      0x00000547   Thumb Code    26  regionv2012.o(.text)
    main                                     0x00000561   Thumb Code    14  regionv2012.o(.text)
    __scatterload                            0x00000579   Thumb Code    28  init.o(.text)
    __scatterload_rt2                        0x00000579   Thumb Code     0  init.o(.text)
    InitializeMCU                            0x0000059d   Thumb Code     0  init.obj(.text:InitializeMCU)
    InitializeMotors                         0x000005e1   Thumb Code     0  motor.obj(.text:InitializeMotors)
    LockoutProtection                        0x000006a1   Thumb Code     0  init.obj(.text:LockoutProtection)
    SetMotorPower                            0x000006c9   Thumb Code     0  motor.obj(.text:SetMotorPower)
    SetMotorPowers                           0x000006dd   Thumb Code     0  motor.obj(.text:SetMotorPowers)
    GPIODirModeSet                           0x000006f3   Thumb Code    40  gpio.o(i.GPIODirModeSet)
    GPIOPadConfigSet                         0x0000071b   Thumb Code   176  gpio.o(i.GPIOPadConfigSet)
    GPIOPinRead                              0x000007cb   Thumb Code     6  gpio.o(i.GPIOPinRead)
    GPIOPinTypeGPIOInput                     0x000007d1   Thumb Code    28  gpio.o(i.GPIOPinTypeGPIOInput)
    GPIOPinTypeGPIOOutput                    0x000007ed   Thumb Code    28  gpio.o(i.GPIOPinTypeGPIOOutput)
    GPIOPinTypePWM                           0x00000809   Thumb Code    28  gpio.o(i.GPIOPinTypePWM)
    GPIOPinTypeUART                          0x00000825   Thumb Code    28  gpio.o(i.GPIOPinTypeUART)
    GPIOPinWrite                             0x00000841   Thumb Code     6  gpio.o(i.GPIOPinWrite)
    IntMasterEnable                          0x00000847   Thumb Code    10  interrupt.o(i.IntMasterEnable)
    PWMGenConfigure                          0x00000851   Thumb Code    38  pwm.o(i.PWMGenConfigure)
    PWMGenEnable                             0x00000877   Thumb Code    10  pwm.o(i.PWMGenEnable)
    PWMGenPeriodSet                          0x00000881   Thumb Code    18  pwm.o(i.PWMGenPeriodSet)
    PWMOutputInvert                          0x00000893   Thumb Code    16  pwm.o(i.PWMOutputInvert)
    PWMOutputState                           0x000008a3   Thumb Code    16  pwm.o(i.PWMOutputState)
    PWMPulseWidthSet                         0x000008b3   Thumb Code    32  pwm.o(i.PWMPulseWidthSet)
    SysCtlClockGet                           0x000008d5   Thumb Code   438  sysctl.o(i.SysCtlClockGet)
    SysCtlClockSet                           0x00000ab9   Thumb Code   288  sysctl.o(i.SysCtlClockSet)
    SysCtlPWMClockSet                        0x00000bf1   Thumb Code    14  sysctl.o(i.SysCtlPWMClockSet)
    SysCtlPeripheralEnable                   0x00000c05   Thumb Code    26  sysctl.o(i.SysCtlPeripheralEnable)
    SysCtlPeripheralPresent                  0x00000c25   Thumb Code    50  sysctl.o(i.SysCtlPeripheralPresent)
    UARTCharGet                              0x00000c65   Thumb Code    12  uart.o(i.UARTCharGet)
    UARTCharPut                              0x00000c71   Thumb Code    12  uart.o(i.UARTCharPut)
    UARTConfigSetExpClk                      0x00000c7d   Thumb Code   110  uart.o(i.UARTConfigSetExpClk)
    UARTEnable                               0x00000ceb   Thumb Code    20  uart.o(i.UARTEnable)
    __scatterload_copy                       0x00000cff   Thumb Code    14  handlers.o(i.__scatterload_copy)
    __scatterload_null                       0x00000d0d   Thumb Code     2  handlers.o(i.__scatterload_null)
    __scatterload_zeroinit                   0x00000d0f   Thumb Code    14  handlers.o(i.__scatterload_zeroinit)
    Region$$Table$$Base                      0x00000de8   Number         0  anon$$obj.o(Region$$Table)
    Region$$Table$$Limit                     0x00000e08   Number         0  anon$$obj.o(Region$$Table)
    currentCorner                            0x20000000   Data           1  travel.o(.data)
    g_ulTicksPerSecond                       0x20000010   Data           0  init.obj(.bss)
    g_ulTicksPerUs                           0x20000014   Data           0  init.obj(.bss)
    g_ulPWMTicksPerSecond                    0x20000018   Data           0  init.obj(.bss)
    __initial_sp                             0x20000120   Data           0  startup.o(STACK)



==============================================================================

Memory Map of the image

  Image Entry point : 0x00000101

  Load Region LR_1 (Base: 0x00000000, Size: 0x00000e14, Max: 0xffffffff, ABSOLUTE)

    Execution Region ER_RO (Base: 0x00000000, Size: 0x00000e08, Max: 0xffffffff, ABSOLUTE)

    Base Addr    Size         Type   Attr      Idx    E Section Name        Object

    0x00000000   0x0000010c   Code   RO           84  * RESET               startup.o
    0x0000010c   0x00000000   Code   RO         1231  * .ARM.Collect$$$$00000000  mc_w.l(entry.o)(mc_w.l)
    0x0000010c   0x00000004   Code   RO         1234    .ARM.Collect$$$$00000001  mc_w.l(entry2.o)(mc_w.l)
    0x00000110   0x00000004   Code   RO         1237    .ARM.Collect$$$$00000004  mc_w.l(entry5.o)(mc_w.l)
    0x00000114   0x00000008   Code   RO         1238    .ARM.Collect$$$$00000007  mc_w.l(entry7.o)(mc_w.l)
    0x0000011c   0x00000004   Code   RO         1235    .ARM.Collect$$$$00002712  mc_w.l(entry2.o)(mc_w.l)
    0x00000120   0x00000006   Code   RO          400    .emb_text           driverlib.lib(sysctl.o)(driverlib.lib)
    0x00000126   0x00000002   PAD
    0x00000128   0x0000001a   Code   RO          925    .emb_text           driverlib.lib(cpu.o)(driverlib.lib)
    0x00000142   0x00000002   PAD
    0x00000144   0x00000050   Code   RO            6    .text               travel.o
    0x00000194   0x00000388   Code   RO           33    .text               uartstdio.o
    0x0000051c   0x0000005c   Code   RO           91    .text               regionv2012.o
    0x00000578   0x00000024   Code   RO         1239    .text               mc_w.l(init.o)(mc_w.l)
    0x0000059c   0x00000044   Code   RO          152    .text:InitializeMCU  raslib.lib(init.obj)(raslib.lib)
    0x000005e0   0x000000c0   Code   RO          114    .text:InitializeMotors  raslib.lib(motor.obj)(raslib.lib)
    0x000006a0   0x00000028   Code   RO          151    .text:LockoutProtection  raslib.lib(init.obj)(raslib.lib)
    0x000006c8   0x00000014   Code   RO          112    .text:SetMotorPower  raslib.lib(motor.obj)(raslib.lib)
    0x000006dc   0x00000016   Code   RO          113    .text:SetMotorPowers  raslib.lib(motor.obj)(raslib.lib)
    0x000006f2   0x00000028   Code   RO          172    i.GPIODirModeSet    driverlib.lib(gpio.o)(driverlib.lib)
    0x0000071a   0x000000b0   Code   RO          177    i.GPIOPadConfigSet  driverlib.lib(gpio.o)(driverlib.lib)
    0x000007ca   0x00000006   Code   RO          183    i.GPIOPinRead       driverlib.lib(gpio.o)(driverlib.lib)
    0x000007d0   0x0000001c   Code   RO          189    i.GPIOPinTypeGPIOInput  driverlib.lib(gpio.o)(driverlib.lib)
    0x000007ec   0x0000001c   Code   RO          190    i.GPIOPinTypeGPIOOutput  driverlib.lib(gpio.o)(driverlib.lib)
    0x00000808   0x0000001c   Code   RO          194    i.GPIOPinTypePWM    driverlib.lib(gpio.o)(driverlib.lib)
    0x00000824   0x0000001c   Code   RO          198    i.GPIOPinTypeUART   driverlib.lib(gpio.o)(driverlib.lib)
    0x00000840   0x00000006   Code   RO          201    i.GPIOPinWrite      driverlib.lib(gpio.o)(driverlib.lib)
    0x00000846   0x0000000a   Code   RO          939    i.IntMasterEnable   driverlib.lib(interrupt.o)(driverlib.lib)
    0x00000850   0x00000026   Code   RO         1027    i.PWMGenConfigure   driverlib.lib(pwm.o)(driverlib.lib)
    0x00000876   0x0000000a   Code   RO         1029    i.PWMGenEnable      driverlib.lib(pwm.o)(driverlib.lib)
    0x00000880   0x00000012   Code   RO         1042    i.PWMGenPeriodSet   driverlib.lib(pwm.o)(driverlib.lib)
    0x00000892   0x00000010   Code   RO         1048    i.PWMOutputInvert   driverlib.lib(pwm.o)(driverlib.lib)
    0x000008a2   0x00000010   Code   RO         1049    i.PWMOutputState    driverlib.lib(pwm.o)(driverlib.lib)
    0x000008b2   0x00000020   Code   RO         1051    i.PWMPulseWidthSet  driverlib.lib(pwm.o)(driverlib.lib)
    0x000008d2   0x00000002   PAD
    0x000008d4   0x000001e4   Code   RO          405    i.SysCtlClockGet    driverlib.lib(sysctl.o)(driverlib.lib)
    0x00000ab8   0x00000138   Code   RO          406    i.SysCtlClockSet    driverlib.lib(sysctl.o)(driverlib.lib)
    0x00000bf0   0x00000014   Code   RO          425    i.SysCtlPWMClockSet  driverlib.lib(sysctl.o)(driverlib.lib)
    0x00000c04   0x00000020   Code   RO          430    i.SysCtlPeripheralEnable  driverlib.lib(sysctl.o)(driverlib.lib)
    0x00000c24   0x00000040   Code   RO          431    i.SysCtlPeripheralPresent  driverlib.lib(sysctl.o)(driverlib.lib)
    0x00000c64   0x0000000c   Code   RO          676    i.UARTCharGet       driverlib.lib(uart.o)(driverlib.lib)
    0x00000c70   0x0000000c   Code   RO          678    i.UARTCharPut       driverlib.lib(uart.o)(driverlib.lib)
    0x00000c7c   0x0000006e   Code   RO          682    i.UARTConfigSetExpClk  driverlib.lib(uart.o)(driverlib.lib)
    0x00000cea   0x00000014   Code   RO          687    i.UARTEnable        driverlib.lib(uart.o)(driverlib.lib)
    0x00000cfe   0x0000000e   Code   RO         1243    i.__scatterload_copy  mc_w.l(handlers.o)(mc_w.l)
    0x00000d0c   0x00000002   Code   RO         1244    i.__scatterload_null  mc_w.l(handlers.o)(mc_w.l)
    0x00000d0e   0x0000000e   Code   RO         1245    i.__scatterload_zeroinit  mc_w.l(handlers.o)(mc_w.l)
    0x00000d1c   0x0000001c   Data   RO           34    .constdata          uartstdio.o
    0x00000d38   0x0000009c   Data   RO          443    .constdata          driverlib.lib(sysctl.o)(driverlib.lib)
    0x00000dd4   0x00000011   Data   RO           35    .conststring        uartstdio.o
    0x00000de5   0x00000003   PAD
    0x00000de8   0x00000020   Data   RO         1241    Region$$Table       anon$$obj.o


    Execution Region ER_RW (Base: 0x20000000, Size: 0x0000000c, Max: 0xffffffff, ABSOLUTE)

    Base Addr    Size         Type   Attr      Idx    E Section Name        Object

    0x20000000   0x00000001   Data   RW            7    .data               travel.o
    0x20000001   0x00000003   PAD
    0x20000004   0x00000005   Data   RW           36    .data               uartstdio.o


    Execution Region ER_ZI (Base: 0x2000000c, Size: 0x00000114, Max: 0xffffffff, ABSOLUTE)

    Base Addr    Size         Type   Attr      Idx    E Section Name        Object

    0x2000000c   0x00000004   Zero   RW          111    .bss                raslib.lib(motor.obj)(raslib.lib)
    0x20000010   0x0000000c   Zero   RW          150    .bss                raslib.lib(init.obj)(raslib.lib)
    0x2000001c   0x00000004   PAD
    0x20000020   0x00000100   Zero   RW           82    STACK               startup.o


==============================================================================

Image component sizes


      Code (inc. data)   RO Data    RW Data    ZI Data      Debug   Object Name

         0          0          0          0          0          0   charging.o
        92         10          0          0          0          0   regionv2012.o
       268        258          0          0        256          0   startup.o
        80          6          0          1          0          0   travel.o
       904         40         45          5          0          0   uartstdio.o

    ----------------------------------------------------------------------
      1344        314         80         12        256          0   Object Totals
         0          0         32          0          0          0   (incl. Generated)
         0          0          3          6          0          0   (incl. Padding)

    ----------------------------------------------------------------------

      Code (inc. data)   RO Data    RW Data    ZI Data      Debug   Library Member Name

        26          0          0          0          0          0   cpu.o
       340          0          0          0          0          0   gpio.o
        10          0          0          0          0          0   interrupt.o
       130          0          0          0          0          0   pwm.o
       918         96        156          0          0          0   sysctl.o
       154          0          0          0          0          0   uart.o
         0          0          0          0          0          0   entry.o
         8          4          0          0          0          0   entry2.o
         4          0          0          0          0          0   entry5.o
         8          4          0          0          0          0   entry7.o
        30          0          0          0          0          0   handlers.o
        36          8          0          0          0          0   init.o
       108         28          0          0         12          0   init.obj
       234         28          0          0          4          0   motor.obj

    ----------------------------------------------------------------------
      2012        168        156          0         20          0   Library Totals
         6          0          0          0          4          1   (incl. Padding)

    ----------------------------------------------------------------------

      Code (inc. data)   RO Data    RW Data    ZI Data      Debug   Library Name

      1578         96        156          0          0      18662   driverlib.lib
        86         16          0          0          0         68   mc_w.l
       342         56          0          0         16       7895   raslib.lib

    ----------------------------------------------------------------------
      2012        168        156          0         20          0   Library Totals

    ----------------------------------------------------------------------

==============================================================================


      Code (inc. data)   RO Data    RW Data    ZI Data      Debug   

      3356        482        236         12        276      32216   Grand Totals
      3356        482        236         12        276      32216   ELF Image Totals
      3356        482        236         12          0          0   ROM Totals

==============================================================================

    Total RO  Size (Code + RO Data)                 3592 (   3.51kB)
    Total RW  Size (RW Data + ZI Data)               288 (   0.28kB)
    Total ROM Size (Code + RO Data + RW Data)       3604 (   3.52kB)

==============================================================================

