<html>
<body>
<pre>
<h1>µVision Build Log</h1>
<h2>Project:</h2>
C:\Documents and Settings\RAS\Desktop\Rasware2009\demos\RobzDemo\RobzDemo.uvproj
Project File Date:  04/12/2012

<h2>Output:</h2>
Load "C:\\Documents and Settings\\RAS\\Desktop\\Rasware2009\\demos\\RobzDemo\\RobzDemo.AXF" 
Warning: OSC to JTAG clock ratio violation - JTAG clock has been automatically adjusted to comply.
Connecting: Mode=JTAG, Speed=600000Hz
Erase Done.
Programming Done.
Verify OK.
Load "C:\\Documents and Settings\\RAS\\Desktop\\Rasware2009\\demos\\RobzDemo\\RobzDemo.AXF" 
Warning: OSC to JTAG clock ratio violation - JTAG clock has been automatically adjusted to comply.
Connecting: Mode=JTAG, Speed=600000Hz
Erase Done.
Programming Done.
Verify OK.
Load "C:\\Documents and Settings\\RAS\\Desktop\\Rasware2009\\demos\\RobzDemo\\RobzDemo.AXF" 
Warning: OSC to JTAG clock ratio violation - JTAG clock has been automatically adjusted to comply.
Connecting: Mode=JTAG, Speed=600000Hz
Erase Done.
Programming Done.
Verify OK.
Load "C:\\Documents and Settings\\RAS\\Desktop\\Rasware2009\\demos\\RobzDemo\\RobzDemo.AXF" 
Warning: OSC to JTAG clock ratio violation - JTAG clock has been automatically adjusted to comply.
Connecting: Mode=JTAG, Speed=600000Hz
Erase Done.
Programming Done.
Verify OK.
Load "C:\\Documents and Settings\\RAS\\Desktop\\Rasware2009\\demos\\RobzDemo\\RobzDemo.AXF" 
Warning: OSC to JTAG clock ratio violation - JTAG clock has been automatically adjusted to comply.
Connecting: Mode=JTAG, Speed=600000Hz
Erase Done.
Programming Done.
Verify OK.
Load "C:\\Documents and Settings\\RAS\\Desktop\\Rasware2009\\demos\\RobzDemo\\RobzDemo.AXF" 
Warning: OSC to JTAG clock ratio violation - JTAG clock has been automatically adjusted to comply.
Connecting: Mode=JTAG, Speed=600000Hz
Erase Done.
Programming Done.
Verify OK.
Build target 'Target 1'
compiling ServoDemo.c...
ServoDemo.c(18): error:  #20: identifier "Servo_0" is undefined
ServoDemo.c:    SetServoPosition(Servo_0,0);
ServoDemo.c:                     ^
ServoDemo.c(21): error:  #268: declaration may not appear after executable statement in block
ServoDemo.c:    unsigned char position = 0;
ServoDemo.c:    ^
ServoDemo.c(22): error:  #268: declaration may not appear after executable statement in block
ServoDemo.c:    unsigned char position2 = 255;
ServoDemo.c:    ^
ServoDemo.c(23): error:  #268: declaration may not appear after executable statement in block
ServoDemo.c:    char newline = 13;
ServoDemo.c:    ^
ServoDemo.c(24): error:  #268: declaration may not appear after executable statement in block
ServoDemo.c:    char ch;
ServoDemo.c:    ^
ServoDemo.c(37): error:  #127: expected a statement
ServoDemo.c:            else if (ch == 'd')
ServoDemo.c:            ^
ServoDemo.c: ServoDemo.c: 0 warnings, 6 errors
Target not created
Load "C:\\Documents and Settings\\RAS\\Desktop\\Rasware2009\\demos\\RobzDemo\\RobzDemo.AXF" 
_____^
*** error 56: cant open file
Build target 'Target 1'
compiling UARTDemo.c...
compiling MotorDemo.c...
compiling ServoDemo.c...
ServoDemo.c(18): error:  #20: identifier "Servo_0" is undefined
ServoDemo.c:    SetServoPosition(Servo_0,0);
ServoDemo.c:                     ^
ServoDemo.c(21): error:  #268: declaration may not appear after executable statement in block
ServoDemo.c:    unsigned char position = 0;
ServoDemo.c:    ^
ServoDemo.c(22): error:  #268: declaration may not appear after executable statement in block
ServoDemo.c:    unsigned char position2 = 255;
ServoDemo.c:    ^
ServoDemo.c(23): error:  #268: declaration may not appear after executable statement in block
ServoDemo.c:    char newline = 13;
ServoDemo.c:    ^
ServoDemo.c(24): error:  #268: declaration may not appear after executable statement in block
ServoDemo.c:    char ch;
ServoDemo.c:    ^
ServoDemo.c(37): error:  #127: expected a statement
ServoDemo.c:            else if (ch == 'd')
ServoDemo.c:            ^
ServoDemo.c: ServoDemo.c: 0 warnings, 6 errors
compiling LineSensorDemo.c...
compiling IRSensorDemo.c...
compiling EncoderDemo.c...
compiling uartstdio.c...
assembling Startup.s...
compiling RobzDemo.c...
Target not created
Load "C:\\Documents and Settings\\RAS\\Desktop\\Rasware2009\\demos\\RobzDemo\\RobzDemo.AXF" 
_____^
*** error 56: cant open file
Warning: OSC to JTAG clock ratio violation - JTAG clock has been automatically adjusted to comply.
Connecting: Mode=JTAG, Speed=600000Hz
Full Chip Erase Done.
Load "C:\\Documents and Settings\\RAS\\Desktop\\Rasware2009\\demos\\RobzDemo\\RobzDemo.AXF" 
_____^
*** error 56: cant open file
Build target 'Target 1'
compiling ServoDemo.c...
ServoDemo.c(18): error:  #20: identifier "Servo_0" is undefined
ServoDemo.c:    SetServoPosition(Servo_0,0);
ServoDemo.c:                     ^
ServoDemo.c(21): error:  #268: declaration may not appear after executable statement in block
ServoDemo.c:    unsigned char position = 0;
ServoDemo.c:    ^
ServoDemo.c(22): error:  #268: declaration may not appear after executable statement in block
ServoDemo.c:    unsigned char position2 = 255;
ServoDemo.c:    ^
ServoDemo.c(23): error:  #268: declaration may not appear after executable statement in block
ServoDemo.c:    char newline = 13;
ServoDemo.c:    ^
ServoDemo.c(24): error:  #268: declaration may not appear after executable statement in block
ServoDemo.c:    char ch;
ServoDemo.c:    ^
ServoDemo.c(37): error:  #127: expected a statement
ServoDemo.c:            else if (ch == 'd')
ServoDemo.c:            ^
ServoDemo.c: ServoDemo.c: 0 warnings, 6 errors
Target not created
Load "C:\\Documents and Settings\\RAS\\Desktop\\Rasware2009\\demos\\RobzDemo\\RobzDemo.AXF" 
_____^
*** error 56: cant open file
Clean started: Project: 'RobzDemo'
   deleting intermediate output files for target 'Target 1'
Build target 'Target 1'
compiling UARTDemo.c...
compiling MotorDemo.c...
compiling ServoDemo.c...
ServoDemo.c(21): error:  #268: declaration may not appear after executable statement in block
ServoDemo.c:    unsigned char position = 0;
ServoDemo.c:    ^
ServoDemo.c(22): error:  #268: declaration may not appear after executable statement in block
ServoDemo.c:    unsigned char position2 = 255;
ServoDemo.c:    ^
ServoDemo.c(23): error:  #268: declaration may not appear after executable statement in block
ServoDemo.c:    char newline = 13;
ServoDemo.c:    ^
ServoDemo.c(24): error:  #268: declaration may not appear after executable statement in block
ServoDemo.c:    char ch;
ServoDemo.c:    ^
ServoDemo.c(37): error:  #127: expected a statement
ServoDemo.c:            else if (ch == 'd')
ServoDemo.c:            ^
ServoDemo.c: ServoDemo.c: 0 warnings, 5 errors
compiling LineSensorDemo.c...
compiling IRSensorDemo.c...
compiling EncoderDemo.c...
compiling uartstdio.c...
assembling Startup.s...
compiling RobzDemo.c...
Target not created
Build target 'Target 1'
compiling ServoDemo.c...
ServoDemo.c(24): error:  #268: declaration may not appear after executable statement in block
ServoDemo.c:    char newline = 13;
ServoDemo.c:    ^
ServoDemo.c(25): error:  #268: declaration may not appear after executable statement in block
ServoDemo.c:    char ch;
ServoDemo.c:    ^
ServoDemo.c(38): error:  #127: expected a statement
ServoDemo.c:            else if (ch == 'd')
ServoDemo.c:            ^
ServoDemo.c: ServoDemo.c: 0 warnings, 3 errors
Target not created
Load "C:\\Documents and Settings\\RAS\\Desktop\\Rasware2009\\demos\\RobzDemo\\RobzDemo.AXF" 
_____^
*** error 56: cant open file
Build target 'Target 1'
compiling ServoDemo.c...
ServoDemo.c(37): error:  #127: expected a statement
ServoDemo.c:            else if (ch == 'd')
ServoDemo.c:            ^
ServoDemo.c: ServoDemo.c: 0 warnings, 1 error
Target not created
Build target 'Target 1'
compiling ServoDemo.c...
linking...
Program Size: Code=6708 RO-data=236 RW-data=60 ZI-data=260  
"RobzDemo.axf" - 0 Error(s), 0 Warning(s).
Load "C:\\Documents and Settings\\RAS\\Desktop\\Rasware2009\\demos\\RobzDemo\\RobzDemo.AXF" 
Warning: OSC to JTAG clock ratio violation - JTAG clock has been automatically adjusted to comply.
Connecting: Mode=JTAG, Speed=600000Hz
Erase Done.
Programming Done.
Verify OK.
Build target 'Target 1'
linking...
Program Size: Code=6644 RO-data=236 RW-data=60 ZI-data=260  
"RobzDemo.axf" - 0 Error(s), 0 Warning(s).
Load "C:\\Documents and Settings\\RAS\\Desktop\\Rasware2009\\demos\\RobzDemo\\RobzDemo.AXF" 
Warning: OSC to JTAG clock ratio violation - JTAG clock has been automatically adjusted to comply.
Connecting: Mode=JTAG, Speed=600000Hz
Erase Done.
Programming Done.
Verify OK.
Build target 'Target 1'
compiling ServoDemo.c...
linking...
Program Size: Code=6644 RO-data=236 RW-data=60 ZI-data=260  
"RobzDemo.axf" - 0 Error(s), 0 Warning(s).
Load "C:\\Documents and Settings\\RAS\\Desktop\\Rasware2009\\demos\\RobzDemo\\RobzDemo.AXF" 
Warning: OSC to JTAG clock ratio violation - JTAG clock has been automatically adjusted to comply.
Connecting: Mode=JTAG, Speed=600000Hz
Erase Done.
Programming Done.
Verify OK.
Build target 'Target 1'
compiling UARTDemo.c...
compiling MotorDemo.c...
compiling ServoDemo.c...
compiling LineSensorDemo.c...
compiling IRSensorDemo.c...
compiling EncoderDemo.c...
compiling uartstdio.c...
assembling Startup.s...
compiling RobzDemo.c...
linking...
Program Size: Code=6644 RO-data=236 RW-data=60 ZI-data=260  
"RobzDemo.axf" - 0 Error(s), 0 Warning(s).
Build target 'Target 1'
compiling ServoDemo.c...
ServoDemo.c(53): error: At end of source:  #67: expected a "}"
ServoDemo.c: ServoDemo.c: 0 warnings, 1 error
Target not created
Build target 'Target 1'
compiling ServoDemo.c...
linking...
Program Size: Code=6688 RO-data=236 RW-data=60 ZI-data=260  
"RobzDemo.axf" - 0 Error(s), 0 Warning(s).
Build target 'Target 1'
linking...
Program Size: Code=6688 RO-data=236 RW-data=60 ZI-data=260  
"RobzDemo.axf" - 0 Error(s), 0 Warning(s).
Load "C:\\Documents and Settings\\RAS\\Desktop\\Rasware2009\\demos\\RobzDemo\\RobzDemo.AXF" 
Warning: OSC to JTAG clock ratio violation - JTAG clock has been automatically adjusted to comply.
Connecting: Mode=JTAG, Speed=600000Hz
Erase Done.
Programming Done.
Verify OK.
Build target 'Target 1'
compiling ServoDemo.c...
linking...
Program Size: Code=6688 RO-data=236 RW-data=60 ZI-data=260  
"RobzDemo.axf" - 0 Error(s), 0 Warning(s).
Load "C:\\Documents and Settings\\RAS\\Desktop\\Rasware2009\\demos\\RobzDemo\\RobzDemo.AXF" 
Warning: OSC to JTAG clock ratio violation - JTAG clock has been automatically adjusted to comply.
Connecting: Mode=JTAG, Speed=600000Hz
Erase Done.
Programming Done.
Verify OK.
