<html>
<body>
<pre>
<h1>µVision Build Log</h1>
<h2>Project:</h2>
D:\ras\Rasware2009\demos\RobzDemo\RobzDemo.uvproj
Project File Date:  04/23/2012

<h2>Output:</h2>
Rebuild target 'Target 1'
compiling UARTDemo.c...
compiling MotorDemo.c...
compiling ServoDemo.c...
compiling LineSensorDemo.c...
compiling IRSensorDemo.c...
compiling EncoderDemo.c...
compiling uartstdio.c...
assembling Startup.s...
compiling RobzDemo.c...
linking...
Program Size: Code=6744 RO-data=236 RW-data=60 ZI-data=260  
"RobzDemo.axf" - 0 Error(s), 0 Warning(s).
Load "D:\\ras\\Rasware2009\\demos\\RobzDemo\\RobzDemo.AXF" 
Warning: OSC to JTAG clock ratio violation - JTAG clock has been automatically adjusted to comply.
Connecting: Mode=JTAG, Speed=600000Hz
Erase Done.
Programming Done.
Verify OK.
