<html>
<body>
<pre>
<h1>µVision3 Build Log</h1>
<h2>Project:</h2>
C:\Users\Administrator\Desktop\RobzDemo\RobzDemo.uv2
Project File Date:  09/20/2010

<h2>Output:</h2>
Build target 'Target 1'
compiling UARTDemo.c...
compiling MotorDemo.c...
compiling ServoDemo.c...
compiling LineSensorDemo.c...
compiling IRSensorDemo.c...
compiling EncoderDemo.c...
compiling uartstdio.c...
assembling Startup.s...
compiling RobzDemo.c...
linking...
Program Size: Code=5448 RO-data=236 RW-data=56 ZI-data=352  
"RobzDemo.axf" - 0 Error(s), 0 Warning(s).
Load "C:\\Users\\Administrator\\Desktop\\RobzDemo\\RobzDemo.AXF" 
USB Communication Failure
Build target 'Target 1'
compiling UARTDemo.c...
compiling MotorDemo.c...
compiling ServoDemo.c...
compiling LineSensorDemo.c...
compiling IRSensorDemo.c...
compiling EncoderDemo.c...
compiling uartstdio.c...
assembling Startup.s...
compiling RobzDemo.c...
linking...
Program Size: Code=5448 RO-data=236 RW-data=56 ZI-data=352  
"RobzDemo.axf" - 0 Error(s), 0 Warning(s).
Load "C:\\Users\\Administrator\\Desktop\\RobzDemo\\RobzDemo.AXF" 
USB Communication Failure
Load "C:\\Users\\Administrator\\Desktop\\RobzDemo\\RobzDemo.AXF" 
USB Communication Failure
Load "C:\\Users\\Administrator\\Desktop\\RobzDemo\\RobzDemo.AXF" 
USB Communication Failure
Load "C:\\Users\\Administrator\\Desktop\\RobzDemo\\RobzDemo.AXF" 
USB Communication Failure
