ARM Linker, 4.1 [Build 561] [Evaluation]

==============================================================================

Section Cross References

    uartstdio.o(.text) refers to sysctl.o(i.SysCtlPeripheralPresent) for SysCtlPeripheralPresent
    uartstdio.o(.text) refers to sysctl.o(i.SysCtlPeripheralEnable) for SysCtlPeripheralEnable
    uartstdio.o(.text) refers to sysctl.o(i.SysCtlClockGet) for SysCtlClockGet
    uartstdio.o(.text) refers to uart.o(i.UARTConfigSetExpClk) for UARTConfigSetExpClk
    uartstdio.o(.text) refers to uart.o(i.UARTEnable) for UARTEnable
    uartstdio.o(.text) refers to uart.o(i.UARTCharPut) for UARTCharPut
    uartstdio.o(.text) refers to uart.o(i.UARTCharGet) for UARTCharGet
    uartstdio.o(.text) refers to uartstdio.o(.constdata) for g_ulUARTPeriph
    uartstdio.o(.text) refers to uartstdio.o(.data) for g_ulBase
    uartstdio.o(.constdata) refers to uartstdio.o(.conststring) for .conststring
    startup.o(RESET) refers to startup.o(STACK) for StackMem
    startup.o(RESET) refers to encoder.o(i.EncoderInterruptHandler) for EncoderInterruptHandler
    startup.o(RESET) refers to linesensor.o(i.LSIntHandler) for LSIntHandler
    startup.o(RESET) refers to entry.o(.ARM.Collect$$$$00000000) for __main
    i2cdemo.o(.text) refers to i2c.o(i.I2CMasterSlaveAddrSet) for I2CMasterSlaveAddrSet
    i2cdemo.o(.text) refers to i2c.o(i.I2CMasterDataPut) for I2CMasterDataPut
    i2cdemo.o(.text) refers to i2c.o(i.I2CMasterControl) for I2CMasterControl
    i2cdemo.o(.text) refers to i2c.o(i.I2CMasterBusy) for I2CMasterBusy
    i2cdemo.o(.text) refers to uartstdio.o(.text) for UARTprintf
    i2cdemo.o(.text) refers to i2c.o(i.I2CMasterDataGet) for I2CMasterDataGet
    i2cdemo.o(.text) refers to sysctl.o(i.SysCtlPeripheralEnable) for SysCtlPeripheralEnable
    i2cdemo.o(.text) refers to gpio.o(i.GPIOPinTypeI2C) for GPIOPinTypeI2C
    i2cdemo.o(.text) refers to sysctl.o(i.SysCtlClockGet) for SysCtlClockGet
    i2cdemo.o(.text) refers to i2c.o(i.I2CMasterInitExpClk) for I2CMasterInitExpClk
    i2cdemo.o(.text) refers to i2c.o(i.I2CMasterErr) for I2CMasterErr
    i2cdemo.o(.text) refers to timer.o(i.Wait) for Wait
    i2cdemo.o(.text) refers to init.o(i.LockoutProtection) for LockoutProtection
    i2cdemo.o(.text) refers to init.o(i.InitializeMCU) for InitializeMCU
    i2cdemo.o(.text) refers to gpio.o(i.GPIOPinTypeUART) for GPIOPinTypeUART
    i2cdemo.o(.text) refers to servo.o(i.InitializeServos) for InitializeServos
    i2cdemo.o(.text) refers to servo.o(i.SetServoPosition) for SetServoPosition
    i2cdemo.o(.text) refers to motor.o(i.InitializeMotors) for InitializeMotors
    i2cdemo.o(.text) refers to encoder.o(i.InitializeEncoders) for InitializeEncoders
    i2cdemo.o(.text) refers to i2cdemo.o(.data) for i2c_address
    i2cdemo.o(.text) refers to i2cdemo.o(.bss) for i2c_buffer
    i2cdemo.o(.text) refers to motor.o(i.SetMotorPowers) for SetMotorPowers
    gpio.o(i.GPIOPinConfigure) refers to gpio.o(.constdata) for .constdata
    gpio.o(i.GPIOPinTypeADC) refers to gpio.o(i.GPIODirModeSet) for GPIODirModeSet
    gpio.o(i.GPIOPinTypeADC) refers to gpio.o(i.GPIOPadConfigSet) for GPIOPadConfigSet
    gpio.o(i.GPIOPinTypeCAN) refers to gpio.o(i.GPIODirModeSet) for GPIODirModeSet
    gpio.o(i.GPIOPinTypeCAN) refers to gpio.o(i.GPIOPadConfigSet) for GPIOPadConfigSet
    gpio.o(i.GPIOPinTypeComparator) refers to gpio.o(i.GPIODirModeSet) for GPIODirModeSet
    gpio.o(i.GPIOPinTypeComparator) refers to gpio.o(i.GPIOPadConfigSet) for GPIOPadConfigSet
    gpio.o(i.GPIOPinTypeEPI) refers to gpio.o(i.GPIODirModeSet) for GPIODirModeSet
    gpio.o(i.GPIOPinTypeEPI) refers to gpio.o(i.GPIOPadConfigSet) for GPIOPadConfigSet
    gpio.o(i.GPIOPinTypeEthernetLED) refers to gpio.o(i.GPIODirModeSet) for GPIODirModeSet
    gpio.o(i.GPIOPinTypeEthernetLED) refers to gpio.o(i.GPIOPadConfigSet) for GPIOPadConfigSet
    gpio.o(i.GPIOPinTypeGPIOInput) refers to gpio.o(i.GPIODirModeSet) for GPIODirModeSet
    gpio.o(i.GPIOPinTypeGPIOInput) refers to gpio.o(i.GPIOPadConfigSet) for GPIOPadConfigSet
    gpio.o(i.GPIOPinTypeGPIOOutput) refers to gpio.o(i.GPIODirModeSet) for GPIODirModeSet
    gpio.o(i.GPIOPinTypeGPIOOutput) refers to gpio.o(i.GPIOPadConfigSet) for GPIOPadConfigSet
    gpio.o(i.GPIOPinTypeGPIOOutputOD) refers to gpio.o(i.GPIODirModeSet) for GPIODirModeSet
    gpio.o(i.GPIOPinTypeGPIOOutputOD) refers to gpio.o(i.GPIOPadConfigSet) for GPIOPadConfigSet
    gpio.o(i.GPIOPinTypeI2C) refers to gpio.o(i.GPIODirModeSet) for GPIODirModeSet
    gpio.o(i.GPIOPinTypeI2C) refers to gpio.o(i.GPIOPadConfigSet) for GPIOPadConfigSet
    gpio.o(i.GPIOPinTypeI2S) refers to gpio.o(i.GPIODirModeSet) for GPIODirModeSet
    gpio.o(i.GPIOPinTypeI2S) refers to gpio.o(i.GPIOPadConfigSet) for GPIOPadConfigSet
    gpio.o(i.GPIOPinTypePWM) refers to gpio.o(i.GPIODirModeSet) for GPIODirModeSet
    gpio.o(i.GPIOPinTypePWM) refers to gpio.o(i.GPIOPadConfigSet) for GPIOPadConfigSet
    gpio.o(i.GPIOPinTypeQEI) refers to gpio.o(i.GPIODirModeSet) for GPIODirModeSet
    gpio.o(i.GPIOPinTypeQEI) refers to gpio.o(i.GPIOPadConfigSet) for GPIOPadConfigSet
    gpio.o(i.GPIOPinTypeSSI) refers to gpio.o(i.GPIODirModeSet) for GPIODirModeSet
    gpio.o(i.GPIOPinTypeSSI) refers to gpio.o(i.GPIOPadConfigSet) for GPIOPadConfigSet
    gpio.o(i.GPIOPinTypeTimer) refers to gpio.o(i.GPIODirModeSet) for GPIODirModeSet
    gpio.o(i.GPIOPinTypeTimer) refers to gpio.o(i.GPIOPadConfigSet) for GPIOPadConfigSet
    gpio.o(i.GPIOPinTypeUART) refers to gpio.o(i.GPIODirModeSet) for GPIODirModeSet
    gpio.o(i.GPIOPinTypeUART) refers to gpio.o(i.GPIOPadConfigSet) for GPIOPadConfigSet
    gpio.o(i.GPIOPinTypeUSBAnalog) refers to gpio.o(i.GPIODirModeSet) for GPIODirModeSet
    gpio.o(i.GPIOPinTypeUSBAnalog) refers to gpio.o(i.GPIOPadConfigSet) for GPIOPadConfigSet
    gpio.o(i.GPIOPinTypeUSBDigital) refers to gpio.o(i.GPIODirModeSet) for GPIODirModeSet
    gpio.o(i.GPIOPinTypeUSBDigital) refers to gpio.o(i.GPIOPadConfigSet) for GPIOPadConfigSet
    gpio.o(i.GPIOPortIntRegister) refers to gpio.o(i.GPIOGetIntNumber) for GPIOGetIntNumber
    gpio.o(i.GPIOPortIntRegister) refers to interrupt.o(i.IntRegister) for IntRegister
    gpio.o(i.GPIOPortIntRegister) refers to interrupt.o(i.IntEnable) for IntEnable
    gpio.o(i.GPIOPortIntUnregister) refers to gpio.o(i.GPIOGetIntNumber) for GPIOGetIntNumber
    gpio.o(i.GPIOPortIntUnregister) refers to interrupt.o(i.IntDisable) for IntDisable
    gpio.o(i.GPIOPortIntUnregister) refers to interrupt.o(i.IntUnregister) for IntUnregister
    i2c.o(i.I2CIntRegister) refers to interrupt.o(i.IntRegister) for IntRegister
    i2c.o(i.I2CIntRegister) refers to interrupt.o(i.IntEnable) for IntEnable
    i2c.o(i.I2CIntUnregister) refers to interrupt.o(i.IntDisable) for IntDisable
    i2c.o(i.I2CIntUnregister) refers to interrupt.o(i.IntUnregister) for IntUnregister
    sysctl.o(i.SysCtlClockGet) refers to sysctl.o(.constdata) for .constdata
    sysctl.o(i.SysCtlClockSet) refers to sysctl.o(.emb_text) for SysCtlDelay
    sysctl.o(i.SysCtlDeepSleep) refers to cpu.o(.emb_text) for CPUwfi
    sysctl.o(i.SysCtlI2SMClkSet) refers to sysctl.o(.constdata) for .constdata
    sysctl.o(i.SysCtlIntRegister) refers to interrupt.o(i.IntRegister) for IntRegister
    sysctl.o(i.SysCtlIntRegister) refers to interrupt.o(i.IntEnable) for IntEnable
    sysctl.o(i.SysCtlIntUnregister) refers to interrupt.o(i.IntDisable) for IntDisable
    sysctl.o(i.SysCtlIntUnregister) refers to interrupt.o(i.IntUnregister) for IntUnregister
    sysctl.o(i.SysCtlPeripheralDeepSleepDisable) refers to sysctl.o(.constdata) for .constdata
    sysctl.o(i.SysCtlPeripheralDeepSleepEnable) refers to sysctl.o(.constdata) for .constdata
    sysctl.o(i.SysCtlPeripheralDisable) refers to sysctl.o(.constdata) for .constdata
    sysctl.o(i.SysCtlPeripheralEnable) refers to sysctl.o(.constdata) for .constdata
    sysctl.o(i.SysCtlPeripheralPresent) refers to sysctl.o(.constdata) for .constdata
    sysctl.o(i.SysCtlPeripheralReset) refers to sysctl.o(.constdata) for .constdata
    sysctl.o(i.SysCtlPeripheralSleepDisable) refers to sysctl.o(.constdata) for .constdata
    sysctl.o(i.SysCtlPeripheralSleepEnable) refers to sysctl.o(.constdata) for .constdata
    sysctl.o(i.SysCtlSleep) refers to cpu.o(.emb_text) for CPUwfi
    uart.o(i.UARTIntRegister) refers to interrupt.o(i.IntRegister) for IntRegister
    uart.o(i.UARTIntRegister) refers to interrupt.o(i.IntEnable) for IntEnable
    uart.o(i.UARTIntUnregister) refers to interrupt.o(i.IntDisable) for IntDisable
    uart.o(i.UARTIntUnregister) refers to interrupt.o(i.IntUnregister) for IntUnregister
    timer.o(i.Wait) refers to sysctl.o(i.SysCtlPeripheralEnable) for SysCtlPeripheralEnable
    timer.o(i.Wait) refers to timer.o(i.TimerConfigure) for TimerConfigure
    timer.o(i.Wait) refers to timer.o(i.TimerLoadSet) for TimerLoadSet
    timer.o(i.Wait) refers to timer.o(i.TimerEnable) for TimerEnable
    timer.o(i.Wait) refers to timer.o(i.TimerValueGet) for TimerValueGet
    timer.o(i.Wait) refers to timer.o(i.TimerDisable) for TimerDisable
    timer.o(i.Wait) refers to timer.o(.data) for .data
    timer.o(i.Wait) refers to init.o(.data) for g_ulTicksPerUs
    timer.o(i.WaitUS) refers to sysctl.o(i.SysCtlPeripheralEnable) for SysCtlPeripheralEnable
    timer.o(i.WaitUS) refers to timer.o(i.TimerConfigure) for TimerConfigure
    timer.o(i.WaitUS) refers to timer.o(i.TimerLoadSet) for TimerLoadSet
    timer.o(i.WaitUS) refers to timer.o(i.TimerEnable) for TimerEnable
    timer.o(i.WaitUS) refers to timer.o(i.TimerValueGet) for TimerValueGet
    timer.o(i.WaitUS) refers to timer.o(i.TimerDisable) for TimerDisable
    timer.o(i.WaitUS) refers to timer.o(.data) for .data
    timer.o(i.WaitUS) refers to init.o(.data) for g_ulTicksPerUs
    init.o(i.InitializeMCU) refers to sysctl.o(i.SysCtlClockSet) for SysCtlClockSet
    init.o(i.InitializeMCU) refers to sysctl.o(i.SysCtlPWMClockSet) for SysCtlPWMClockSet
    init.o(i.InitializeMCU) refers to sysctl.o(i.SysCtlClockGet) for SysCtlClockGet
    init.o(i.InitializeMCU) refers to interrupt.o(i.IntMasterEnable) for IntMasterEnable
    init.o(i.InitializeMCU) refers to init.o(.data) for .data
    init.o(i.LockoutProtection) refers to sysctl.o(i.SysCtlPeripheralEnable) for SysCtlPeripheralEnable
    init.o(i.LockoutProtection) refers to gpio.o(i.GPIOPinTypeGPIOInput) for GPIOPinTypeGPIOInput
    init.o(i.LockoutProtection) refers to gpio.o(i.GPIOPinRead) for GPIOPinRead
    linesensor.o(i.InitializeLineSensor) refers to sysctl.o(i.SysCtlPeripheralEnable) for SysCtlPeripheralEnable
    linesensor.o(i.InitializeLineSensor) refers to gpio.o(i.GPIOPinTypeGPIOInput) for GPIOPinTypeGPIOInput
    linesensor.o(i.InitializeLineSensor) refers to linesensor.o(.data) for .data
    linesensor.o(i.InitializeLineSensorAsync) refers to sysctl.o(i.SysCtlPeripheralEnable) for SysCtlPeripheralEnable
    linesensor.o(i.InitializeLineSensorAsync) refers to gpio.o(i.GPIOPinTypeGPIOInput) for GPIOPinTypeGPIOInput
    linesensor.o(i.InitializeLineSensorAsync) refers to interrupt.o(i.IntMasterEnable) for IntMasterEnable
    linesensor.o(i.InitializeLineSensorAsync) refers to interrupt.o(i.IntEnable) for IntEnable
    linesensor.o(i.InitializeLineSensorAsync) refers to timer.o(i.TimerConfigure) for TimerConfigure
    linesensor.o(i.InitializeLineSensorAsync) refers to linesensor.o(i.LSIntHandler) for LSIntHandler
    linesensor.o(i.InitializeLineSensorAsync) refers to timer.o(i.TimerIntEnable) for TimerIntEnable
    linesensor.o(i.InitializeLineSensorAsync) refers to timer.o(i.TimerEnable) for TimerEnable
    linesensor.o(i.InitializeLineSensorAsync) refers to linesensor.o(.data) for .data
    linesensor.o(i.LSIntHandler) refers to timer.o(i.TimerIntClear) for TimerIntClear
    linesensor.o(i.LSIntHandler) refers to gpio.o(i.GPIOPinRead) for GPIOPinRead
    linesensor.o(i.LSIntHandler) refers to gpio.o(i.GPIOPinTypeGPIOOutput) for GPIOPinTypeGPIOOutput
    linesensor.o(i.LSIntHandler) refers to gpio.o(i.GPIOPinWrite) for GPIOPinWrite
    linesensor.o(i.LSIntHandler) refers to gpio.o(i.GPIOPinTypeGPIOInput) for GPIOPinTypeGPIOInput
    linesensor.o(i.LSIntHandler) refers to timer.o(i.TimerLoadSet) for TimerLoadSet
    linesensor.o(i.LSIntHandler) refers to linesensor.o(.data) for .data
    linesensor.o(i.LSIntHandler) refers to init.o(.data) for g_ulTicksPerUs
    linesensor.o(i.ReadLS) refers to gpio.o(i.GPIOPinRead) for GPIOPinRead
    linesensor.o(i.ReadLineSensor) refers to gpio.o(i.GPIOPinTypeGPIOOutput) for GPIOPinTypeGPIOOutput
    linesensor.o(i.ReadLineSensor) refers to gpio.o(i.GPIOPinWrite) for GPIOPinWrite
    linesensor.o(i.ReadLineSensor) refers to timer.o(i.WaitUS) for WaitUS
    linesensor.o(i.ReadLineSensor) refers to gpio.o(i.GPIOPinTypeGPIOInput) for GPIOPinTypeGPIOInput
    linesensor.o(i.ReadLineSensor) refers to gpio.o(i.GPIOPinRead) for GPIOPinRead
    linesensor.o(i.ReadLineSensor) refers to linesensor.o(.data) for .data
    linesensor.o(i.ReadLineSensorAsync) refers to linesensor.o(.data) for .data
    linesensor.o(i.SetDischargeTime) refers to linesensor.o(.data) for .data
    linesensor.o(i.StartChargingLS) refers to gpio.o(i.GPIOPinTypeGPIOOutput) for GPIOPinTypeGPIOOutput
    linesensor.o(i.StartChargingLS) refers to gpio.o(i.GPIOPinWrite) for GPIOPinWrite
    linesensor.o(i.StartDischargingLS) refers to gpio.o(i.GPIOPinTypeGPIOInput) for GPIOPinTypeGPIOInput
    motor.o(i.InitializeMotors) refers to sysctl.o(i.SysCtlPeripheralEnable) for SysCtlPeripheralEnable
    motor.o(i.InitializeMotors) refers to gpio.o(i.GPIOPinTypePWM) for GPIOPinTypePWM
    motor.o(i.InitializeMotors) refers to gpio.o(i.GPIOPinTypeGPIOOutput) for GPIOPinTypeGPIOOutput
    motor.o(i.InitializeMotors) refers to pwm.o(i.PWMGenConfigure) for PWMGenConfigure
    motor.o(i.InitializeMotors) refers to pwm.o(i.PWMGenPeriodSet) for PWMGenPeriodSet
    motor.o(i.InitializeMotors) refers to pwm.o(i.PWMOutputInvert) for PWMOutputInvert
    motor.o(i.InitializeMotors) refers to pwm.o(i.PWMOutputState) for PWMOutputState
    motor.o(i.InitializeMotors) refers to pwm.o(i.PWMGenEnable) for PWMGenEnable
    motor.o(i.InitializeMotors) refers to pwm.o(i.PWMPulseWidthSet) for PWMPulseWidthSet
    motor.o(i.InitializeMotors) refers to gpio.o(i.GPIOPinWrite) for GPIOPinWrite
    motor.o(i.InitializeMotors) refers to motor.o(.data) for .data
    motor.o(i.SetMotorPower) refers to pwm.o(i.PWMPulseWidthSet) for PWMPulseWidthSet
    motor.o(i.SetMotorPowers) refers to pwm.o(i.PWMPulseWidthSet) for PWMPulseWidthSet
    servo.o(i.InitializeServos) refers to sysctl.o(i.SysCtlPeripheralEnable) for SysCtlPeripheralEnable
    servo.o(i.InitializeServos) refers to gpio.o(i.GPIOPinTypePWM) for GPIOPinTypePWM
    servo.o(i.InitializeServos) refers to pwm.o(i.PWMGenConfigure) for PWMGenConfigure
    servo.o(i.InitializeServos) refers to pwm.o(i.PWMGenPeriodSet) for PWMGenPeriodSet
    servo.o(i.InitializeServos) refers to pwm.o(i.PWMOutputState) for PWMOutputState
    servo.o(i.InitializeServos) refers to pwm.o(i.PWMGenEnable) for PWMGenEnable
    servo.o(i.InitializeServos) refers to pwm.o(i.PWMPulseWidthSet) for PWMPulseWidthSet
    servo.o(i.InitializeServos) refers to init.o(.data) for g_ulPWMTicksPerSecond
    servo.o(i.InitializeServos) refers to servo.o(.data) for .data
    servo.o(i.SetServoPosition) refers to pwm.o(i.PWMPulseWidthSet) for PWMPulseWidthSet
    servo.o(i.SetServoPosition) refers to servo.o(.data) for .data
    encoder.o(i.EncoderInterruptHandler) refers to gpio.o(i.GPIOPinIntStatus) for GPIOPinIntStatus
    encoder.o(i.EncoderInterruptHandler) refers to gpio.o(i.GPIOPinIntClear) for GPIOPinIntClear
    encoder.o(i.EncoderInterruptHandler) refers to gpio.o(i.GPIOPinRead) for GPIOPinRead
    encoder.o(i.EncoderInterruptHandler) refers to encoder.o(.data) for .data
    encoder.o(i.GetEncoderCount) refers to encoder.o(.data) for .data
    encoder.o(i.GetEncoderCounts) refers to encoder.o(.data) for .data
    encoder.o(i.InitializeEncoders) refers to sysctl.o(i.SysCtlPeripheralEnable) for SysCtlPeripheralEnable
    encoder.o(i.InitializeEncoders) refers to gpio.o(i.GPIOPinTypeGPIOInput) for GPIOPinTypeGPIOInput
    encoder.o(i.InitializeEncoders) refers to interrupt.o(i.IntEnable) for IntEnable
    encoder.o(i.InitializeEncoders) refers to gpio.o(i.GPIOIntTypeSet) for GPIOIntTypeSet
    encoder.o(i.InitializeEncoders) refers to gpio.o(i.GPIOPinIntEnable) for GPIOPinIntEnable
    encoder.o(i.InitializeEncoders) refers to encoder.o(.data) for .data
    encoder.o(i.PresetEncoderCount) refers to encoder.o(.data) for .data
    encoder.o(i.PresetEncoderCounts) refers to encoder.o(.data) for .data
    interrupt.o(i.IntMasterDisable) refers to cpu.o(.emb_text) for CPUcpsid
    interrupt.o(i.IntMasterEnable) refers to cpu.o(.emb_text) for CPUcpsie
    interrupt.o(i.IntPriorityGet) refers to interrupt.o(.constdata) for .constdata
    interrupt.o(i.IntPriorityGroupingGet) refers to interrupt.o(.constdata) for .constdata
    interrupt.o(i.IntPriorityGroupingSet) refers to interrupt.o(.constdata) for .constdata
    interrupt.o(i.IntPrioritySet) refers to interrupt.o(.constdata) for .constdata
    interrupt.o(i.IntRegister) refers to interrupt.o(vtable) for vtable
    interrupt.o(i.IntUnregister) refers to interrupt.o(i.IntDefaultHandler) for IntDefaultHandler
    interrupt.o(i.IntUnregister) refers to interrupt.o(vtable) for vtable
    pwm.o(i.PWMFaultIntRegister) refers to interrupt.o(i.IntRegister) for IntRegister
    pwm.o(i.PWMFaultIntRegister) refers to interrupt.o(i.IntEnable) for IntEnable
    pwm.o(i.PWMFaultIntUnregister) refers to interrupt.o(i.IntDisable) for IntDisable
    pwm.o(i.PWMFaultIntUnregister) refers to interrupt.o(i.IntUnregister) for IntUnregister
    pwm.o(i.PWMGenIntRegister) refers to interrupt.o(i.IntRegister) for IntRegister
    pwm.o(i.PWMGenIntRegister) refers to interrupt.o(i.IntEnable) for IntEnable
    pwm.o(i.PWMGenIntUnregister) refers to interrupt.o(i.IntDisable) for IntDisable
    pwm.o(i.PWMGenIntUnregister) refers to interrupt.o(i.IntUnregister) for IntUnregister
    timer.o(i.TimerIntRegister) refers to interrupt.o(i.IntRegister) for IntRegister
    timer.o(i.TimerIntRegister) refers to interrupt.o(i.IntEnable) for IntEnable
    timer.o(i.TimerIntUnregister) refers to interrupt.o(i.IntDisable) for IntDisable
    timer.o(i.TimerIntUnregister) refers to interrupt.o(i.IntUnregister) for IntUnregister
    timer.o(i.TimerQuiesce) refers to interrupt.o(i.IntDisable) for IntDisable
    timer.o(i.TimerQuiesce) refers to interrupt.o(i.IntUnregister) for IntUnregister
    entry.o(.ARM.Collect$$$$00000000) refers (Special) to entry7.o(.ARM.Collect$$$$00000007) for _main_init
    entry.o(.ARM.Collect$$$$00000000) refers (Special) to entry5.o(.ARM.Collect$$$$00000004) for _main_scatterload
    entry.o(.ARM.Collect$$$$00000000) refers (Special) to entry2.o(.ARM.Collect$$$$00000001) for _main_stk
    entry2.o(.ARM.Collect$$$$00000001) refers to entry2.o(.ARM.Collect$$$$00002712) for __lit__00000000
    entry2.o(.ARM.Collect$$$$00002712) refers to startup.o(STACK) for __initial_sp
    entry2.o(__vectab_stack_and_reset_area) refers to startup.o(STACK) for __initial_sp
    entry2.o(__vectab_stack_and_reset_area) refers to entry.o(.ARM.Collect$$$$00000000) for __main
    entry5.o(.ARM.Collect$$$$00000004) refers to init.o(.text) for __scatterload
    entry7.o(.ARM.Collect$$$$00000007) refers to i2cdemo.o(.text) for main
    init.o(.text) refers to entry5.o(.ARM.Collect$$$$00000004) for __main_after_scatterload


==============================================================================

Removing Unused input sections from the image.

    Removing startup.o(HEAP), (0 bytes).
    Removing startup.o(.text), (0 bytes).
    Removing gpio.o(i.GPIODirModeGet), (34 bytes).
    Removing gpio.o(i.GPIOGetIntNumber), (156 bytes).
    Removing gpio.o(i.GPIOIntTypeGet), (48 bytes).
    Removing gpio.o(i.GPIOPadConfigGet), (140 bytes).
    Removing gpio.o(i.GPIOPinConfigure), (72 bytes).
    Removing gpio.o(i.GPIOPinIntDisable), (14 bytes).
    Removing gpio.o(i.GPIOPinTypeADC), (28 bytes).
    Removing gpio.o(i.GPIOPinTypeCAN), (28 bytes).
    Removing gpio.o(i.GPIOPinTypeComparator), (28 bytes).
    Removing gpio.o(i.GPIOPinTypeEPI), (28 bytes).
    Removing gpio.o(i.GPIOPinTypeEthernetLED), (28 bytes).
    Removing gpio.o(i.GPIOPinTypeGPIOOutputOD), (28 bytes).
    Removing gpio.o(i.GPIOPinTypeI2S), (28 bytes).
    Removing gpio.o(i.GPIOPinTypeQEI), (28 bytes).
    Removing gpio.o(i.GPIOPinTypeSSI), (28 bytes).
    Removing gpio.o(i.GPIOPinTypeTimer), (28 bytes).
    Removing gpio.o(i.GPIOPinTypeUSBAnalog), (28 bytes).
    Removing gpio.o(i.GPIOPinTypeUSBDigital), (28 bytes).
    Removing gpio.o(i.GPIOPortIntRegister), (26 bytes).
    Removing gpio.o(i.GPIOPortIntUnregister), (22 bytes).
    Removing gpio.o(.constdata), (72 bytes).
    Removing i2c.o(i.I2CIntRegister), (32 bytes).
    Removing i2c.o(i.I2CIntUnregister), (32 bytes).
    Removing i2c.o(i.I2CMasterBusBusy), (12 bytes).
    Removing i2c.o(i.I2CMasterDisable), (10 bytes).
    Removing i2c.o(i.I2CMasterEnable), (10 bytes).
    Removing i2c.o(i.I2CMasterIntClear), (8 bytes).
    Removing i2c.o(i.I2CMasterIntDisable), (6 bytes).
    Removing i2c.o(i.I2CMasterIntEnable), (6 bytes).
    Removing i2c.o(i.I2CMasterIntStatus), (24 bytes).
    Removing i2c.o(i.I2CSlaveDataGet), (4 bytes).
    Removing i2c.o(i.I2CSlaveDataPut), (4 bytes).
    Removing i2c.o(i.I2CSlaveDisable), (22 bytes).
    Removing i2c.o(i.I2CSlaveEnable), (22 bytes).
    Removing i2c.o(i.I2CSlaveInit), (24 bytes).
    Removing i2c.o(i.I2CSlaveIntClear), (6 bytes).
    Removing i2c.o(i.I2CSlaveIntClearEx), (4 bytes).
    Removing i2c.o(i.I2CSlaveIntDisable), (10 bytes).
    Removing i2c.o(i.I2CSlaveIntDisableEx), (10 bytes).
    Removing i2c.o(i.I2CSlaveIntEnable), (10 bytes).
    Removing i2c.o(i.I2CSlaveIntEnableEx), (8 bytes).
    Removing i2c.o(i.I2CSlaveIntStatus), (24 bytes).
    Removing i2c.o(i.I2CSlaveIntStatusEx), (56 bytes).
    Removing i2c.o(i.I2CSlaveStatus), (4 bytes).
    Removing sysctl.o(i.SysCtlADCSpeedGet), (16 bytes).
    Removing sysctl.o(i.SysCtlADCSpeedSet), (32 bytes).
    Removing sysctl.o(i.SysCtlBrownOutConfigSet), (16 bytes).
    Removing sysctl.o(i.SysCtlClkVerificationClear), (20 bytes).
    Removing sysctl.o(i.SysCtlDeepSleep), (32 bytes).
    Removing sysctl.o(i.SysCtlFlashSizeGet), (20 bytes).
    Removing sysctl.o(i.SysCtlGPIOAHBDisable), (20 bytes).
    Removing sysctl.o(i.SysCtlGPIOAHBEnable), (16 bytes).
    Removing sysctl.o(i.SysCtlI2SMClkSet), (216 bytes).
    Removing sysctl.o(i.SysCtlIOSCVerificationSet), (24 bytes).
    Removing sysctl.o(i.SysCtlIntClear), (12 bytes).
    Removing sysctl.o(i.SysCtlIntDisable), (16 bytes).
    Removing sysctl.o(i.SysCtlIntEnable), (16 bytes).
    Removing sysctl.o(i.SysCtlIntRegister), (20 bytes).
    Removing sysctl.o(i.SysCtlIntStatus), (16 bytes).
    Removing sysctl.o(i.SysCtlIntUnregister), (18 bytes).
    Removing sysctl.o(i.SysCtlLDOConfigSet), (12 bytes).
    Removing sysctl.o(i.SysCtlLDOGet), (12 bytes).
    Removing sysctl.o(i.SysCtlLDOSet), (12 bytes).
    Removing sysctl.o(i.SysCtlMOSCVerificationSet), (24 bytes).
    Removing sysctl.o(i.SysCtlPLLVerificationSet), (24 bytes).
    Removing sysctl.o(i.SysCtlPWMClockGet), (24 bytes).
    Removing sysctl.o(i.SysCtlPeripheralClockGating), (24 bytes).
    Removing sysctl.o(i.SysCtlPeripheralDeepSleepDisable), (32 bytes).
    Removing sysctl.o(i.SysCtlPeripheralDeepSleepEnable), (32 bytes).
    Removing sysctl.o(i.SysCtlPeripheralDisable), (32 bytes).
    Removing sysctl.o(i.SysCtlPeripheralReset), (56 bytes).
    Removing sysctl.o(i.SysCtlPeripheralSleepDisable), (32 bytes).
    Removing sysctl.o(i.SysCtlPeripheralSleepEnable), (32 bytes).
    Removing sysctl.o(i.SysCtlPinPresent), (16 bytes).
    Removing sysctl.o(i.SysCtlReset), (16 bytes).
    Removing sysctl.o(i.SysCtlResetCauseClear), (16 bytes).
    Removing sysctl.o(i.SysCtlResetCauseGet), (12 bytes).
    Removing sysctl.o(i.SysCtlSRAMSizeGet), (20 bytes).
    Removing sysctl.o(i.SysCtlSleep), (4 bytes).
    Removing sysctl.o(i.SysCtlUSBPLLDisable), (16 bytes).
    Removing sysctl.o(i.SysCtlUSBPLLEnable), (16 bytes).
    Removing uart.o(i.UARTBreakCtl), (18 bytes).
    Removing uart.o(i.UARTBusy), (8 bytes).
    Removing uart.o(i.UARTCharGetNonBlocking), (16 bytes).
    Removing uart.o(i.UARTCharPutNonBlocking), (18 bytes).
    Removing uart.o(i.UARTCharsAvail), (10 bytes).
    Removing uart.o(i.UARTConfigGetExpClk), (46 bytes).
    Removing uart.o(i.UARTDMADisable), (10 bytes).
    Removing uart.o(i.UARTDMAEnable), (8 bytes).
    Removing uart.o(i.UARTDisable), (30 bytes).
    Removing uart.o(i.UARTDisableSIR), (10 bytes).
    Removing uart.o(i.UARTEnableSIR), (18 bytes).
    Removing uart.o(i.UARTFIFODisable), (10 bytes).
    Removing uart.o(i.UARTFIFOEnable), (10 bytes).
    Removing uart.o(i.UARTFIFOLevelGet), (16 bytes).
    Removing uart.o(i.UARTFIFOLevelSet), (6 bytes).
    Removing uart.o(i.UARTFlowControlGet), (8 bytes).
    Removing uart.o(i.UARTFlowControlSet), (12 bytes).
    Removing uart.o(i.UARTIntClear), (4 bytes).
    Removing uart.o(i.UARTIntDisable), (10 bytes).
    Removing uart.o(i.UARTIntEnable), (8 bytes).
    Removing uart.o(i.UARTIntRegister), (46 bytes).
    Removing uart.o(i.UARTIntStatus), (10 bytes).
    Removing uart.o(i.UARTIntUnregister), (46 bytes).
    Removing uart.o(i.UARTModemControlClear), (14 bytes).
    Removing uart.o(i.UARTModemControlGet), (8 bytes).
    Removing uart.o(i.UARTModemControlSet), (12 bytes).
    Removing uart.o(i.UARTModemStatusGet), (10 bytes).
    Removing uart.o(i.UARTParityModeGet), (8 bytes).
    Removing uart.o(i.UARTParityModeSet), (12 bytes).
    Removing uart.o(i.UARTRxErrorClear), (6 bytes).
    Removing uart.o(i.UARTRxErrorGet), (8 bytes).
    Removing uart.o(i.UARTSmartCardDisable), (10 bytes).
    Removing uart.o(i.UARTSmartCardEnable), (22 bytes).
    Removing uart.o(i.UARTSpaceAvail), (10 bytes).
    Removing uart.o(i.UARTTxIntModeGet), (8 bytes).
    Removing uart.o(i.UARTTxIntModeSet), (12 bytes).
    Removing timer.o(i.WaitUS), (96 bytes).
    Removing linesensor.o(i.InitializeLineSensor), (60 bytes).
    Removing linesensor.o(i.InitializeLineSensorAsync), (116 bytes).
    Removing linesensor.o(i.ReadLS), (36 bytes).
    Removing linesensor.o(i.ReadLineSensor), (108 bytes).
    Removing linesensor.o(i.ReadLineSensorAsync), (12 bytes).
    Removing linesensor.o(i.SetDischargeTime), (20 bytes).
    Removing linesensor.o(i.StartChargingLS), (56 bytes).
    Removing linesensor.o(i.StartDischargingLS), (32 bytes).
    Removing motor.o(i.SetMotorPower), (24 bytes).
    Removing servo.o(.data), (2 bytes).
    Removing encoder.o(i.GetEncoderCount), (24 bytes).
    Removing encoder.o(i.GetEncoderCounts), (16 bytes).
    Removing encoder.o(i.PresetEncoderCount), (24 bytes).
    Removing encoder.o(i.PresetEncoderCounts), (12 bytes).
    Removing interrupt.o(i.IntDefaultHandler), (2 bytes).
    Removing interrupt.o(i.IntDisable), (104 bytes).
    Removing interrupt.o(i.IntMasterDisable), (10 bytes).
    Removing interrupt.o(i.IntPendClear), (72 bytes).
    Removing interrupt.o(i.IntPendSet), (90 bytes).
    Removing interrupt.o(i.IntPriorityGet), (28 bytes).
    Removing interrupt.o(i.IntPriorityGroupingGet), (40 bytes).
    Removing interrupt.o(i.IntPriorityGroupingSet), (28 bytes).
    Removing interrupt.o(i.IntPrioritySet), (40 bytes).
    Removing interrupt.o(i.IntRegister), (56 bytes).
    Removing interrupt.o(i.IntUnregister), (20 bytes).
    Removing interrupt.o(.constdata), (104 bytes).
    Removing interrupt.o(vtable), (284 bytes).
    Removing pwm.o(i.PWMDeadBandDisable), (12 bytes).
    Removing pwm.o(i.PWMDeadBandEnable), (16 bytes).
    Removing pwm.o(i.PWMFaultIntClear), (8 bytes).
    Removing pwm.o(i.PWMFaultIntClearExt), (4 bytes).
    Removing pwm.o(i.PWMFaultIntRegister), (18 bytes).
    Removing pwm.o(i.PWMFaultIntUnregister), (18 bytes).
    Removing pwm.o(i.PWMGenDisable), (10 bytes).
    Removing pwm.o(i.PWMGenFaultClear), (18 bytes).
    Removing pwm.o(i.PWMGenFaultConfigure), (18 bytes).
    Removing pwm.o(i.PWMGenFaultStatus), (18 bytes).
    Removing pwm.o(i.PWMGenFaultTriggerGet), (12 bytes).
    Removing pwm.o(i.PWMGenFaultTriggerSet), (12 bytes).
    Removing pwm.o(i.PWMGenIntClear), (6 bytes).
    Removing pwm.o(i.PWMGenIntRegister), (34 bytes).
    Removing pwm.o(i.PWMGenIntStatus), (12 bytes).
    Removing pwm.o(i.PWMGenIntTrigDisable), (10 bytes).
    Removing pwm.o(i.PWMGenIntTrigEnable), (10 bytes).
    Removing pwm.o(i.PWMGenIntUnregister), (32 bytes).
    Removing pwm.o(i.PWMGenPeriodGet), (18 bytes).
    Removing pwm.o(i.PWMIntDisable), (10 bytes).
    Removing pwm.o(i.PWMIntEnable), (8 bytes).
    Removing pwm.o(i.PWMIntStatus), (10 bytes).
    Removing pwm.o(i.PWMOutputFault), (16 bytes).
    Removing pwm.o(i.PWMOutputFaultLevel), (16 bytes).
    Removing pwm.o(i.PWMPulseWidthGet), (32 bytes).
    Removing pwm.o(i.PWMSyncTimeBase), (4 bytes).
    Removing pwm.o(i.PWMSyncUpdate), (4 bytes).
    Removing timer.o(i.TimerControlEvent), (24 bytes).
    Removing timer.o(i.TimerControlLevel), (22 bytes).
    Removing timer.o(i.TimerControlStall), (22 bytes).
    Removing timer.o(i.TimerControlTrigger), (22 bytes).
    Removing timer.o(i.TimerControlWaitOnTrigger), (48 bytes).
    Removing timer.o(i.TimerIntDisable), (10 bytes).
    Removing timer.o(i.TimerIntEnable), (8 bytes).
    Removing timer.o(i.TimerIntRegister), (94 bytes).
    Removing timer.o(i.TimerIntStatus), (10 bytes).
    Removing timer.o(i.TimerIntUnregister), (88 bytes).
    Removing timer.o(i.TimerLoadGet), (10 bytes).
    Removing timer.o(i.TimerMatchGet), (10 bytes).
    Removing timer.o(i.TimerMatchSet), (18 bytes).
    Removing timer.o(i.TimerPrescaleGet), (10 bytes).
    Removing timer.o(i.TimerPrescaleMatchGet), (10 bytes).
    Removing timer.o(i.TimerPrescaleMatchSet), (18 bytes).
    Removing timer.o(i.TimerPrescaleSet), (18 bytes).
    Removing timer.o(i.TimerQuiesce), (126 bytes).
    Removing timer.o(i.TimerRTCDisable), (10 bytes).
    Removing timer.o(i.TimerRTCEnable), (10 bytes).

194 unused section(s) (total 5250 bytes) removed from the image.

==============================================================================

Image Symbol Table

    Local Symbols

    Symbol Name                              Value     Ov Type        Size  Object(Section)

    RESET                                    0x00000000   Section      268  startup.o(RESET)
    ../../microlib/init/entry.s              0x00000000   Number         0  entry.o ABSOLUTE
    ../../microlib/init/entry.s              0x00000000   Number         0  entry2.o ABSOLUTE
    ../../microlib/init/entry.s              0x00000000   Number         0  entry7.o ABSOLUTE
    ../../microlib/init/entry.s              0x00000000   Number         0  entry5.o ABSOLUTE
    ..\StellarisWare\utils\uartstdio.c       0x00000000   Number         0  uartstdio.o ABSOLUTE
    I2CDemo.c                                0x00000000   Number         0  i2cdemo.o ABSOLUTE
    Startup.s                                0x00000000   Number         0  startup.o ABSOLUTE
    cpu.c                                    0x00000000   Number         0  cpu.o ABSOLUTE
    cpu.c                                    0x00000000   Number         0  cpu.o ABSOLUTE
    dc.s                                     0x00000000   Number         0  dc.o ABSOLUTE
    encoder.c                                0x00000000   Number         0  encoder.o ABSOLUTE
    gpio.c                                   0x00000000   Number         0  gpio.o ABSOLUTE
    handlers.s                               0x00000000   Number         0  handlers.o ABSOLUTE
    i2c.c                                    0x00000000   Number         0  i2c.o ABSOLUTE
    init.c                                   0x00000000   Number         0  init.o ABSOLUTE
    init.s                                   0x00000000   Number         0  init.o ABSOLUTE
    interrupt.c                              0x00000000   Number         0  interrupt.o ABSOLUTE
    linesensor.c                             0x00000000   Number         0  linesensor.o ABSOLUTE
    motor.c                                  0x00000000   Number         0  motor.o ABSOLUTE
    pwm.c                                    0x00000000   Number         0  pwm.o ABSOLUTE
    servo.c                                  0x00000000   Number         0  servo.o ABSOLUTE
    sysctl.c                                 0x00000000   Number         0  sysctl.o ABSOLUTE
    sysctl.c                                 0x00000000   Number         0  sysctl.o ABSOLUTE
    timer.c                                  0x00000000   Number         0  timer.o ABSOLUTE
    timer.c                                  0x00000000   Number         0  timer.o ABSOLUTE
    uart.c                                   0x00000000   Number         0  uart.o ABSOLUTE
    NmiSR                                    0x00000105   Thumb Code     0  startup.o(RESET)
    FaultISR                                 0x00000107   Thumb Code     0  startup.o(RESET)
    IntDefaultHandler                        0x00000109   Thumb Code     0  startup.o(RESET)
    .ARM.Collect$$$$00000000                 0x0000010c   Section        0  entry.o(.ARM.Collect$$$$00000000)
    .ARM.Collect$$$$00000001                 0x0000010c   Section        4  entry2.o(.ARM.Collect$$$$00000001)
    .ARM.Collect$$$$00000004                 0x00000110   Section        4  entry5.o(.ARM.Collect$$$$00000004)
    .ARM.Collect$$$$00000007                 0x00000114   Section        8  entry7.o(.ARM.Collect$$$$00000007)
    .ARM.Collect$$$$00002712                 0x0000011c   Section        4  entry2.o(.ARM.Collect$$$$00002712)
    __lit__00000000                          0x0000011c   Data           4  entry2.o(.ARM.Collect$$$$00002712)
    .emb_text                                0x00000120   Section        6  sysctl.o(.emb_text)
    .emb_text                                0x00000128   Section       26  cpu.o(.emb_text)
    .text                                    0x00000144   Section        0  uartstdio.o(.text)
    .text                                    0x000004d0   Section        0  i2cdemo.o(.text)
    .text                                    0x00000ae4   Section       36  init.o(.text)
    i.EncoderInterruptHandler                0x00000b08   Section        0  encoder.o(i.EncoderInterruptHandler)
    i.GPIODirModeSet                         0x00000be8   Section        0  gpio.o(i.GPIODirModeSet)
    i.GPIOIntTypeSet                         0x00000c10   Section        0  gpio.o(i.GPIOIntTypeSet)
    i.GPIOPadConfigSet                       0x00000c4a   Section        0  gpio.o(i.GPIOPadConfigSet)
    i.GPIOPinIntClear                        0x00000cfa   Section        0  gpio.o(i.GPIOPinIntClear)
    i.GPIOPinIntEnable                       0x00000d00   Section        0  gpio.o(i.GPIOPinIntEnable)
    i.GPIOPinIntStatus                       0x00000d0c   Section        0  gpio.o(i.GPIOPinIntStatus)
    i.GPIOPinRead                            0x00000d1a   Section        0  gpio.o(i.GPIOPinRead)
    i.GPIOPinTypeGPIOInput                   0x00000d20   Section        0  gpio.o(i.GPIOPinTypeGPIOInput)
    i.GPIOPinTypeGPIOOutput                  0x00000d3c   Section        0  gpio.o(i.GPIOPinTypeGPIOOutput)
    i.GPIOPinTypeI2C                         0x00000d58   Section        0  gpio.o(i.GPIOPinTypeI2C)
    i.GPIOPinTypePWM                         0x00000d74   Section        0  gpio.o(i.GPIOPinTypePWM)
    i.GPIOPinTypeUART                        0x00000d90   Section        0  gpio.o(i.GPIOPinTypeUART)
    i.GPIOPinWrite                           0x00000dac   Section        0  gpio.o(i.GPIOPinWrite)
    i.I2CMasterBusy                          0x00000db2   Section        0  i2c.o(i.I2CMasterBusy)
    i.I2CMasterControl                       0x00000dbe   Section        0  i2c.o(i.I2CMasterControl)
    i.I2CMasterDataGet                       0x00000dc2   Section        0  i2c.o(i.I2CMasterDataGet)
    i.I2CMasterDataPut                       0x00000dc6   Section        0  i2c.o(i.I2CMasterDataPut)
    i.I2CMasterErr                           0x00000dca   Section        0  i2c.o(i.I2CMasterErr)
    i.I2CMasterInitExpClk                    0x00000de4   Section        0  i2c.o(i.I2CMasterInitExpClk)
    i.I2CMasterSlaveAddrSet                  0x00000e18   Section        0  i2c.o(i.I2CMasterSlaveAddrSet)
    i.InitializeEncoders                     0x00000e20   Section        0  encoder.o(i.InitializeEncoders)
    i.InitializeMCU                          0x00000eac   Section        0  init.o(i.InitializeMCU)
    i.InitializeMotors                       0x00000ee4   Section        0  motor.o(i.InitializeMotors)
    i.InitializeServos                       0x00000fb4   Section        0  servo.o(i.InitializeServos)
    i.IntEnable                              0x000010c8   Section        0  interrupt.o(i.IntEnable)
    i.IntMasterEnable                        0x00001130   Section        0  interrupt.o(i.IntMasterEnable)
    i.LSIntHandler                           0x0000113c   Section        0  linesensor.o(i.LSIntHandler)
    i.LockoutProtection                      0x000011ec   Section        0  init.o(i.LockoutProtection)
    i.PWMGenConfigure                        0x00001218   Section        0  pwm.o(i.PWMGenConfigure)
    i.PWMGenEnable                           0x0000123e   Section        0  pwm.o(i.PWMGenEnable)
    i.PWMGenPeriodSet                        0x00001248   Section        0  pwm.o(i.PWMGenPeriodSet)
    i.PWMOutputInvert                        0x0000125a   Section        0  pwm.o(i.PWMOutputInvert)
    i.PWMOutputState                         0x0000126a   Section        0  pwm.o(i.PWMOutputState)
    i.PWMPulseWidthSet                       0x0000127a   Section        0  pwm.o(i.PWMPulseWidthSet)
    i.SetMotorPowers                         0x0000129c   Section        0  motor.o(i.SetMotorPowers)
    i.SetServoPosition                       0x000012d4   Section        0  servo.o(i.SetServoPosition)
    i.SysCtlClockGet                         0x000012f8   Section        0  sysctl.o(i.SysCtlClockGet)
    i.SysCtlClockSet                         0x000014dc   Section        0  sysctl.o(i.SysCtlClockSet)
    i.SysCtlPWMClockSet                      0x00001614   Section        0  sysctl.o(i.SysCtlPWMClockSet)
    i.SysCtlPeripheralEnable                 0x00001628   Section        0  sysctl.o(i.SysCtlPeripheralEnable)
    i.SysCtlPeripheralPresent                0x00001648   Section        0  sysctl.o(i.SysCtlPeripheralPresent)
    i.TimerConfigure                         0x00001688   Section        0  timer.o(i.TimerConfigure)
    i.TimerDisable                           0x000016a4   Section        0  timer.o(i.TimerDisable)
    i.TimerEnable                            0x000016b4   Section        0  timer.o(i.TimerEnable)
    i.TimerIntClear                          0x000016c2   Section        0  timer.o(i.TimerIntClear)
    i.TimerLoadSet                           0x000016c6   Section        0  timer.o(i.TimerLoadSet)
    i.TimerValueGet                          0x000016d8   Section        0  timer.o(i.TimerValueGet)
    i.UARTCharGet                            0x000016e2   Section        0  uart.o(i.UARTCharGet)
    i.UARTCharPut                            0x000016ee   Section        0  uart.o(i.UARTCharPut)
    i.UARTConfigSetExpClk                    0x000016fa   Section        0  uart.o(i.UARTConfigSetExpClk)
    i.UARTEnable                             0x00001768   Section        0  uart.o(i.UARTEnable)
    i.Wait                                   0x0000177c   Section        0  timer.o(i.Wait)
    i.__scatterload_copy                     0x000017e4   Section       14  handlers.o(i.__scatterload_copy)
    i.__scatterload_null                     0x000017f2   Section        2  handlers.o(i.__scatterload_null)
    i.__scatterload_zeroinit                 0x000017f4   Section       14  handlers.o(i.__scatterload_zeroinit)
    .constdata                               0x00001804   Section       28  uartstdio.o(.constdata)
    g_pcHex                                  0x00001804   Data           4  uartstdio.o(.constdata)
    g_ulUARTBase                             0x00001808   Data          12  uartstdio.o(.constdata)
    g_ulUARTPeriph                           0x00001814   Data          12  uartstdio.o(.constdata)
    .constdata                               0x00001820   Section      156  sysctl.o(.constdata)
    g_pulDCRegs                              0x00001820   Data          16  sysctl.o(.constdata)
    g_pulSRCRRegs                            0x00001830   Data          12  sysctl.o(.constdata)
    g_pulRCGCRegs                            0x0000183c   Data          12  sysctl.o(.constdata)
    g_pulSCGCRegs                            0x00001848   Data          12  sysctl.o(.constdata)
    g_pulDCGCRegs                            0x00001854   Data          12  sysctl.o(.constdata)
    g_pulXtals                               0x00001860   Data          92  sysctl.o(.constdata)
    .conststring                             0x000018bc   Section       17  uartstdio.o(.conststring)
    .data                                    0x20000000   Section        5  uartstdio.o(.data)
    g_ulBase                                 0x20000000   Data           4  uartstdio.o(.data)
    bLastWasCR                               0x20000004   Data           1  uartstdio.o(.data)
    .data                                    0x20000006   Section        4  i2cdemo.o(.data)
    i2c_address                              0x20000006   Data           2  i2cdemo.o(.data)
    i2c_buffer_index                         0x20000008   Data           2  i2cdemo.o(.data)
    .data                                    0x2000000a   Section        1  timer.o(.data)
    isTimerInitialized                       0x2000000a   Data           1  timer.o(.data)
    .data                                    0x2000000c   Section       12  init.o(.data)
    .data                                    0x20000018   Section        8  linesensor.o(.data)
    readyToRead                              0x20000018   Data           1  linesensor.o(.data)
    last_ls                                  0x20000019   Data           1  linesensor.o(.data)
    ls_dischargeTime                         0x2000001c   Data           4  linesensor.o(.data)
    .data                                    0x20000020   Section        4  motor.o(.data)
    s_ulMotorPeriod                          0x20000020   Data           4  motor.o(.data)
    .data                                    0x20000024   Section        8  servo.o(.data)
    us600                                    0x20000024   Data           4  servo.o(.data)
    us2400                                   0x20000028   Data           4  servo.o(.data)
    .data                                    0x2000002c   Section       16  encoder.o(.data)
    enc0                                     0x2000002c   Data           4  encoder.o(.data)
    enc1                                     0x20000030   Data           4  encoder.o(.data)
    dir0                                     0x20000034   Data           4  encoder.o(.data)
    dir1                                     0x20000038   Data           4  encoder.o(.data)
    .bss                                     0x2000003c   Section       32  i2cdemo.o(.bss)
    i2c_buffer                               0x2000003c   Data          32  i2cdemo.o(.bss)
    STACK                                    0x20000060   Section      256  startup.o(STACK)
    StackMem                                 0x20000060   Data           0  startup.o(STACK)

    Global Symbols

    Symbol Name                              Value     Ov Type        Size  Object(Section)

    BuildAttributes$$THM_ISAv4$P$D$K$B$S$PE$A:L22UL41UL21$X:L11$S22US41US21$IEEE1$IW$USESV6$~STKCKD$USESV7$~SHL$OTIME$EBA8$MICROLIB$REQ8$PRES8$EABIv2 0x00000000   Number         0  anon$$obj.o ABSOLUTE
    __ARM_use_no_argv                        0x00000000   Number         0  i2cdemo.o ABSOLUTE
    __Vectors                                0x00000000   Data           0  startup.o(RESET)
    __decompress                              - Undefined Weak Reference
    Reset_Handler                            0x00000101   Thumb Code     0  startup.o(RESET)
    __main                                   0x0000010d   Thumb Code     0  entry.o(.ARM.Collect$$$$00000000)
    _main_stk                                0x0000010d   Thumb Code     0  entry2.o(.ARM.Collect$$$$00000001)
    _main_scatterload                        0x00000111   Thumb Code     0  entry5.o(.ARM.Collect$$$$00000004)
    __main_after_scatterload                 0x00000115   Thumb Code     0  entry5.o(.ARM.Collect$$$$00000004)
    _main_init                               0x00000115   Thumb Code     0  entry7.o(.ARM.Collect$$$$00000007)
    SysCtlDelay                              0x00000121   Thumb Code     6  sysctl.o(.emb_text)
    CPUcpsid                                 0x00000129   Thumb Code     8  cpu.o(.emb_text)
    CPUprimask                               0x00000131   Thumb Code     6  cpu.o(.emb_text)
    CPUcpsie                                 0x00000137   Thumb Code     8  cpu.o(.emb_text)
    CPUwfi                                   0x0000013f   Thumb Code     4  cpu.o(.emb_text)
    UARTStdioInitExpClk                      0x00000145   Thumb Code    72  uartstdio.o(.text)
    UARTStdioInit                            0x0000018d   Thumb Code    16  uartstdio.o(.text)
    UARTwrite                                0x0000019d   Thumb Code    46  uartstdio.o(.text)
    UARTgets                                 0x000001cb   Thumb Code   126  uartstdio.o(.text)
    UARTgetc                                 0x00000249   Thumb Code    14  uartstdio.o(.text)
    UARTprintf                               0x00000257   Thumb Code   592  uartstdio.o(.text)
    I2CStart                                 0x000004d1   Thumb Code    14  i2cdemo.o(.text)
    I2CAdd                                   0x000004df   Thumb Code    24  i2cdemo.o(.text)
    I2CStop                                  0x000004f7   Thumb Code   186  i2cdemo.o(.text)
    I2CSend                                  0x000005b1   Thumb Code   214  i2cdemo.o(.text)
    I2CRecieve                               0x00000687   Thumb Code   160  i2cdemo.o(.text)
    InitializeI2C                            0x00000727   Thumb Code    42  i2cdemo.o(.text)
    init_nunchuck                            0x00000751   Thumb Code    70  i2cdemo.o(.text)
    main                                     0x00000797   Thumb Code   796  i2cdemo.o(.text)
    __scatterload                            0x00000ae5   Thumb Code    28  init.o(.text)
    __scatterload_rt2                        0x00000ae5   Thumb Code     0  init.o(.text)
    EncoderInterruptHandler                  0x00000b09   Thumb Code   206  encoder.o(i.EncoderInterruptHandler)
    GPIODirModeSet                           0x00000be9   Thumb Code    40  gpio.o(i.GPIODirModeSet)
    GPIOIntTypeSet                           0x00000c11   Thumb Code    58  gpio.o(i.GPIOIntTypeSet)
    GPIOPadConfigSet                         0x00000c4b   Thumb Code   176  gpio.o(i.GPIOPadConfigSet)
    GPIOPinIntClear                          0x00000cfb   Thumb Code     6  gpio.o(i.GPIOPinIntClear)
    GPIOPinIntEnable                         0x00000d01   Thumb Code    12  gpio.o(i.GPIOPinIntEnable)
    GPIOPinIntStatus                         0x00000d0d   Thumb Code    14  gpio.o(i.GPIOPinIntStatus)
    GPIOPinRead                              0x00000d1b   Thumb Code     6  gpio.o(i.GPIOPinRead)
    GPIOPinTypeGPIOInput                     0x00000d21   Thumb Code    28  gpio.o(i.GPIOPinTypeGPIOInput)
    GPIOPinTypeGPIOOutput                    0x00000d3d   Thumb Code    28  gpio.o(i.GPIOPinTypeGPIOOutput)
    GPIOPinTypeI2C                           0x00000d59   Thumb Code    28  gpio.o(i.GPIOPinTypeI2C)
    GPIOPinTypePWM                           0x00000d75   Thumb Code    28  gpio.o(i.GPIOPinTypePWM)
    GPIOPinTypeUART                          0x00000d91   Thumb Code    28  gpio.o(i.GPIOPinTypeUART)
    GPIOPinWrite                             0x00000dad   Thumb Code     6  gpio.o(i.GPIOPinWrite)
    I2CMasterBusy                            0x00000db3   Thumb Code    12  i2c.o(i.I2CMasterBusy)
    I2CMasterControl                         0x00000dbf   Thumb Code     4  i2c.o(i.I2CMasterControl)
    I2CMasterDataGet                         0x00000dc3   Thumb Code     4  i2c.o(i.I2CMasterDataGet)
    I2CMasterDataPut                         0x00000dc7   Thumb Code     4  i2c.o(i.I2CMasterDataPut)
    I2CMasterErr                             0x00000dcb   Thumb Code    24  i2c.o(i.I2CMasterErr)
    I2CMasterInitExpClk                      0x00000de5   Thumb Code    42  i2c.o(i.I2CMasterInitExpClk)
    I2CMasterSlaveAddrSet                    0x00000e19   Thumb Code     8  i2c.o(i.I2CMasterSlaveAddrSet)
    InitializeEncoders                       0x00000e21   Thumb Code   118  encoder.o(i.InitializeEncoders)
    InitializeMCU                            0x00000ead   Thumb Code    44  init.o(i.InitializeMCU)
    InitializeMotors                         0x00000ee5   Thumb Code   176  motor.o(i.InitializeMotors)
    InitializeServos                         0x00000fb5   Thumb Code   244  servo.o(i.InitializeServos)
    IntEnable                                0x000010c9   Thumb Code   104  interrupt.o(i.IntEnable)
    IntMasterEnable                          0x00001131   Thumb Code    10  interrupt.o(i.IntMasterEnable)
    LSIntHandler                             0x0000113d   Thumb Code   154  linesensor.o(i.LSIntHandler)
    LockoutProtection                        0x000011ed   Thumb Code    34  init.o(i.LockoutProtection)
    PWMGenConfigure                          0x00001219   Thumb Code    38  pwm.o(i.PWMGenConfigure)
    PWMGenEnable                             0x0000123f   Thumb Code    10  pwm.o(i.PWMGenEnable)
    PWMGenPeriodSet                          0x00001249   Thumb Code    18  pwm.o(i.PWMGenPeriodSet)
    PWMOutputInvert                          0x0000125b   Thumb Code    16  pwm.o(i.PWMOutputInvert)
    PWMOutputState                           0x0000126b   Thumb Code    16  pwm.o(i.PWMOutputState)
    PWMPulseWidthSet                         0x0000127b   Thumb Code    32  pwm.o(i.PWMPulseWidthSet)
    SetMotorPowers                           0x0000129d   Thumb Code    52  motor.o(i.SetMotorPowers)
    SetServoPosition                         0x000012d5   Thumb Code    26  servo.o(i.SetServoPosition)
    SysCtlClockGet                           0x000012f9   Thumb Code   438  sysctl.o(i.SysCtlClockGet)
    SysCtlClockSet                           0x000014dd   Thumb Code   288  sysctl.o(i.SysCtlClockSet)
    SysCtlPWMClockSet                        0x00001615   Thumb Code    14  sysctl.o(i.SysCtlPWMClockSet)
    SysCtlPeripheralEnable                   0x00001629   Thumb Code    26  sysctl.o(i.SysCtlPeripheralEnable)
    SysCtlPeripheralPresent                  0x00001649   Thumb Code    50  sysctl.o(i.SysCtlPeripheralPresent)
    TimerConfigure                           0x00001689   Thumb Code    28  timer.o(i.TimerConfigure)
    TimerDisable                             0x000016a5   Thumb Code    16  timer.o(i.TimerDisable)
    TimerEnable                              0x000016b5   Thumb Code    14  timer.o(i.TimerEnable)
    TimerIntClear                            0x000016c3   Thumb Code     4  timer.o(i.TimerIntClear)
    TimerLoadSet                             0x000016c7   Thumb Code    18  timer.o(i.TimerLoadSet)
    TimerValueGet                            0x000016d9   Thumb Code    10  timer.o(i.TimerValueGet)
    UARTCharGet                              0x000016e3   Thumb Code    12  uart.o(i.UARTCharGet)
    UARTCharPut                              0x000016ef   Thumb Code    12  uart.o(i.UARTCharPut)
    UARTConfigSetExpClk                      0x000016fb   Thumb Code   110  uart.o(i.UARTConfigSetExpClk)
    UARTEnable                               0x00001769   Thumb Code    20  uart.o(i.UARTEnable)
    Wait                                     0x0000177d   Thumb Code    86  timer.o(i.Wait)
    __scatterload_copy                       0x000017e5   Thumb Code    14  handlers.o(i.__scatterload_copy)
    __scatterload_null                       0x000017f3   Thumb Code     2  handlers.o(i.__scatterload_null)
    __scatterload_zeroinit                   0x000017f5   Thumb Code    14  handlers.o(i.__scatterload_zeroinit)
    Region$$Table$$Base                      0x000018d0   Number         0  anon$$obj.o(Region$$Table)
    Region$$Table$$Limit                     0x000018f0   Number         0  anon$$obj.o(Region$$Table)
    g_ulTicksPerSecond                       0x2000000c   Data           4  init.o(.data)
    g_ulTicksPerUs                           0x20000010   Data           4  init.o(.data)
    g_ulPWMTicksPerSecond                    0x20000014   Data           4  init.o(.data)
    __initial_sp                             0x20000160   Data           0  startup.o(STACK)



==============================================================================

Memory Map of the image

  Image Entry point : 0x00000101

  Load Region LR_1 (Base: 0x00000000, Size: 0x0000192c, Max: 0xffffffff, ABSOLUTE)

    Execution Region ER_RO (Base: 0x00000000, Size: 0x000018f0, Max: 0xffffffff, ABSOLUTE)

    Base Addr    Size         Type   Attr      Idx    E Section Name        Object

    0x00000000   0x0000010c   Code   RO           57  * RESET               startup.o
    0x0000010c   0x00000000   Code   RO         1785  * .ARM.Collect$$$$00000000  mc_w.l(entry.o)
    0x0000010c   0x00000004   Code   RO         1788    .ARM.Collect$$$$00000001  mc_w.l(entry2.o)
    0x00000110   0x00000004   Code   RO         1791    .ARM.Collect$$$$00000004  mc_w.l(entry5.o)
    0x00000114   0x00000008   Code   RO         1792    .ARM.Collect$$$$00000007  mc_w.l(entry7.o)
    0x0000011c   0x00000004   Code   RO         1789    .ARM.Collect$$$$00002712  mc_w.l(entry2.o)
    0x00000120   0x00000006   Code   RO          549    .emb_text           driverlib.lib(sysctl.o)
    0x00000126   0x00000002   PAD
    0x00000128   0x0000001a   Code   RO         1311    .emb_text           driverlib.lib(cpu.o)
    0x00000142   0x00000002   PAD
    0x00000144   0x0000038c   Code   RO            1    .text               uartstdio.o
    0x000004d0   0x00000614   Code   RO           64    .text               i2cdemo.o
    0x00000ae4   0x00000024   Code   RO         1793    .text               mc_w.l(init.o)
    0x00000b08   0x000000e0   Code   RO         1264    i.EncoderInterruptHandler  RASLib.lib(encoder.o)
    0x00000be8   0x00000028   Code   RO          127    i.GPIODirModeSet    driverlib.lib(gpio.o)
    0x00000c10   0x0000003a   Code   RO          130    i.GPIOIntTypeSet    driverlib.lib(gpio.o)
    0x00000c4a   0x000000b0   Code   RO          132    i.GPIOPadConfigSet  driverlib.lib(gpio.o)
    0x00000cfa   0x00000006   Code   RO          134    i.GPIOPinIntClear   driverlib.lib(gpio.o)
    0x00000d00   0x0000000c   Code   RO          136    i.GPIOPinIntEnable  driverlib.lib(gpio.o)
    0x00000d0c   0x0000000e   Code   RO          137    i.GPIOPinIntStatus  driverlib.lib(gpio.o)
    0x00000d1a   0x00000006   Code   RO          138    i.GPIOPinRead       driverlib.lib(gpio.o)
    0x00000d20   0x0000001c   Code   RO          144    i.GPIOPinTypeGPIOInput  driverlib.lib(gpio.o)
    0x00000d3c   0x0000001c   Code   RO          145    i.GPIOPinTypeGPIOOutput  driverlib.lib(gpio.o)
    0x00000d58   0x0000001c   Code   RO          147    i.GPIOPinTypeI2C    driverlib.lib(gpio.o)
    0x00000d74   0x0000001c   Code   RO          149    i.GPIOPinTypePWM    driverlib.lib(gpio.o)
    0x00000d90   0x0000001c   Code   RO          153    i.GPIOPinTypeUART   driverlib.lib(gpio.o)
    0x00000dac   0x00000006   Code   RO          156    i.GPIOPinWrite      driverlib.lib(gpio.o)
    0x00000db2   0x0000000c   Code   RO          358    i.I2CMasterBusy     driverlib.lib(i2c.o)
    0x00000dbe   0x00000004   Code   RO          359    i.I2CMasterControl  driverlib.lib(i2c.o)
    0x00000dc2   0x00000004   Code   RO          360    i.I2CMasterDataGet  driverlib.lib(i2c.o)
    0x00000dc6   0x00000004   Code   RO          361    i.I2CMasterDataPut  driverlib.lib(i2c.o)
    0x00000dca   0x00000018   Code   RO          364    i.I2CMasterErr      driverlib.lib(i2c.o)
    0x00000de2   0x00000002   PAD
    0x00000de4   0x00000034   Code   RO          365    i.I2CMasterInitExpClk  driverlib.lib(i2c.o)
    0x00000e18   0x00000008   Code   RO          370    i.I2CMasterSlaveAddrSet  driverlib.lib(i2c.o)
    0x00000e20   0x0000008c   Code   RO         1267    i.InitializeEncoders  RASLib.lib(encoder.o)
    0x00000eac   0x00000038   Code   RO         1109    i.InitializeMCU     RASLib.lib(init.o)
    0x00000ee4   0x000000d0   Code   RO         1208    i.InitializeMotors  RASLib.lib(motor.o)
    0x00000fb4   0x00000114   Code   RO         1239    i.InitializeServos  RASLib.lib(servo.o)
    0x000010c8   0x00000068   Code   RO         1323    i.IntEnable         driverlib.lib(interrupt.o)
    0x00001130   0x0000000a   Code   RO         1325    i.IntMasterEnable   driverlib.lib(interrupt.o)
    0x0000113a   0x00000002   PAD
    0x0000113c   0x000000b0   Code   RO         1138    i.LSIntHandler      RASLib.lib(linesensor.o)
    0x000011ec   0x0000002c   Code   RO         1110    i.LockoutProtection  RASLib.lib(init.o)
    0x00001218   0x00000026   Code   RO         1413    i.PWMGenConfigure   driverlib.lib(pwm.o)
    0x0000123e   0x0000000a   Code   RO         1415    i.PWMGenEnable      driverlib.lib(pwm.o)
    0x00001248   0x00000012   Code   RO         1428    i.PWMGenPeriodSet   driverlib.lib(pwm.o)
    0x0000125a   0x00000010   Code   RO         1434    i.PWMOutputInvert   driverlib.lib(pwm.o)
    0x0000126a   0x00000010   Code   RO         1435    i.PWMOutputState    driverlib.lib(pwm.o)
    0x0000127a   0x00000020   Code   RO         1437    i.PWMPulseWidthSet  driverlib.lib(pwm.o)
    0x0000129a   0x00000002   PAD
    0x0000129c   0x00000038   Code   RO         1210    i.SetMotorPowers    RASLib.lib(motor.o)
    0x000012d4   0x00000024   Code   RO         1240    i.SetServoPosition  RASLib.lib(servo.o)
    0x000012f8   0x000001e4   Code   RO          554    i.SysCtlClockGet    driverlib.lib(sysctl.o)
    0x000014dc   0x00000138   Code   RO          555    i.SysCtlClockSet    driverlib.lib(sysctl.o)
    0x00001614   0x00000014   Code   RO          574    i.SysCtlPWMClockSet  driverlib.lib(sysctl.o)
    0x00001628   0x00000020   Code   RO          579    i.SysCtlPeripheralEnable  driverlib.lib(sysctl.o)
    0x00001648   0x00000040   Code   RO          580    i.SysCtlPeripheralPresent  driverlib.lib(sysctl.o)
    0x00001688   0x0000001c   Code   RO         1617    i.TimerConfigure    driverlib.lib(timer.o)
    0x000016a4   0x00000010   Code   RO         1623    i.TimerDisable      driverlib.lib(timer.o)
    0x000016b4   0x0000000e   Code   RO         1624    i.TimerEnable       driverlib.lib(timer.o)
    0x000016c2   0x00000004   Code   RO         1625    i.TimerIntClear     driverlib.lib(timer.o)
    0x000016c6   0x00000012   Code   RO         1632    i.TimerLoadSet      driverlib.lib(timer.o)
    0x000016d8   0x0000000a   Code   RO         1642    i.TimerValueGet     driverlib.lib(timer.o)
    0x000016e2   0x0000000c   Code   RO          822    i.UARTCharGet       driverlib.lib(uart.o)
    0x000016ee   0x0000000c   Code   RO          824    i.UARTCharPut       driverlib.lib(uart.o)
    0x000016fa   0x0000006e   Code   RO          828    i.UARTConfigSetExpClk  driverlib.lib(uart.o)
    0x00001768   0x00000014   Code   RO          833    i.UARTEnable        driverlib.lib(uart.o)
    0x0000177c   0x00000068   Code   RO         1071    i.Wait              RASLib.lib(timer.o)
    0x000017e4   0x0000000e   Code   RO         1797    i.__scatterload_copy  mc_w.l(handlers.o)
    0x000017f2   0x00000002   Code   RO         1798    i.__scatterload_null  mc_w.l(handlers.o)
    0x000017f4   0x0000000e   Code   RO         1799    i.__scatterload_zeroinit  mc_w.l(handlers.o)
    0x00001802   0x00000002   PAD
    0x00001804   0x0000001c   Data   RO            2    .constdata          uartstdio.o
    0x00001820   0x0000009c   Data   RO          592    .constdata          driverlib.lib(sysctl.o)
    0x000018bc   0x00000011   Data   RO            3    .conststring        uartstdio.o
    0x000018cd   0x00000003   PAD
    0x000018d0   0x00000020   Data   RO         1795    Region$$Table       anon$$obj.o


    Execution Region ER_RW (Base: 0x20000000, Size: 0x0000003c, Max: 0xffffffff, ABSOLUTE)

    Base Addr    Size         Type   Attr      Idx    E Section Name        Object

    0x20000000   0x00000005   Data   RW            4    .data               uartstdio.o
    0x20000005   0x00000001   PAD
    0x20000006   0x00000004   Data   RW           66    .data               i2cdemo.o
    0x2000000a   0x00000001   Data   RW         1073    .data               RASLib.lib(timer.o)
    0x2000000b   0x00000001   PAD
    0x2000000c   0x0000000c   Data   RW         1111    .data               RASLib.lib(init.o)
    0x20000018   0x00000008   Data   RW         1145    .data               RASLib.lib(linesensor.o)
    0x20000020   0x00000004   Data   RW         1211    .data               RASLib.lib(motor.o)
    0x20000024   0x00000008   Data   RW         1241    .data               RASLib.lib(servo.o)
    0x2000002c   0x00000010   Data   RW         1270    .data               RASLib.lib(encoder.o)


    Execution Region ER_ZI (Base: 0x2000003c, Size: 0x00000124, Max: 0xffffffff, ABSOLUTE)

    Base Addr    Size         Type   Attr      Idx    E Section Name        Object

    0x2000003c   0x00000020   Zero   RW           65    .bss                i2cdemo.o
    0x2000005c   0x00000004   PAD
    0x20000060   0x00000100   Zero   RW           55    STACK               startup.o


==============================================================================

Image component sizes


      Code (inc. data)   RO Data    RW Data    ZI Data      Debug   Object Name

      1556        230          0          4         32       3486   i2cdemo.o
       268        258          0          0        256        220   startup.o
       908         42         45          5          0       5331   uartstdio.o

    ----------------------------------------------------------------------
      2732        530         80         10        292       9037   Object Totals
         0          0         32          0          0          0   (incl. Generated)
         0          0          3          1          4          1   (incl. Padding)

    ----------------------------------------------------------------------

      Code (inc. data)   RO Data    RW Data    ZI Data      Debug   Library Member Name

       364         40          0         16          0       2315   encoder.o
       100         22          0         12          0       1086   init.o
       176         22          0          8          0       1855   linesensor.o
       264         36          0          4          0       2178   motor.o
       312         42          0          8          0       2162   servo.o
       104         18          0          1          0       3420   timer.o
        26          0          0          0          0        316   cpu.o
       458          0          0          0          0      10097   gpio.o
       108         10          0          0          0       3935   i2c.o
       114          0          0          0          0        994   interrupt.o
       130          0          0          0          0       3021   pwm.o
       918         96        156          0          0       4733   sysctl.o
        90          0          0          0          0       2797   timer.o
       154          0          0          0          0       2611   uart.o
         0          0          0          0          0          0   entry.o
         8          4          0          0          0          0   entry2.o
         4          0          0          0          0          0   entry5.o
         8          4          0          0          0          0   entry7.o
        30          0          0          0          0          0   handlers.o
        36          8          0          0          0         68   init.o

    ----------------------------------------------------------------------
      3416        302        156         50          0      41588   Library Totals
        12          0          0          1          0          0   (incl. Padding)

    ----------------------------------------------------------------------

      Code (inc. data)   RO Data    RW Data    ZI Data      Debug   Library Name

      1320        180          0         49          0      13016   RASLib.lib
      1998        106        156          0          0      28504   driverlib.lib
        86         16          0          0          0         68   mc_w.l

    ----------------------------------------------------------------------
      3416        302        156         50          0      41588   Library Totals

    ----------------------------------------------------------------------

==============================================================================


      Code (inc. data)   RO Data    RW Data    ZI Data      Debug   

      6148        832        236         60        292      48104   Grand Totals
      6148        832        236         60        292      48104   ELF Image Totals
      6148        832        236         60          0          0   ROM Totals

==============================================================================

    Total RO  Size (Code + RO Data)                 6384 (   6.23kB)
    Total RW  Size (RW Data + ZI Data)               352 (   0.34kB)
    Total ROM Size (Code + RO Data + RW Data)       6444 (   6.29kB)

==============================================================================

