<html>
<body>
<pre>
<h1>µVision Build Log</h1>
<h2>Project:</h2>
C:\Users\Cruz Monrreal II\Desktop\rasware\I2CDemo\I2CDemo.uvproj
Project File Date:  02/11/2011

<h2>Output:</h2>
Build target 'Target 1'
compiling uartstdio.c...
assembling Startup.s...
compiling I2CDemo.c...
linking...
Program Size: Code=6340 RO-data=236 RW-data=60 ZI-data=292  
"RobzDemo.axf" - 0 Error(s), 0 Warning(s).
Load "C:\\Users\\Cruz Monrreal II\\Desktop\\rasware\\I2CDemo\\RobzDemo.AXF" 
Warning: OSC to JTAG clock ratio violation - JTAG clock has been automatically adjusted to comply.
Connecting: Mode=JTAG, Speed=600000Hz
Erase Done.
Programming Done.
Verify OK.
Build target 'Target 1'
compiling uartstdio.c...
assembling Startup.s...
compiling I2CDemo.c...
linking...
Program Size: Code=6340 RO-data=236 RW-data=60 ZI-data=292  
"RobzDemo.axf" - 0 Error(s), 0 Warning(s).
Load "C:\\Users\\Cruz Monrreal II\\Desktop\\rasware\\I2CDemo\\RobzDemo.AXF" 
Warning: OSC to JTAG clock ratio violation - JTAG clock has been automatically adjusted to comply.
Connecting: Mode=JTAG, Speed=600000Hz
Erase Done.
Programming Done.
Verify OK.
Build target 'Target 1'
compiling uartstdio.c...
assembling Startup.s...
compiling I2CDemo.c...
linking...
Program Size: Code=6340 RO-data=236 RW-data=60 ZI-data=292  
"RobzDemo.axf" - 0 Error(s), 0 Warning(s).
Load "C:\\Users\\Cruz Monrreal II\\Desktop\\rasware\\I2CDemo\\RobzDemo.AXF" 
Warning: OSC to JTAG clock ratio violation - JTAG clock has been automatically adjusted to comply.
Connecting: Mode=JTAG, Speed=600000Hz
Erase Done.
Programming Done.
Verify OK.
Build target 'Target 1'
compiling uartstdio.c...
assembling Startup.s...
compiling I2CDemo.c...
linking...
Program Size: Code=6340 RO-data=236 RW-data=60 ZI-data=292  
"RobzDemo.axf" - 0 Error(s), 0 Warning(s).
Load "C:\\Users\\Cruz Monrreal II\\Desktop\\rasware\\I2CDemo\\RobzDemo.AXF" 
Warning: OSC to JTAG clock ratio violation - JTAG clock has been automatically adjusted to comply.
Connecting: Mode=JTAG, Speed=600000Hz
Erase Done.
Programming Done.
Verify OK.
Build target 'Target 1'
compiling uartstdio.c...
assembling Startup.s...
compiling I2CDemo.c...
linking...
Program Size: Code=6324 RO-data=236 RW-data=60 ZI-data=292  
"RobzDemo.axf" - 0 Error(s), 0 Warning(s).
Load "C:\\Users\\Cruz Monrreal II\\Desktop\\rasware\\I2CDemo\\RobzDemo.AXF" 
Warning: OSC to JTAG clock ratio violation - JTAG clock has been automatically adjusted to comply.
Connecting: Mode=JTAG, Speed=600000Hz
Erase Done.
Programming Done.
Verify OK.
Build target 'Target 1'
compiling uartstdio.c...
assembling Startup.s...
compiling I2CDemo.c...
linking...
Program Size: Code=6144 RO-data=236 RW-data=60 ZI-data=292  
"RobzDemo.axf" - 0 Error(s), 0 Warning(s).
Load "C:\\Users\\Cruz Monrreal II\\Desktop\\rasware\\I2CDemo\\RobzDemo.AXF" 
Warning: OSC to JTAG clock ratio violation - JTAG clock has been automatically adjusted to comply.
Connecting: Mode=JTAG, Speed=600000Hz
Erase Done.
Programming Done.
Verify OK.
Build target 'Target 1'
compiling uartstdio.c...
assembling Startup.s...
compiling I2CDemo.c...
linking...
Program Size: Code=6124 RO-data=236 RW-data=60 ZI-data=292  
"RobzDemo.axf" - 0 Error(s), 0 Warning(s).
Load "C:\\Users\\Cruz Monrreal II\\Desktop\\rasware\\I2CDemo\\RobzDemo.AXF" 
Warning: OSC to JTAG clock ratio violation - JTAG clock has been automatically adjusted to comply.
Connecting: Mode=JTAG, Speed=600000Hz
Erase Done.
Programming Done.
Verify OK.
Build target 'Target 1'
compiling uartstdio.c...
assembling Startup.s...
compiling I2CDemo.c...
linking...
Program Size: Code=6144 RO-data=236 RW-data=60 ZI-data=292  
"RobzDemo.axf" - 0 Error(s), 0 Warning(s).
Load "C:\\Users\\Cruz Monrreal II\\Desktop\\rasware\\I2CDemo\\RobzDemo.AXF" 
Warning: OSC to JTAG clock ratio violation - JTAG clock has been automatically adjusted to comply.
Connecting: Mode=JTAG, Speed=600000Hz
Erase Done.
Programming Done.
Verify OK.
Build target 'Target 1'
compiling uartstdio.c...
assembling Startup.s...
compiling I2CDemo.c...
linking...
Program Size: Code=6188 RO-data=236 RW-data=60 ZI-data=292  
"RobzDemo.axf" - 0 Error(s), 0 Warning(s).
Load "C:\\Users\\Cruz Monrreal II\\Desktop\\rasware\\I2CDemo\\RobzDemo.AXF" 
Warning: OSC to JTAG clock ratio violation - JTAG clock has been automatically adjusted to comply.
Connecting: Mode=JTAG, Speed=600000Hz
Erase Done.
Programming Done.
Verify OK.
Build target 'Target 1'
compiling uartstdio.c...
assembling Startup.s...
compiling I2CDemo.c...
I2CDemo.c(50): error:  #18: expected a ")"
Target not created
Build target 'Target 1'
compiling uartstdio.c...
assembling Startup.s...
compiling I2CDemo.c...
linking...
Program Size: Code=6216 RO-data=236 RW-data=60 ZI-data=292  
"RobzDemo.axf" - 0 Error(s), 0 Warning(s).
Load "C:\\Users\\Cruz Monrreal II\\Desktop\\rasware\\I2CDemo\\RobzDemo.AXF" 
Warning: OSC to JTAG clock ratio violation - JTAG clock has been automatically adjusted to comply.
Connecting: Mode=JTAG, Speed=600000Hz
Erase Done.
Programming Done.
Verify OK.
Build target 'Target 1'
compiling uartstdio.c...
assembling Startup.s...
compiling I2CDemo.c...
linking...
Program Size: Code=6224 RO-data=236 RW-data=60 ZI-data=292  
"RobzDemo.axf" - 0 Error(s), 0 Warning(s).
Load "C:\\Users\\Cruz Monrreal II\\Desktop\\rasware\\I2CDemo\\RobzDemo.AXF" 
Warning: OSC to JTAG clock ratio violation - JTAG clock has been automatically adjusted to comply.
Connecting: Mode=JTAG, Speed=600000Hz
Erase Done.
Programming Done.
Verify OK.
Build target 'Target 1'
compiling uartstdio.c...
assembling Startup.s...
compiling I2CDemo.c...
linking...
Program Size: Code=6228 RO-data=236 RW-data=60 ZI-data=292  
"RobzDemo.axf" - 0 Error(s), 0 Warning(s).
Load "C:\\Users\\Cruz Monrreal II\\Desktop\\rasware\\I2CDemo\\RobzDemo.AXF" 
Warning: OSC to JTAG clock ratio violation - JTAG clock has been automatically adjusted to comply.
Connecting: Mode=JTAG, Speed=600000Hz
Erase Done.
Programming Done.
Verify OK.
Build target 'Target 1'
compiling uartstdio.c...
assembling Startup.s...
compiling I2CDemo.c...
linking...
Program Size: Code=6168 RO-data=236 RW-data=60 ZI-data=292  
"RobzDemo.axf" - 0 Error(s), 0 Warning(s).
Load "C:\\Users\\Cruz Monrreal II\\Desktop\\rasware\\I2CDemo\\RobzDemo.AXF" 
Warning: OSC to JTAG clock ratio violation - JTAG clock has been automatically adjusted to comply.
Connecting: Mode=JTAG, Speed=600000Hz
Erase Done.
Programming Done.
Verify OK.
Build target 'Target 1'
compiling uartstdio.c...
assembling Startup.s...
compiling I2CDemo.c...
linking...
Program Size: Code=6176 RO-data=236 RW-data=60 ZI-data=292  
"RobzDemo.axf" - 0 Error(s), 0 Warning(s).
Load "C:\\Users\\Cruz Monrreal II\\Desktop\\rasware\\I2CDemo\\RobzDemo.AXF" 
Warning: OSC to JTAG clock ratio violation - JTAG clock has been automatically adjusted to comply.
Connecting: Mode=JTAG, Speed=600000Hz
Erase Done.
Programming Done.
Verify OK.
Build target 'Target 1'
compiling uartstdio.c...
assembling Startup.s...
compiling I2CDemo.c...
linking...
Program Size: Code=6148 RO-data=236 RW-data=60 ZI-data=292  
"RobzDemo.axf" - 0 Error(s), 0 Warning(s).
Load "C:\\Users\\Cruz Monrreal II\\Desktop\\rasware\\I2CDemo\\RobzDemo.AXF" 
Warning: OSC to JTAG clock ratio violation - JTAG clock has been automatically adjusted to comply.
Connecting: Mode=JTAG, Speed=600000Hz
Erase Done.
Programming Done.
Verify OK.
Build target 'Target 1'
compiling uartstdio.c...
assembling Startup.s...
compiling I2CDemo.c...
linking...
Program Size: Code=6148 RO-data=236 RW-data=60 ZI-data=292  
"RobzDemo.axf" - 0 Error(s), 0 Warning(s).
Load "C:\\Users\\Cruz Monrreal II\\Desktop\\rasware\\I2CDemo\\RobzDemo.AXF" 
Warning: OSC to JTAG clock ratio violation - JTAG clock has been automatically adjusted to comply.
Connecting: Mode=JTAG, Speed=600000Hz
Erase Done.
Programming Done.
Verify OK.
Build target 'Target 1'
compiling uartstdio.c...
assembling Startup.s...
compiling I2CDemo.c...
linking...
Program Size: Code=6148 RO-data=236 RW-data=60 ZI-data=292  
"RobzDemo.axf" - 0 Error(s), 0 Warning(s).
Load "C:\\Users\\Cruz Monrreal II\\Desktop\\rasware\\I2CDemo\\RobzDemo.AXF" 
Warning: OSC to JTAG clock ratio violation - JTAG clock has been automatically adjusted to comply.
Connecting: Mode=JTAG, Speed=600000Hz
Erase Done.
Programming Done.
Verify OK.
Build target 'Target 1'
compiling uartstdio.c...
assembling Startup.s...
compiling I2CDemo.c...
linking...
Program Size: Code=6156 RO-data=236 RW-data=60 ZI-data=292  
"RobzDemo.axf" - 0 Error(s), 0 Warning(s).
Load "C:\\Users\\Cruz Monrreal II\\Desktop\\rasware\\I2CDemo\\RobzDemo.AXF" 
Warning: OSC to JTAG clock ratio violation - JTAG clock has been automatically adjusted to comply.
Connecting: Mode=JTAG, Speed=600000Hz
Erase Done.
Programming Done.
Verify OK.
Build target 'Target 1'
compiling uartstdio.c...
assembling Startup.s...
compiling I2CDemo.c...
linking...
Program Size: Code=6156 RO-data=236 RW-data=60 ZI-data=292  
"RobzDemo.axf" - 0 Error(s), 0 Warning(s).
Load "C:\\Users\\Cruz Monrreal II\\Desktop\\rasware\\I2CDemo\\RobzDemo.AXF" 
Warning: OSC to JTAG clock ratio violation - JTAG clock has been automatically adjusted to comply.
Connecting: Mode=JTAG, Speed=600000Hz
Erase Done.
Programming Done.
Verify OK.
Build target 'Target 1'
compiling uartstdio.c...
assembling Startup.s...
compiling I2CDemo.c...
linking...
Program Size: Code=6164 RO-data=236 RW-data=60 ZI-data=292  
"RobzDemo.axf" - 0 Error(s), 0 Warning(s).
Load "C:\\Users\\Cruz Monrreal II\\Desktop\\rasware\\I2CDemo\\RobzDemo.AXF" 
Warning: OSC to JTAG clock ratio violation - JTAG clock has been automatically adjusted to comply.
Connecting: Mode=JTAG, Speed=600000Hz
Erase Done.
Programming Done.
Verify OK.
Build target 'Target 1'
compiling uartstdio.c...
assembling Startup.s...
compiling I2CDemo.c...
linking...
Program Size: Code=6172 RO-data=236 RW-data=60 ZI-data=292  
"RobzDemo.axf" - 0 Error(s), 0 Warning(s).
Load "C:\\Users\\Cruz Monrreal II\\Desktop\\rasware\\I2CDemo\\RobzDemo.AXF" 
Warning: OSC to JTAG clock ratio violation - JTAG clock has been automatically adjusted to comply.
Connecting: Mode=JTAG, Speed=600000Hz
Erase Done.
Programming Done.
Verify OK.
Build target 'Target 1'
compiling uartstdio.c...
assembling Startup.s...
compiling I2CDemo.c...
linking...
Program Size: Code=6160 RO-data=236 RW-data=60 ZI-data=292  
"RobzDemo.axf" - 0 Error(s), 0 Warning(s).
Load "C:\\Users\\Cruz Monrreal II\\Desktop\\rasware\\I2CDemo\\RobzDemo.AXF" 
Warning: OSC to JTAG clock ratio violation - JTAG clock has been automatically adjusted to comply.
Connecting: Mode=JTAG, Speed=600000Hz
Erase Done.
Programming Done.
Verify OK.
Build target 'Target 1'
compiling uartstdio.c...
assembling Startup.s...
compiling I2CDemo.c...
linking...
Program Size: Code=6176 RO-data=236 RW-data=60 ZI-data=292  
"RobzDemo.axf" - 0 Error(s), 0 Warning(s).
Load "C:\\Users\\Cruz Monrreal II\\Desktop\\rasware\\I2CDemo\\RobzDemo.AXF" 
Warning: OSC to JTAG clock ratio violation - JTAG clock has been automatically adjusted to comply.
Connecting: Mode=JTAG, Speed=600000Hz
Erase Done.
Programming Done.
Verify OK.
Build target 'Target 1'
compiling uartstdio.c...
assembling Startup.s...
compiling I2CDemo.c...
linking...
Program Size: Code=6176 RO-data=236 RW-data=60 ZI-data=292  
"RobzDemo.axf" - 0 Error(s), 0 Warning(s).
Load "C:\\Users\\Cruz Monrreal II\\Desktop\\rasware\\I2CDemo\\RobzDemo.AXF" 
Warning: OSC to JTAG clock ratio violation - JTAG clock has been automatically adjusted to comply.
Connecting: Mode=JTAG, Speed=600000Hz
Erase Done.
Programming Done.
Verify OK.
Build target 'Target 1'
compiling uartstdio.c...
assembling Startup.s...
compiling I2CDemo.c...
linking...
Program Size: Code=6128 RO-data=236 RW-data=60 ZI-data=292  
"RobzDemo.axf" - 0 Error(s), 0 Warning(s).
Load "C:\\Users\\Cruz Monrreal II\\Desktop\\rasware\\I2CDemo\\RobzDemo.AXF" 
Warning: OSC to JTAG clock ratio violation - JTAG clock has been automatically adjusted to comply.
Connecting: Mode=JTAG, Speed=600000Hz
Erase Done.
Programming Done.
Verify OK.
Build target 'Target 1'
compiling uartstdio.c...
assembling Startup.s...
compiling I2CDemo.c...
linking...
Program Size: Code=6128 RO-data=236 RW-data=60 ZI-data=292  
"RobzDemo.axf" - 0 Error(s), 0 Warning(s).
Load "C:\\Users\\Cruz Monrreal II\\Desktop\\rasware\\I2CDemo\\RobzDemo.AXF" 
Warning: OSC to JTAG clock ratio violation - JTAG clock has been automatically adjusted to comply.
Connecting: Mode=JTAG, Speed=600000Hz
Erase Done.
Programming Done.
Verify OK.
Build target 'Target 1'
compiling uartstdio.c...
assembling Startup.s...
compiling I2CDemo.c...
linking...
Program Size: Code=6128 RO-data=236 RW-data=60 ZI-data=292  
"RobzDemo.axf" - 0 Error(s), 0 Warning(s).
Load "C:\\Users\\Cruz Monrreal II\\Desktop\\rasware\\I2CDemo\\RobzDemo.AXF" 
Warning: OSC to JTAG clock ratio violation - JTAG clock has been automatically adjusted to comply.
Connecting: Mode=JTAG, Speed=600000Hz
Erase Done.
Programming Done.
Verify OK.
Build target 'Target 1'
compiling uartstdio.c...
assembling Startup.s...
compiling I2CDemo.c...
linking...
Program Size: Code=6128 RO-data=236 RW-data=60 ZI-data=292  
"RobzDemo.axf" - 0 Error(s), 0 Warning(s).
Load "C:\\Users\\Cruz Monrreal II\\Desktop\\rasware\\I2CDemo\\RobzDemo.AXF" 
Warning: OSC to JTAG clock ratio violation - JTAG clock has been automatically adjusted to comply.
Connecting: Mode=JTAG, Speed=600000Hz
Erase Done.
Programming Done.
Verify OK.
Build target 'Target 1'
compiling uartstdio.c...
assembling Startup.s...
compiling I2CDemo.c...
linking...
Program Size: Code=6128 RO-data=236 RW-data=60 ZI-data=292  
"RobzDemo.axf" - 0 Error(s), 0 Warning(s).
Load "C:\\Users\\Cruz Monrreal II\\Desktop\\rasware\\I2CDemo\\RobzDemo.AXF" 
Warning: OSC to JTAG clock ratio violation - JTAG clock has been automatically adjusted to comply.
Connecting: Mode=JTAG, Speed=600000Hz
Erase Done.
Programming Done.
Verify OK.
Build target 'Target 1'
compiling uartstdio.c...
assembling Startup.s...
compiling I2CDemo.c...
linking...
Program Size: Code=6148 RO-data=236 RW-data=60 ZI-data=292  
"RobzDemo.axf" - 0 Error(s), 0 Warning(s).
Load "C:\\Users\\Cruz Monrreal II\\Desktop\\rasware\\I2CDemo\\RobzDemo.AXF" 
Warning: OSC to JTAG clock ratio violation - JTAG clock has been automatically adjusted to comply.
Connecting: Mode=JTAG, Speed=600000Hz
Connection failed!, error code=&d
Build target 'Target 1'
compiling uartstdio.c...
assembling Startup.s...
compiling I2CDemo.c...
linking...
Program Size: Code=6148 RO-data=236 RW-data=60 ZI-data=292  
"RobzDemo.axf" - 0 Error(s), 0 Warning(s).
Load "C:\\Users\\Cruz Monrreal II\\Desktop\\rasware\\I2CDemo\\RobzDemo.AXF" 
Warning: OSC to JTAG clock ratio violation - JTAG clock has been automatically adjusted to comply.
Connecting: Mode=JTAG, Speed=600000Hz
Erase Done.
Programming Done.
Verify OK.
